[    0.000000] Initializing cgroup subsys cpuset
[    0.000000] Initializing cgroup subsys cpu
[    0.000000] Initializing cgroup subsys cpuacct
[    0.000000] Linux version 4.4.0-200-generic (buildd@lgw01-amd64-032) (gcc version 5.4.0 20160609 (Ubuntu 5.4.0-6ubuntu1~16.04.12) ) #232-Ubuntu SMP Wed Jan 13 10:18:39 UTC 2021 (Ubuntu 4.4.0-200.232-generic 4.4.244)
[    0.000000] Command line: BOOT_IMAGE=/boot/vmlinuz-4.4.0-200-generic root=LABEL=cloudimg-rootfs ro console=tty1 console=ttyS0
[    0.000000] KERNEL supported cpus:
[    0.000000]   Intel GenuineIntel
[    0.000000]   AMD AuthenticAMD
[    0.000000]   Centaur CentaurHauls
[    0.000000] x86/fpu: xstate_offset[2]:  576, xstate_sizes[2]:  256
[    0.000000] x86/fpu: Supporting XSAVE feature 0x01: 'x87 floating point registers'
[    0.000000] x86/fpu: Supporting XSAVE feature 0x02: 'SSE registers'
[    0.000000] x86/fpu: Supporting XSAVE feature 0x04: 'AVX registers'
[    0.000000] x86/fpu: Enabled xstate features 0x7, context size is 832 bytes, using 'standard' format.
[    0.000000] e820: BIOS-provided physical RAM map:
[    0.000000] BIOS-e820: [mem 0x0000000000000000-0x000000000009fbff] usable
[    0.000000] BIOS-e820: [mem 0x000000000009fc00-0x000000000009ffff] reserved
[    0.000000] BIOS-e820: [mem 0x00000000000f0000-0x00000000000fffff] reserved
[    0.000000] BIOS-e820: [mem 0x0000000000100000-0x000000003ffeffff] usable
[    0.000000] BIOS-e820: [mem 0x000000003fff0000-0x000000003fffffff] ACPI data
[    0.000000] BIOS-e820: [mem 0x00000000fec00000-0x00000000fec00fff] reserved
[    0.000000] BIOS-e820: [mem 0x00000000fee00000-0x00000000fee00fff] reserved
[    0.000000] BIOS-e820: [mem 0x00000000fffc0000-0x00000000ffffffff] reserved
[    0.000000] NX (Execute Disable) protection: active
[    0.000000] SMBIOS 2.5 present.
[    0.000000] Hypervisor detected: KVM
[    0.000000] e820: last_pfn = 0x3fff0 max_arch_pfn = 0x400000000
[    0.000000] MTRR: Disabled
[    0.000000] x86/PAT: MTRRs disabled, skipping PAT initialization too.
[    0.000000] CPU MTRRs all blank - virtualized system.
[    0.000000] x86/PAT: Configuration [0-7]: WB  WT  UC- UC  WB  WT  UC- UC  
[    0.000000] found SMP MP-table at [mem 0x0009fff0-0x0009ffff] mapped at [ffff88000009fff0]
[    0.000000] Scanning 1 areas for low memory corruption
[    0.000000] RAMDISK: [mem 0x362de000-0x37166fff]
[    0.000000] ACPI: Early table checksum verification disabled
[    0.000000] ACPI: RSDP 0x00000000000E0000 000024 (v02 VBOX  )
[    0.000000] ACPI: XSDT 0x000000003FFF0030 00003C (v01 VBOX   VBOXXSDT 00000001 ASL  00000061)
[    0.000000] ACPI: FACP 0x000000003FFF00F0 0000F4 (v04 VBOX   VBOXFACP 00000001 ASL  00000061)
[    0.000000] ACPI: DSDT 0x000000003FFF0470 002325 (v02 VBOX   VBOXBIOS 00000002 INTL 20100528)
[    0.000000] ACPI: FACS 0x000000003FFF0200 000040
[    0.000000] ACPI: FACS 0x000000003FFF0200 000040
[    0.000000] ACPI: APIC 0x000000003FFF0240 000054 (v02 VBOX   VBOXAPIC 00000001 ASL  00000061)
[    0.000000] ACPI: SSDT 0x000000003FFF02A0 0001CC (v01 VBOX   VBOXCPUT 00000002 INTL 20100528)
[    0.000000] No NUMA configuration found
[    0.000000] Faking a node at [mem 0x0000000000000000-0x000000003ffeffff]
[    0.000000] NODE_DATA(0) allocated [mem 0x3ffeb000-0x3ffeffff]
[    0.000000] kvm-clock: Using msrs 4b564d01 and 4b564d00
[    0.000000] kvm-clock: cpu 0, msr 0:3ffe3001, primary cpu clock
[    0.000000] kvm-clock: using sched offset of 4380316761 cycles
[    0.000000] clocksource: kvm-clock: mask: 0xffffffffffffffff max_cycles: 0x1cd42e4dffb, max_idle_ns: 881590591483 ns
[    0.000000] Zone ranges:
[    0.000000]   DMA      [mem 0x0000000000001000-0x0000000000ffffff]
[    0.000000]   DMA32    [mem 0x0000000001000000-0x000000003ffeffff]
[    0.000000]   Normal   empty
[    0.000000]   Device   empty
[    0.000000] Movable zone start for each node
[    0.000000] Early memory node ranges
[    0.000000]   node   0: [mem 0x0000000000001000-0x000000000009efff]
[    0.000000]   node   0: [mem 0x0000000000100000-0x000000003ffeffff]
[    0.000000] Initmem setup node 0 [mem 0x0000000000001000-0x000000003ffeffff]
[    0.000000] ACPI: PM-Timer IO Port: 0x4008
[    0.000000] IOAPIC[0]: apic_id 1, version 32, address 0xfec00000, GSI 0-23
[    0.000000] ACPI: INT_SRC_OVR (bus 0 bus_irq 0 global_irq 2 dfl dfl)
[    0.000000] ACPI: INT_SRC_OVR (bus 0 bus_irq 9 global_irq 9 low level)
[    0.000000] Using ACPI (MADT) for SMP configuration information
[    0.000000] smpboot: Allowing 1 CPUs, 0 hotplug CPUs
[    0.000000] PM: Registered nosave memory: [mem 0x00000000-0x00000fff]
[    0.000000] PM: Registered nosave memory: [mem 0x0009f000-0x0009ffff]
[    0.000000] PM: Registered nosave memory: [mem 0x000a0000-0x000effff]
[    0.000000] PM: Registered nosave memory: [mem 0x000f0000-0x000fffff]
[    0.000000] e820: [mem 0x40000000-0xfebfffff] available for PCI devices
[    0.000000] Booting paravirtualized kernel on KVM
[    0.000000] clocksource: refined-jiffies: mask: 0xffffffff max_cycles: 0xffffffff, max_idle_ns: 7645519600211568 ns
[    0.000000] setup_percpu: NR_CPUS:512 nr_cpumask_bits:512 nr_cpu_ids:1 nr_node_ids:1
[    0.000000] PERCPU: Embedded 33 pages/cpu @ffff88003fc00000 s95640 r8192 d31336 u2097152
[    0.000000] Built 1 zonelists in Node order, mobility grouping on.  Total pages: 257912
[    0.000000] Policy zone: DMA32
[    0.000000] Kernel command line: BOOT_IMAGE=/boot/vmlinuz-4.4.0-200-generic root=LABEL=cloudimg-rootfs ro console=tty1 console=ttyS0
[    0.000000] PID hash table entries: 4096 (order: 3, 32768 bytes)
[    0.000000] Memory: 997792K/1048120K available (8641K kernel code, 1337K rwdata, 4044K rodata, 1492K init, 1296K bss, 50328K reserved, 0K cma-reserved)
[    0.000000] SLUB: HWalign=64, Order=0-3, MinObjects=0, CPUs=1, Nodes=1
[    0.000000] Kernel/User page tables isolation: enabled
[    0.000000] Hierarchical RCU implementation.
[    0.000000] 	Build-time adjustment of leaf fanout to 64.
[    0.000000] 	RCU restricting CPUs from NR_CPUS=512 to nr_cpu_ids=1.
[    0.000000] RCU: Adjusting geometry for rcu_fanout_leaf=64, nr_cpu_ids=1
[    0.000000] NR_IRQS:33024 nr_irqs:256 16
[    0.000000] Console: colour VGA+ 80x25
[    0.000000] console [tty1] enabled
[    0.000000] console [ttyS0] enabled
[    0.000000] tsc: Detected 2903.998 MHz processor
[    0.167692] Calibrating delay loop (skipped) preset value.. 5807.99 BogoMIPS (lpj=11615992)
[    0.169218] pid_max: default: 32768 minimum: 301
[    0.170033] ACPI: Core revision 20150930
[    0.172534] ACPI: 2 ACPI AML tables successfully acquired and loaded
[    0.173700] Security Framework initialized
[    0.174449] Yama: becoming mindful.
[    0.175126] AppArmor: AppArmor initialized
[    0.175976] Dentry cache hash table entries: 131072 (order: 8, 1048576 bytes)
[    0.181415] Inode-cache hash table entries: 65536 (order: 7, 524288 bytes)
[    0.182607] Mount-cache hash table entries: 2048 (order: 2, 16384 bytes)
[    0.183715] Mountpoint-cache hash table entries: 2048 (order: 2, 16384 bytes)
[    0.184985] Initializing cgroup subsys io
[    0.185727] Initializing cgroup subsys memory
[    0.186508] Initializing cgroup subsys devices
[    0.187314] Initializing cgroup subsys freezer
[    0.188113] Initializing cgroup subsys net_cls
[    0.188905] Initializing cgroup subsys perf_event
[    0.189729] Initializing cgroup subsys net_prio
[    0.190530] Initializing cgroup subsys hugetlb
[    0.191352] Initializing cgroup subsys pids
[    0.193095] mce: CPU supports 0 MCE banks
[    0.193850] process: using mwait in idle threads
[    0.194668] Last level iTLB entries: 4KB 128, 2MB 8, 4MB 8
[    0.195615] Last level dTLB entries: 4KB 64, 2MB 0, 4MB 0, 1GB 4
[    0.196605] Spectre V1 : Mitigation: usercopy/swapgs barriers and __user pointer sanitization
[    0.198086] Spectre V2 : Mitigation: Full generic retpoline
[    0.199022] Spectre V2 : Spectre v2 / SpectreRSB mitigation: Filling RSB on context switch
[    0.200499] Speculative Store Bypass: Vulnerable
[    0.201311] SRBDS: Unknown: Dependent on hypervisor status
[    0.202313] MDS: Vulnerable: Clear CPU buffers attempted, no microcode
[    0.224475] Freeing SMP alternatives memory: 36K
[    0.231270] ftrace: allocating 32360 entries in 127 pages
[    0.326845] smpboot: APIC(0) Converting physical 0 to logical package 0
[    0.328290] smpboot: Max logical packages: 1
[    0.329284] x2apic enabled
[    0.330061] Switched APIC routing to physical x2apic.
[    0.331955] ..TIMER: vector=0x30 apic1=0 pin1=2 apic2=-1 pin2=-1
[    0.441083] smpboot: CPU0: Intel(R) Core(TM) i5-9400F CPU @ 2.90GHz (family: 0x6, model: 0x9e, stepping: 0xa)
[    0.443152] Performance Events: unsupported p6 CPU model 158 no PMU driver, software events only.
[    0.453486] KVM setup paravirtual spinlock
[    0.454793] x86: Booted up 1 node, 1 CPUs
[    0.455561] smpboot: Total of 1 processors activated (5807.99 BogoMIPS)
[    0.457052] devtmpfs: initialized
[    0.459362] evm: security.selinux
[    0.460208] evm: security.SMACK64
[    0.460965] evm: security.SMACK64EXEC
[    0.461689] evm: security.SMACK64TRANSMUTE
[    0.462440] evm: security.SMACK64MMAP
[    0.463131] evm: security.ima
[    0.463728] evm: security.capability
[    0.464524] clocksource: jiffies: mask: 0xffffffff max_cycles: 0xffffffff, max_idle_ns: 7645041785100000 ns
[    0.466279] futex hash table entries: 256 (order: 2, 16384 bytes)
[    0.467368] pinctrl core: initialized pinctrl subsystem
[    0.468437] RTC time: 16:51:15, date: 01/29/21
[    0.469415] NET: Registered protocol family 16
[    0.470350] cpuidle: using governor ladder
[    0.471100] cpuidle: using governor menu
[    0.471830] PCCT header not found.
[    0.472543] ACPI: bus type PCI registered
[    0.473413] acpiphp: ACPI Hot Plug PCI Controller Driver version: 0.5
[    0.474795] PCI: Using configuration type 1 for base access
[    0.477984] ACPI: Added _OSI(Module Device)
[    0.479309] ACPI: Added _OSI(Processor Device)
[    0.481317] ACPI: Added _OSI(3.0 _SCP Extensions)
[    0.482352] ACPI: Added _OSI(Processor Aggregator Device)
[    0.484652] ACPI: Executed 1 blocks of module-level executable AML code
[    0.495351] ACPI: Interpreter enabled
[    0.496097] ACPI: (supports S0 S5)
[    0.496758] ACPI: Using IOAPIC for interrupt routing
[    0.497841] PCI: Using host bridge windows from ACPI; if necessary, use "pci=nocrs" and report a bug
[    0.502761] ACPI: PCI Root Bridge [PCI0] (domain 0000 [bus 00-ff])
[    0.503815] acpi PNP0A03:00: _OSC: OS supports [ASPM ClockPM Segments MSI]
[    0.505563] acpi PNP0A03:00: _OSC: not requesting OS control; OS requires [ExtendedConfig ASPM ClockPM MSI]
[    0.508724] acpi PNP0A03:00: fail to add MMCONFIG information, can't access extended PCI configuration space under this bridge.
[    0.511006] PCI host bridge to bus 0000:00
[    0.511764] pci_bus 0000:00: root bus resource [io  0x0000-0x0cf7 window]
[    0.512891] pci_bus 0000:00: root bus resource [io  0x0d00-0xffff window]
[    0.514033] pci_bus 0000:00: root bus resource [mem 0x000a0000-0x000bffff window]
[    0.515442] pci_bus 0000:00: root bus resource [mem 0x40000000-0xfdffffff window]
[    0.516908] pci_bus 0000:00: root bus resource [bus 00-ff]
[    0.519572] pci 0000:00:01.1: legacy IDE quirk: reg 0x10: [io  0x01f0-0x01f7]
[    0.521698] pci 0000:00:01.1: legacy IDE quirk: reg 0x14: [io  0x03f6]
[    0.522776] pci 0000:00:01.1: legacy IDE quirk: reg 0x18: [io  0x0170-0x0177]
[    0.523933] pci 0000:00:01.1: legacy IDE quirk: reg 0x1c: [io  0x0376]
[    0.542575] pci 0000:00:07.0: quirk: [io  0x4000-0x403f] claimed by PIIX4 ACPI
[    0.543949] pci 0000:00:07.0: quirk: [io  0x4100-0x410f] claimed by PIIX4 SMB
[    0.550969] ACPI: PCI Interrupt Link [LNKA] (IRQs 5 9 10 *11)
[    0.555087] ACPI: PCI Interrupt Link [LNKB] (IRQs 5 9 *10 11)
[    0.556997] ACPI: PCI Interrupt Link [LNKC] (IRQs 5 *9 10 11)
[    0.558361] ACPI: PCI Interrupt Link [LNKD] (IRQs 5 9 10 *11)
[    0.559763] ACPI: Enabled 2 GPEs in block 00 to 07
[    0.560837] vgaarb: setting as boot device: PCI:0000:00:02.0
[    0.561816] vgaarb: device added: PCI:0000:00:02.0,decodes=io+mem,owns=io+mem,locks=none
[    0.563290] vgaarb: loaded
[    0.563875] vgaarb: bridge control possible 0000:00:02.0
[    0.564987] SCSI subsystem initialized
[    0.565768] ACPI: bus type USB registered
[    0.566519] usbcore: registered new interface driver usbfs
[    0.567464] usbcore: registered new interface driver hub
[    0.568429] usbcore: registered new device driver usb
[    0.569447] PCI: Using ACPI for IRQ routing
[    0.570467] NetLabel: Initializing
[    0.571144] NetLabel:  domain hash size = 128
[    0.572068] NetLabel:  protocols = UNLABELED CIPSOv4
[    0.574265] NetLabel:  unlabeled traffic allowed by default
[    0.576176] amd_nb: Cannot enumerate AMD northbridges
[    0.577187] clocksource: Switched to clocksource kvm-clock
[    0.590868] AppArmor: AppArmor Filesystem Enabled
[    0.592033] pnp: PnP ACPI init
[    0.593547] pnp: PnP ACPI: found 3 devices
[    0.604480] clocksource: acpi_pm: mask: 0xffffff max_cycles: 0xffffff, max_idle_ns: 2085701024 ns
[    0.606198] NET: Registered protocol family 2
[    0.607214] TCP established hash table entries: 8192 (order: 4, 65536 bytes)
[    0.608607] TCP bind hash table entries: 8192 (order: 5, 131072 bytes)
[    0.609805] TCP: Hash tables configured (established 8192 bind 8192)
[    0.610967] UDP hash table entries: 512 (order: 2, 16384 bytes)
[    0.612027] UDP-Lite hash table entries: 512 (order: 2, 16384 bytes)
[    0.613310] NET: Registered protocol family 1
[    0.614105] pci 0000:00:00.0: Limiting direct PCI/PCI transfers
[    0.615169] pci 0000:00:01.0: Activating ISA DMA hang workarounds
[    0.616368] Unpacking initramfs...
[    0.846771] Freeing initrd memory: 14884K
[    0.847761] clocksource: tsc: mask: 0xffffffffffffffff max_cycles: 0x29dc03c1beb, max_idle_ns: 440795205215 ns
[    0.849512] platform rtc_cmos: registered platform RTC device (no PNP device found)
[    0.850975] Scanning for low memory corruption every 60 seconds
[    0.852163] audit: initializing netlink subsys (disabled)
[    0.853106] audit: type=2000 audit(1611939082.245:1): initialized
[    0.854416] Initialise system trusted keyring
[    0.855287] HugeTLB registered 2 MB page size, pre-allocated 0 pages
[    0.857432] zbud: loaded
[    0.858278] VFS: Disk quotas dquot_6.6.0
[    0.859034] VFS: Dquot-cache hash table entries: 512 (order 0, 4096 bytes)
[    0.860338] squashfs: version 4.0 (2009/01/31) Phillip Lougher
[    0.861526] fuse init (API version 7.23)
[    0.862392] Key type big_key registered
[    0.863148] Allocating IMA MOK and blacklist keyrings.
[    0.864201] Key type asymmetric registered
[    0.864956] Asymmetric key parser 'x509' registered
[    0.865885] Block layer SCSI generic (bsg) driver version 0.4 loaded (major 249)
[    0.867287] io scheduler noop registered
[    0.868018] io scheduler deadline registered (default)
[    0.868936] io scheduler cfq registered
[    0.869755] pci_hotplug: PCI Hot Plug PCI Core version: 0.5
[    0.870714] pciehp: PCI Express Hot Plug Controller Driver version: 0.4
[    0.871913] ACPI: AC Adapter [AC] (on-line)
[    0.872718] input: Power Button as /devices/LNXSYSTM:00/LNXPWRBN:00/input/input0
[    0.874157] ACPI: Power Button [PWRF]
[    0.874913] input: Sleep Button as /devices/LNXSYSTM:00/LNXSLPBN:00/input/input1
[    0.876287] ACPI: Sleep Button [SLPF]
[    0.877146] GHES: HEST is not enabled!
[    0.878387] Serial: 8250/16550 driver, 32 ports, IRQ sharing enabled
[    0.900079] 00:02: ttyS0 at I/O 0x3f8 (irq = 4, base_baud = 115200) is a 16550A
[    0.902708] Linux agpgart interface v0.103
[    0.904654] loop: module loaded
[    0.906231] scsi host0: ata_piix
[    0.906920] scsi host1: ata_piix
[    0.907775] ata1: PATA max UDMA/33 cmd 0x1f0 ctl 0x3f6 bmdma 0xd000 irq 14
[    0.909257] ata2: PATA max UDMA/33 cmd 0x170 ctl 0x376 bmdma 0xd008 irq 15
[    0.911321] libphy: Fixed MDIO Bus: probed
[    0.912525] tun: Universal TUN/TAP device driver, 1.6
[    0.913674] tun: (C) 1999-2004 Max Krasnyansky <maxk@qualcomm.com>
[    0.915511] PPP generic driver version 2.4.2
[    0.916444] ehci_hcd: USB 2.0 'Enhanced' Host Controller (EHCI) Driver
[    0.917513] ehci-pci: EHCI PCI platform driver
[    0.923412] ehci-platform: EHCI generic platform driver
[    0.924408] ohci_hcd: USB 1.1 'Open' Host Controller (OHCI) Driver
[    0.928498] ohci-pci: OHCI PCI platform driver
[    0.929413] ohci-platform: OHCI generic platform driver
[    0.930424] uhci_hcd: USB Universal Host Controller Interface driver
[    0.931526] i8042: PNP: PS/2 Controller [PNP0303:PS2K,PNP0f03:PS2M] at 0x60,0x64 irq 1,12
[    0.933492] serio: i8042 KBD port at 0x60,0x64 irq 1
[    0.934385] serio: i8042 AUX port at 0x60,0x64 irq 12
[    0.935383] mousedev: PS/2 mouse device common for all mice
[    0.936816] input: AT Translated Set 2 keyboard as /devices/platform/i8042/serio0/input/input2
[    0.938869] rtc_cmos rtc_cmos: rtc core: registered rtc_cmos as rtc0
[    0.940004] rtc_cmos rtc_cmos: alarms up to one day, 114 bytes nvram
[    0.941057] i2c /dev entries driver
[    0.941849] device-mapper: uevent: version 1.0.3
[    0.942730] device-mapper: ioctl: 4.34.0-ioctl (2015-10-28) initialised: dm-devel@redhat.com
[    0.944301] ledtrig-cpu: registered to indicate activity on CPUs
[    0.945527] NET: Registered protocol family 10
[    0.946535] NET: Registered protocol family 17
[    0.947350] Key type dns_resolver registered
[    0.948309] registered taskstats version 1
[    0.949095] Loading compiled-in X.509 certificates
[    0.950413] Loaded X.509 cert 'Build time autogenerated kernel key: d37465c24ef3fae6c7088e8c56d8ac7755b77486'
[    0.952166] zswap: loaded using pool lzo/zbud
[    0.954133] Key type trusted registered
[    0.957013] Key type encrypted registered
[    0.957836] AppArmor: AppArmor sha1 policy hashing enabled
[    0.959018] ima: No TPM chip found, activating TPM-bypass!
[    0.960172] ima: Allocated hash algorithm: sha1
[    0.961252] evm: HMAC attrs: 0x1
[    0.962404]   Magic number: 5:186:895
[    0.963447] rtc_cmos rtc_cmos: setting system clock to 2021-01-29 16:51:16 UTC (1611939076)
[    0.965095] BIOS EDD facility v0.16 2004-Jun-25, 0 devices found
[    0.966144] EDD information not available.
[    1.089811] Freeing unused kernel memory: 1492K
[    1.090643] Write protecting the kernel read-only data: 14336k
[    1.091841] Freeing unused kernel memory: 1588K
[    1.092735] Freeing unused kernel memory: 52K
Loading, please wait...
starting version 229
[    1.102226] random: udevadm: uninitialized urandom read (16 bytes read, 3 bits of entropy available)
[    1.103853] random: udevadm: uninitialized urandom read (16 bytes read, 3 bits of entropy available)
[    1.106363] random: systemd-udevd: uninitialized urandom read (16 bytes read, 3 bits of entropy available)
[    1.108155] random: systemd-udevd: uninitialized urandom read (16 bytes read, 3 bits of entropy available)
[    1.109893] random: systemd-udevd: uninitialized urandom read (16 bytes read, 3 bits of entropy available)
[    1.111590] random: systemd-udevd: uninitialized urandom read (16 bytes read, 3 bits of entropy available)
[    1.118383] random: systemd-udevd: uninitialized urandom read (16 bytes read, 3 bits of entropy available)
[    1.120094] random: systemd-udevd: uninitialized urandom read (16 bytes read, 3 bits of entropy available)
[    1.121839] random: systemd-udevd: uninitialized urandom read (16 bytes read, 3 bits of entropy available)
[    1.125344] random: systemd-udevd: uninitialized urandom read (16 bytes read, 3 bits of entropy available)
[    1.183086] e1000: Intel(R) PRO/1000 Network Driver - version 7.3.21-k8-NAPI
[    1.184255] e1000: Copyright (c) 1999-2006 Intel Corporation.
[    1.188669] Fusion MPT base driver 3.04.20
[    1.189433] Copyright (c) 1999-2008 LSI Corporation
[    1.222356] Fusion MPT SPI Host driver 3.04.20
[    1.226219] AVX2 version of gcm_enc/dec engaged.
[    1.227043] AES CTR mode by8 optimization enabled
[    1.402776] input: ImExPS/2 Generic Explorer Mouse as /devices/platform/i8042/serio1/input/input4
[    1.578218] e1000 0000:00:03.0 eth0: (PCI:33MHz:32-bit) 02:95:c5:cf:8a:88
[    1.579529] e1000 0000:00:03.0 eth0: Intel(R) PRO/1000 Network Connection
[    1.581164] mptbase: ioc0: Initiating bringup
[    1.646028] ioc0: LSI53C1030 A0: Capabilities={Initiator}
[    1.806620] scsi host2: ioc0: LSI53C1030 A0, FwRev=00000000h, Ports=1, MaxQ=256, IRQ=20
[    1.918265] scsi 2:0:0:0: Direct-Access     VBOX     HARDDISK         1.0  PQ: 0 ANSI: 5
[    1.919735] scsi target2:0:0: Beginning Domain Validation
[    1.921987] scsi target2:0:0: Domain Validation skipping write tests
[    1.923038] scsi target2:0:0: Ending Domain Validation
[    1.923992] scsi target2:0:0: asynchronous
[    1.925269] scsi 2:0:1:0: Direct-Access     VBOX     HARDDISK         1.0  PQ: 0 ANSI: 5
[    1.926728] scsi target2:0:1: Beginning Domain Validation
[    1.928304] scsi target2:0:1: Domain Validation skipping write tests
[    1.929350] scsi target2:0:1: Ending Domain Validation
[    1.930379] scsi target2:0:1: asynchronous
[    1.938306] sd 2:0:0:0: Attached scsi generic sg0 type 0
[    1.939278] sd 2:0:0:0: [sda] 20971520 512-byte logical blocks: (10.7 GB/10.0 GiB)
[    1.953573] sd 2:0:1:0: Attached scsi generic sg1 type 0
[    1.954619] sd 2:0:1:0: [sdb] 20480 512-byte logical blocks: (10.5 MB/10.0 MiB)
[    1.956227] sd 2:0:1:0: [sdb] Write Protect is off
[    1.957264] sd 2:0:1:0: [sdb] Incomplete mode parameter data
[    1.958584] sd 2:0:1:0: [sdb] Assuming drive cache: write through
[    1.977828] sd 2:0:0:0: [sda] Write Protect is off
[    1.982901] sd 2:0:0:0: [sda] Incomplete mode parameter data
[    1.983928] sd 2:0:0:0: [sda] Assuming drive cache: write through
[    1.993856]  sda: sda1
[    1.994778] sd 2:0:0:0: [sda] Attached SCSI disk
[    1.995934] sd 2:0:1:0: [sdb] Attached SCSI disk
[    2.301855] e1000 0000:00:08.0 eth1: (PCI:33MHz:32-bit) 08:00:27:a6:c3:80
[    2.303074] e1000 0000:00:08.0 eth1: Intel(R) PRO/1000 Network Connection
[    2.305069] e1000 0000:00:08.0 enp0s8: renamed from eth1
[    2.307333] e1000 0000:00:03.0 enp0s3: renamed from eth0
Begin: Loading essential drivers ... [    3.605245] md: linear personality registered for level -1
[    3.608126] md: multipath personality registered for level -4
[    3.611459] md: raid0 personality registered for level 0
[    3.615554] md: raid1 personality registered for level 1
[    3.685672] raid6: sse2x1   gen() 12882 MB/s
[    3.753509] raid6: sse2x1   xor() 10116 MB/s
[    3.821330] raid6: sse2x2   gen() 16765 MB/s
[    3.889778] raid6: sse2x2   xor() 10105 MB/s
[    3.957489] raid6: sse2x4   gen() 19296 MB/s
[    4.025317] raid6: sse2x4   xor() 12626 MB/s
[    4.093634] raid6: avx2x1   gen() 27250 MB/s
[    4.161955] raid6: avx2x2   gen() 31420 MB/s
[    4.229307] raid6: avx2x4   gen() 34435 MB/s
[    4.230174] raid6: using algorithm avx2x4 gen() 34435 MB/s
[    4.231205] raid6: using avx2x2 recovery algorithm
[    4.233502] xor: automatically using best checksumming function:
[    4.273217]    avx       : 30436.000 MB/sec
[    4.275246] async_tx: api initialized (async)
[    4.284633] md: raid6 personality registered for level 6
[    4.285595] md: raid5 personality registered for level 5
[    4.286502] md: raid4 personality registered for level 4
[    4.292175] md: raid10 personality registered for level 10
done.
Begin: Running /scripts/init-premount ... done.
Begin: Mounting root file system ... Begin: Running /scripts/local-top ... done.
Begin: Running /scripts/local-premount ... [    4.323580] Btrfs loaded
Scanning for Btrfs filesystems
done.
Warning: fsck not present, so skipping root file system
[    4.386805] EXT4-fs (sda1): mounted filesystem with ordered data mode. Opts: (null)
done.
Begin: Running /scripts/local-bottom ... done.
Begin: Running /scripts/init-bottom ... done.
[    4.688138] systemd[1]: systemd 229 running in system mode. (+PAM +AUDIT +SELINUX +IMA +APPARMOR +SMACK +SYSVINIT +UTMP +LIBCRYPTSETUP +GCRYPT +GNUTLS +ACL +XZ -LZ4 +SECCOMP +BLKID +ELFUTILS +KMOD -IDN)
[    4.691199] systemd[1]: Detected virtualization oracle.
[    4.692135] systemd[1]: Detected architecture x86-64.

Welcome to [1mUbuntu 16.04.7 LTS[0m!

[    4.718164] systemd[1]: Set hostname to <ubuntu>.
[    4.745592] systemd[1]: Initializing machine ID from random generator.
[    4.746771] systemd[1]: Installed transient /etc/machine-id file.
[    4.973540] random: nonblocking pool is initialized
[    5.124866] systemd[1]: Started Trigger resolvconf update for networkd DNS.
[[0;32m  OK  [0m] Started Trigger resolvconf update for networkd DNS.
[    5.134242] systemd[1]: Listening on Journal Socket.
[[0;32m  OK  [0m] Listening on Journal Socket.
[    5.135748] systemd[1]: Listening on /dev/initctl Compatibility Named Pipe.
[[0;32m  OK  [0m] Listening on /dev/initctl Compatibility Named Pipe.
[    5.137509] systemd[1]: Reached target User and Group Name Lookups.
[[0;32m  OK  [0m] Reached target User and Group Name Lookups.
[    5.145887] systemd[1]: Reached target Encrypted Volumes.
[[0;32m  OK  [0m] Reached target Encrypted Volumes.
[    5.147397] systemd[1]: Reached target Swap.
[[0;32m  OK  [0m] Reached target Swap.
[    5.153708] systemd[1]: Started Forward Password Requests to Wall Directory Watch.
[[0;32m  OK  [0m] Started Forward Password Requests to Wall Directory Watch.
[    5.161589] systemd[1]: Listening on LVM2 metadata daemon socket.
[[0;32m  OK  [0m] Listening on LVM2 metadata daemon socket.
[    5.169408] systemd[1]: Listening on Journal Audit Socket.
[[0;32m  OK  [0m] Listening on Journal Audit Socket.
[    5.171040] systemd[1]: Listening on Journal Socket (/dev/log).
[[0;32m  OK  [0m] Listening on Journal Socket (/dev/log).
[    5.178236] systemd[1]: Set up automount Arbitrary Executable File Formats File System Automount Point.
[[0;32m  OK  [0m] Set up automount Arbitrary Executab...ats File System Automount Point.
[    5.185900] systemd[1]: Listening on udev Kernel Socket.
[[0;32m  OK  [0m] Listening on udev Kernel Socket.
[    5.187518] systemd[1]: Listening on udev Control Socket.
[[0;32m  OK  [0m] Listening on udev Control Socket.
[    5.193806] systemd[1]: Listening on LVM2 poll daemon socket.
[[0;32m  OK  [0m] Listening on LVM2 poll daemon socket.
[    5.201589] systemd[1]: Reached target System Time Synchronized.
[[0;32m  OK  [0m] Reached target System Time Synchronized.
[    5.209658] systemd[1]: Created slice User and Session Slice.
[[0;32m  OK  [0m] Created slice User and Session Slice.
[    5.218196] systemd[1]: Listening on Syslog Socket.
[[0;32m  OK  [0m] Listening on Syslog Socket.
[    5.225973] systemd[1]: Listening on Device-mapper event daemon FIFOs.
[[0;32m  OK  [0m] Listening on Device-mapper event daemon FIFOs.
[    5.228168] systemd[1]: Created slice System Slice.
[[0;32m  OK  [0m] Created slice System Slice.
[    5.238127] systemd[1]: Starting Uncomplicated firewall...
         Starting Uncomplicated firewall...
[    5.240244] systemd[1]: Starting Remount Root and Kernel File Systems...
         Starting Remount Root and Kernel File Systems...
[    5.243532] systemd[1]: Starting Journal Service...
         Starting Journal Service...
[    5.245842] systemd[1]: Created slice system-serial\x2dgetty.slice.
[[0;32m  OK  [0m] Created slice system-serial\x2dgetty.slice.
[    5.259478] systemd[1]: Starting Create list of required static device nodes for the current kernel...
         Starting Create list of required st... nodes for the current kernel...
[    5.263022] systemd[1]: Reached target Slices.
[[0;32m  OK  [0m] Reached target Slices.
[    5.265960] systemd[1]: Starting Monitoring of LVM2 mirrors, snapshots etc. using dmeventd or progress polling...
         Starting Monitoring of LVM2 mirrors... dmeventd or progress polling...
[    5.269908] systemd[1]: Starting Set console keymap...
         Starting Set console keymap...
[    5.277085] EXT4-fs (sda1): re-mounted. Opts: (null)
[    5.279631] systemd[1]: Starting Nameserver information manager...
         Starting Nameserver information manager...
[    5.295612] systemd[1]: Starting Load Kernel Modules...
         Starting Load Kernel Modules...
[    5.297774] systemd[1]: Mounting POSIX Message Queue File System...
         Mounting POSIX Message Queue File System...
[    5.300437] systemd[1]: Mounting Debug File System...
         Mounting Debug File System...
[    5.304810] systemd[1]: Mounting Huge Pages File System...
         Mounting Huge Pages File System...
[    5.310478] systemd[1]: Mounted Debug File System.
[[0;32m  OK  [0m] Mounted Debug File System.
[    5.312126] systemd[1]: Mounted Huge Pages File System.
[[0;32m  OK  [0m] Mounted Huge Pages File System.
[    5.314822] systemd[1]: Mounted POSIX Message Queue File System.
[[0;32m  OK  [0m] Mounted POSIX Message Queue File System.
[    5.325875] systemd[1]: Started Uncomplicated firewall.
[[0;32m  OK  [0m] Started Uncomplicated firewall.
[    5.328090] systemd[1]: Started Remount Root and Kernel File Systems.
[[0;32m  OK  [0m] Started Remount Root and Kernel File Systems.
[    5.330819] systemd[1]: Started Create list of required static device nodes for the current kernel.
[[0;32m  OK  [0m] Started Create list of required sta...ce nodes for the current kernel.
[    5.337005] systemd[1]: Starting Create Static Device Nodes in /dev...
         Starting Create Static Device Nodes in /dev...
[    5.345739] systemd[1]: Starting Load/Save Random Seed...
         Starting Load/Save Random Seed...
[    5.351264] Loading iSCSI transport class v2.0-870.
[    5.364772] systemd[1]: Starting udev Coldplug all Devices...
         Starting udev Coldplug all Devices...
[    5.367725] systemd[1]: Started Nameserver information manager.
[[0;32m  OK  [0m] Started Nameserver information manager.
[    5.408406] iscsi: registered transport (tcp)
[    5.420299] systemd[1]: Started Load/Save Random Seed.
[[0;32m  OK  [0m] Started Load/Save Random Seed.
[    5.430058] systemd[1]: Started Journal Service.
[[0;32m  OK  [0m] Started Journal Service.
         Starting Flush Journal to Persistent Storage...
[[0;32m  OK  [0m] Started Set console keymap.
[[0;32m  OK  [0m] Started udev Coldplug all Devices.
[    5.491328] systemd-journald[382]: Received request to flush runtime journal from PID 1
[[0;32m  OK  [0m] Started Flush Journal to Persistent Storage.
[[0;32m  OK  [0m] Started LVM2 metadata daemon.
[    5.535931] iscsi: registered transport (iser)
[[0;32m  OK  [0m] Started Load Kernel Modules.
         Mounting FUSE Control File System...
         Starting Apply Kernel Variables...
[[0;32m  OK  [0m] Mounted FUSE Control File System.
[[0;32m  OK  [0m] Started Create Static Device Nodes in /dev.
         Starting udev Kernel Device Manager...
[[0;32m  OK  [0m] Started Apply Kernel Variables.
[[0;32m  OK  [0m] Started Monitoring of LVM2 mirrors,...ng dmeventd or progress polling.
[[0;32m  OK  [0m] Reached target Local File Systems (Pre).
[[0;32m  OK  [0m] Reached target Local File Systems.
         Starting LSB: AppArmor initialization...
         Starting Tell Plymouth To Write Out Runtime Data...
         Starting Commit a transient machine-id on disk...
         Starting Set console font and keymap...
         Starting Initial cloud-init job (pre-networking)...
         Starting Create Volatile Files and Directories...
[[0;32m  OK  [0m] Started Commit a transient machine-id on disk.
[[0;32m  OK  [0m] Started Tell Plymouth To Write Out Runtime Data.
[[0;32m  OK  [0m] Started Create Volatile Files and Directories.
         Starting Update UTMP about System Boot/Shutdown...
[[0;32m  OK  [0m] Started Update UTMP about System Boot/Shutdown.
[[0;32m  OK  [0m] Started udev Kernel Device Manager.
[[0;32m  OK  [0m] Started Dispatch Password Requests to Console Directory Watch.
[[0;32m  OK  [0m] Found device /dev/ttyS0.
[[0;32m  OK  [0m] Listening on Load/Save RF Kill Switch Status /dev/rfkill Watch.
[[0;32m  OK  [0m] Started Set console font and keymap.
[[0;32m  OK  [0m] Created slice system-getty.slice.
[    8.249585] cloud-init[495]: Cloud-init v. 20.4.1-0ubuntu1~16.04.1 running 'init-local' at Fri, 29 Jan 2021 16:51:23 +0000. Up 7.63 seconds.
[[0;32m  OK  [0m] Started Initial cloud-init job (pre-networking).
[[0;32m  OK  [0m] Reached target Network (Pre).
[[0;32m  OK  [0m] Started LSB: AppArmor initialization.
         Starting Raise network interfaces...
         Starting Load AppArmor profiles managed internally by snapd...
[[0;32m  OK  [0m] Started Load AppArmor profiles managed internally by snapd.
[[0;32m  OK  [0m] Started Raise network interfaces.
[[0;32m  OK  [0m] Reached target Network.
         Starting Initial cloud-init job (metadata service crawler)...
[   10.629845] cloud-init[969]: Cloud-init v. 20.4.1-0ubuntu1~16.04.1 running 'init' at Fri, 29 Jan 2021 16:51:25 +0000. Up 9.72 seconds.
[   10.631444] cloud-init[969]: ci-info: ++++++++++++++++++++++++++++++++++++++Net device info+++++++++++++++++++++++++++++++++++++++
[   10.636236] cloud-init[969]: ci-info: +--------+-------+----------------------------+---------------+--------+-------------------+
[   10.637815] cloud-init[969]: ci-info: | Device |   Up  |          Address           |      Mask     | Scope  |     Hw-Address    |
[   10.640609] cloud-init[969]: ci-info: +--------+-------+----------------------------+---------------+--------+-------------------+
[   10.644637] cloud-init[969]: ci-info: | enp0s3 |  True |         10.0.2.15          | 255.255.255.0 | global | 02:95:c5:cf:8a:88 |
[   10.646176] cloud-init[969]: ci-info: | enp0s3 |  True | fe80::95:c5ff:fecf:8a88/64 |       .       |  link  | 02:95:c5:cf:8a:88 |
[   10.653781] cloud-init[969]: ci-info: | enp0s8 | False |             .              |       .       |   .    | 08:00:27:a6:c3:80 |
[   10.655972] cloud-init[969]: ci-info: |   lo   |  True |         127.0.0.1          |   255.0.0.0   |  host  |         .         |
[   10.657875] cloud-init[969]: ci-info: |   lo   |  True |          ::1/128           |       .       |  host  |         .         |
[   10.659605] cloud-init[969]: ci-info: +--------+-------+----------------------------+---------------+--------+-------------------+
[   10.664579] cloud-init[969]: ci-info: +++++++++++++++++++++++++++Route IPv4 info++++++++++++++++++++++++++++
[   10.666634] cloud-init[969]: ci-info: +-------+-------------+----------+---------------+-----------+-------+
[   10.672553] cloud-init[969]: ci-info: | Route | Destination | Gateway  |    Genmask    | Interface | Flags |
[   10.674139] cloud-init[969]: ci-info: +-------+-------------+----------+---------------+-----------+-------+
[   10.676387] cloud-init[969]: ci-info: |   0   |   0.0.0.0   | 10.0.2.2 |    0.0.0.0    |   enp0s3  |   UG  |
[   10.680255] cloud-init[969]: ci-info: |   1   |   10.0.2.0  | 0.0.0.0  | 255.255.255.0 |   enp0s3  |   U   |
[   10.684559] cloud-init[969]: ci-info: +-------+-------------+----------+---------------+-----------+-------+
[   10.693629] cloud-init[969]: ci-info: +++++++++++++++++++Route IPv6 info+++++++++++++++++++
[   10.694918] cloud-init[969]: ci-info: +-------+-------------+---------+-----------+-------+
[   10.696226] cloud-init[969]: ci-info: | Route | Destination | Gateway | Interface | Flags |
[   10.727751] cloud-init[969]: ci-info: +-------+-------------+---------+-----------+-------+
[   10.729636] cloud-init[969]: ci-info: |   0   |  fe80::/64  |    ::   |   enp0s3  |   U   |
[   10.731490] cloud-init[969]: ci-info: |   3   |   ff00::/8  |    ::   |   enp0s3  |   U   |
[   10.732829] cloud-init[969]: ci-info: +-------+-------------+---------+-----------+-------+
[   10.734077] cloud-init[969]: Generating public/private rsa key pair.
[   10.734965] cloud-init[969]: Your identification has been saved in /etc/ssh/ssh_host_rsa_key.
[   10.737255] cloud-init[969]: Your public key has been saved in /etc/ssh/ssh_host_rsa_key.pub.
[   10.738801] cloud-init[969]: The key fingerprint is:
[   10.739536] cloud-init[969]: SHA256:zOT/BbVwj0SYdxaU9+CQpTYd+fPlYu6KrEqy+u5qxVk root@ubuntu-xenial
[   10.740863] cloud-init[969]: The key's randomart image is:
[   10.745840] cloud-init[969]: +---[RSA 2048]----+
[   10.746923] cloud-init[969]: |             ==+o|
[   10.747834] cloud-init[969]: |            =++o+|
[   10.748746] cloud-init[969]: |        .   =+==o|
[   10.752552] cloud-init[969]: |      E=   . *.=+|
[   10.753442] cloud-init[969]: |   . o  S   . o.=|
[   10.754328] cloud-init[969]: |    +    .   .o o|
[   10.755487] cloud-init[969]: |   .. .   .  o.. |
[   10.764566] cloud-init[969]: |  .  +   . o ..  |
[   10.765955] cloud-init[969]: | .o*= ....o oo.  |
[   10.768437] cloud-init[969]: +----[SHA256]-----+
[   10.772668] cloud-init[969]: Generating public/private dsa key pair.
[   10.773844] cloud-init[969]: Your identification has been saved in /etc/ssh/ssh_host_dsa_key.
[   10.775147] cloud-init[969]: Your public key has been saved in /etc/ssh/ssh_host_dsa_key.pub.[[0;32m  OK  [0m] Started Initial cloud-init job (metadata service crawler).
[[0;32m  OK  [0m] Reached target System Initialization.
[[0;32m  OK  [0m] Started Daily apt download activities.
[[0;32m  OK  [0m] Listening on ACPID Listen Socket.

[   10.780248] cloud-init[969]: The key fingerprint is:
[[0;32m  OK  [0m] Listening on UUID daemon activation socket.
[   10.782088] cloud-init[969]: SHA256:jwWAYW1/RGBLpR0cV+TcmBngdC+F1R9oG/bw9ma1L6o root@ubuntu-xenial
         Starting Socket activation for snappy daemon.
[   10.784794] cloud-init[969]: The key's randomart image is:
[[0;32m  OK  [0m] Listening on D-Bus System Message Bus Socket.
[   10.786734] cloud-init[969]: +---[DSA 1024]----+
[   10.787811] cloud-init[969]: |    o+. +==.++*o+|
[   10.788779] cloud-init[969]: [[0;32m  OK  [0m] Started ACPI Events Check.
[[0;32m  OK  [0m] Reached target Paths.
[[0;32m  OK  [0m] Started Message of the Day.
|   .. o+ +o= X.X.|
[   10.791644] cloud-init[969]: |     . .+.. + & =|
[   10.792545] cloud-init[969]: |        ...  . =o|
[   10.793376] cloud-init[969]: |        S..   . +|
[   10.794203] cloud-init[969]: |         +     .+|
[   10.795029] cloud-init[969]: |        . .    o.|
[   10.795857] cloud-init[969]: |              . .|
[   10.796712] cloud-init[969]: |          E... . |
[   10.797542] cloud-init[969]: +----[SHA256]-----+
[   10.798368] cloud-init[969]: Generating public/private ecdsa key pair.
[   10.799376] cloud-init[969]: Your identification has been saved in /etc/ssh/ssh_host_ecdsa_key.
[   10.800620] cloud-init[969]: Your public key has been saved in /etc/ssh/ssh_host_ecdsa_key.pub.
[   10.801838] cloud-init[969]: The key fingerprint is:
[   10.802710] cloud-init[969]: SHA256:mUUq7UsZFeedrc5SYp0VO7x4AH9nQVkxbWbj7e21Q/c root@ubuntu-xenial
[   10.803955] cloud-init[969]: The key's randomart image is:
[   10.804891] cloud-init[969]: +---[ECDSA 256]---+
[   10.805749] cloud-init[969]: |          +o. .**|
[   10.806582] cloud-init[969]: |       . + oo..=X|
[   10.807413] cloud-init[969]: |      . + . .o+OB|
[   10.808263] cloud-init[969]: |       o *   .+*=|
[   10.809091] cloud-init[969]: |        S   o.=+.|
         Starting LXD - unix socket.
[[0;32m  OK  [0m] Started Daily apt upgrade and clean activities.
[[0;32m  OK  [0m] Started Daily Cleanup of Temporary Directories.
[[0;32m  OK  [0m] Reached target Timers.
[[0;32m  OK  [0m] Reached target Cloud-config availability.
[[0;32m  OK  [0m] Reached target Network is Online.
         Starting iSCSI initiator daemon (iscsid)...
[[   10.809916] cloud-init[969]: |       . . . =..=|
[   10.816724] cloud-init[969]: |        .   . +.=|
[   10.817351] cloud-init[969]: |             . oE|
[   10.817970] cloud-init[969]: |                .|
[   10.818601] cloud-init[969]: +----[SHA256]-----+
[   10.819223] cloud-init[969]: Generating public/private ed25519 key pair.
[0;32m  OK  [0m] Listening on Socket activation for snappy daemon.
[[0;32m  OK  [0m] Listening on LXD - unix socket.
[   10.822155] cloud-init[969]: Your identification has been saved in /etc/ssh/ssh_host_ed25519_key.
[[0;32m  OK  [0m] Reached target Sockets.
[[0;32m  OK  [0m] Reached target Basic System.
[[0;32m  OK  [0m] Started Deferred execution scheduler.
[   10.823942] cloud-init[969]: Your public key has been saved in /etc/ssh/ssh_host_ed25519_key.pub.
         Starting LXD - container startup/shutdown...[   10.830036] cloud-init[969]: The key fingerprint is:
[   10.831339] cloud-init[969]: SHA256:GiTY+Xto7kYyi06gSCeRRlE2MQFTZ7f86rPJYMNNibY root@ubuntu-xenial
         Starting /etc/rc.local Compatibility...
         Starting LSB: MD monitoring daemon...
         Starting System Logging Service...

[   10.836175] cloud-init[969]: The key's randomart image is:
[   10.837104] cloud-init[969]: +--[ED25519 256]--+
[   10.838752] cloud-init[969]: | ==Ooo .         |
[[0;32m  OK  [0m] Started D-Bus System Message Bus.
[   10.845785] cloud-init[969]: |. +o=.o .        |
[   10.848734] cloud-init[969]: | +. + .o         |
[   10.849541] cloud-init[969]: |. .  +. o        |
[   10.855505] cloud-init[969]: |.o . oooS.       |
[   10.856419] cloud-init[969]: |+.o = ==.        |
[   10.857255] cloud-init[969]: |o .. E=o.        |
[   10.864145] cloud-init[969]: | .. oo*o.        |
[   10.865059] cloud-init[969]: | ..  oo=o        |
[   10.865882] cloud-init[969]: +----[SHA256]-----+
[[0;32m  OK  [0m] Started Regular background program processing daemon.
         Starting LSB: Record successful boot for GRUB...
         Starting Pollinate to seed the pseudo random number generator...
[[0;32m  OK  [0m] Started ACPI event daemon.
         Starting Accounts Service...
         Starting Login Service...
[[0;32m  OK  [0m] Started FUSE filesystem for LXC.
         Starting Snap Daemon...
         Starting Virtualbox guest utils...
[[0;32m  OK  [0m] Started System Logging Service.
[[0;32m  OK  [0m] Started /etc/rc.local Compatibility.
[[0;32m  OK  [0m] Started iSCSI initiator daemon (iscsid).
         Starting Login to default iSCSI targets...
[[0;32m  OK  [0m] Started Login Service.
[[0;32m  OK  [0m] Started Unattended Upgrades Shutdown.
[[0;32m  OK  [0m] Started LSB: MD monitoring daemon.
[[0;32m  OK  [0m] Started Login to default iSCSI targets.
[[0;32m  OK  [0m] Reached target Remote File Systems (Pre).
[[0;32m  OK  [0m] Reached target Remote File Systems.
         Starting LSB: automatic crash report generation...
         Starting Permit User Sessions...
         Starting LSB: daemon to balance interrupts for SMP systems...
         Starting LSB: Set the CPU Frequency Scaling governor to "ondemand"...
[[0;32m  OK  [0m] Started LSB: Set the CPU Frequency Scaling governor to "ondemand".
[[0;32m  OK  [0m] Started Permit User Sessions.
         Starting Terminate Plymouth Boot Screen...
         Starting Hold until boot process finishes up...
[[0;32m  OK  [0m] Started Hold until boot process finishes up.
[[0;32m  OK  [0m] Started Getty on tty1.
         Starting Set console scheme...
[[0;32m  OK  [0m] Started Serial Getty on ttyS0.
[[0;32m  OK  [0m] Reached target Login Prompts.
[[0;32m  OK  [0m] Started LSB: Record successful boot for GRUB.
[[0;32m  OK  [0m] Started Terminate Plymouth Boot Screen.
[[0;32m  OK  [0m] Started Set console scheme.
[[0;32m  OK  [0m] Started LSB: automatic crash report generation.
[[0;32m  OK  [0m] Started LSB: daemon to balance interrupts for SMP systems.
[[0;32m  OK  [0m] Started Virtualbox guest utils.
         Starting Authenticate and Authorize Users to Run Privileged Tasks...
[[0;32m  OK  [0m] Started LXD - container startup/shutdown.
[[0;32m  OK  [0m] Started Authenticate and Authorize Users to Run Privileged Tasks.
[[0;32m  OK  [0m] Started Accounts Service.
[[0;32m  OK  [0m] Started Snap Daemon.
         Starting Wait until snapd is fully seeded...
[[0;32m  OK  [0m] Started Pollinate to seed the pseudo random number generator.
         Starting OpenBSD Secure Shell server...
[[0;32m  OK  [0m] Started OpenBSD Secure Shell server.
[[0;32m  OK  [0m] Created slice User Slice of vagrant.
         Starting User Manager for UID 1000...
[[0;32m  OK  [0m] Started Session 1 of user vagrant.
[[0;32m  OK  [0m] Started User Manager for UID 1000.

Ubuntu 16.04.7 LTS ubuntu-xenial ttyS0

ubuntu-xenial login: [   17.772510] cloud-init[1604]: Generating locales (this might take a while)...
[   18.833295] cloud-init[1604]:   en_US.UTF-8... done
[   18.834594] cloud-init[1604]: Generation complete.
[   19.522801] cloud-init[1604]: Cloud-init v. 20.4.1-0ubuntu1~16.04.1 running 'modules:config' at Fri, 29 Jan 2021 16:51:33 +0000. Up 17.61 seconds.
ci-info: no authorized SSH keys fingerprints found for user ubuntu.
<14>Jan 29 16:51:35 ec2: 
<14>Jan 29 16:51:35 ec2: #############################################################
<14>Jan 29 16:51:35 ec2: -----BEGIN SSH HOST KEY FINGERPRINTS-----
<14>Jan 29 16:51:35 ec2: 1024 SHA256:jwWAYW1/RGBLpR0cV+TcmBngdC+F1R9oG/bw9ma1L6o root@ubuntu-xenial (DSA)
<14>Jan 29 16:51:35 ec2: 256 SHA256:mUUq7UsZFeedrc5SYp0VO7x4AH9nQVkxbWbj7e21Q/c root@ubuntu-xenial (ECDSA)
<14>Jan 29 16:51:35 ec2: 256 SHA256:GiTY+Xto7kYyi06gSCeRRlE2MQFTZ7f86rPJYMNNibY root@ubuntu-xenial (ED25519)
<14>Jan 29 16:51:35 ec2: 2048 SHA256:zOT/BbVwj0SYdxaU9+CQpTYd+fPlYu6KrEqy+u5qxVk root@ubuntu-xenial (RSA)
<14>Jan 29 16:51:35 ec2: -----END SSH HOST KEY FINGERPRINTS-----
<14>Jan 29 16:51:35 ec2: #############################################################
-----BEGIN SSH HOST KEY KEYS-----
ecdsa-sha2-nistp256 AAAAE2VjZHNhLXNoYTItbmlzdHAyNTYAAAAIbmlzdHAyNTYAAABBBPBNwMlleAgm2QvQERJqsduCM+DwtDMUIau3mlibUOtRuye/BNwY+ShIQBINY8k39x7RnU9JML8q2Tfk+DHy8mw= root@ubuntu-xenial
ssh-ed25519 AAAAC3NzaC1lZDI1NTE5AAAAIPXrswhFXlnTdlmq4H1snbgtDgoKMLprdsCBlOyoCrBk root@ubuntu-xenial
ssh-rsa AAAAB3NzaC1yc2EAAAADAQABAAABAQDeo87txxbuHSlaOA+JTjLmpX1GL+KoHlQCSKKfxddUWzPDoVd8TGIT1BSa0R490IETedsp/7eki+064QpEa/EgRkUnjzn8tLeW1nYwhqhwhLmDNc7+urk2MQgfplETuTgAMOvEO+qWd9X4cwBaAQVOBLuMOelG4ZvBArz0q5kD5v83oPlvAuLp5uhcESCPyYoMNhhvlf8i2MIJmwFfU6oodqWlXICg/7Q1iSuypZOOQ4lL9witotveOqB4hP81W3kK+dfb8kvy6RNLvRd0teWy7brsKGajA0cnMaVsThXGCO1GCOOU0Rvzasw9vPbd20ya57cZxZDZ/EtckvlLBGkv root@ubuntu-xenial
-----END SSH HOST KEY KEYS-----
[   20.206650] cloud-init[1748]: Cloud-init v. 20.4.1-0ubuntu1~16.04.1 running 'modules:final' at Fri, 29 Jan 2021 16:51:35 +0000. Up 19.97 seconds.
[   20.208661] cloud-init[1748]: ci-info: no authorized SSH keys fingerprints found for user ubuntu.
[   20.212851] cloud-init[1748]: Cloud-init v. 20.4.1-0ubuntu1~16.04.1 finished at Fri, 29 Jan 2021 16:51:35 +0000. Datasource DataSourceNoCloud [seed=/dev/sdb][dsmode=net].  Up 20.19 seconds
