[    0.000000] Initializing cgroup subsys cpuset
[    0.000000] Initializing cgroup subsys cpu
[    0.000000] Initializing cgroup subsys cpuacct
[    0.000000] Linux version 4.4.0-200-generic (buildd@lgw01-amd64-032) (gcc version 5.4.0 20160609 (Ubuntu 5.4.0-6ubuntu1~16.04.12) ) #232-Ubuntu SMP Wed Jan 13 10:18:39 UTC 2021 (Ubuntu 4.4.0-200.232-generic 4.4.244)
[    0.000000] Command line: BOOT_IMAGE=/boot/vmlinuz-4.4.0-200-generic root=LABEL=cloudimg-rootfs ro console=tty1 console=ttyS0
[    0.000000] KERNEL supported cpus:
[    0.000000]   Intel GenuineIntel
[    0.000000]   AMD AuthenticAMD
[    0.000000]   Centaur CentaurHauls
[    0.000000] x86/fpu: xstate_offset[2]:  576, xstate_sizes[2]:  256
[    0.000000] x86/fpu: Supporting XSAVE feature 0x01: 'x87 floating point registers'
[    0.000000] x86/fpu: Supporting XSAVE feature 0x02: 'SSE registers'
[    0.000000] x86/fpu: Supporting XSAVE feature 0x04: 'AVX registers'
[    0.000000] x86/fpu: Enabled xstate features 0x7, context size is 832 bytes, using 'standard' format.
[    0.000000] e820: BIOS-provided physical RAM map:
[    0.000000] BIOS-e820: [mem 0x0000000000000000-0x000000000009fbff] usable
[    0.000000] BIOS-e820: [mem 0x000000000009fc00-0x000000000009ffff] reserved
[    0.000000] BIOS-e820: [mem 0x00000000000f0000-0x00000000000fffff] reserved
[    0.000000] BIOS-e820: [mem 0x0000000000100000-0x000000003ffeffff] usable
[    0.000000] BIOS-e820: [mem 0x000000003fff0000-0x000000003fffffff] ACPI data
[    0.000000] BIOS-e820: [mem 0x00000000fec00000-0x00000000fec00fff] reserved
[    0.000000] BIOS-e820: [mem 0x00000000fee00000-0x00000000fee00fff] reserved
[    0.000000] BIOS-e820: [mem 0x00000000fffc0000-0x00000000ffffffff] reserved
[    0.000000] NX (Execute Disable) protection: active
[    0.000000] SMBIOS 2.5 present.
[    0.000000] Hypervisor detected: KVM
[    0.000000] e820: last_pfn = 0x3fff0 max_arch_pfn = 0x400000000
[    0.000000] MTRR: Disabled
[    0.000000] x86/PAT: MTRRs disabled, skipping PAT initialization too.
[    0.000000] CPU MTRRs all blank - virtualized system.
[    0.000000] x86/PAT: Configuration [0-7]: WB  WT  UC- UC  WB  WT  UC- UC  
[    0.000000] found SMP MP-table at [mem 0x0009fff0-0x0009ffff] mapped at [ffff88000009fff0]
[    0.000000] Scanning 1 areas for low memory corruption
[    0.000000] RAMDISK: [mem 0x362de000-0x37166fff]
[    0.000000] ACPI: Early table checksum verification disabled
[    0.000000] ACPI: RSDP 0x00000000000E0000 000024 (v02 VBOX  )
[    0.000000] ACPI: XSDT 0x000000003FFF0030 00003C (v01 VBOX   VBOXXSDT 00000001 ASL  00000061)
[    0.000000] ACPI: FACP 0x000000003FFF00F0 0000F4 (v04 VBOX   VBOXFACP 00000001 ASL  00000061)
[    0.000000] ACPI: DSDT 0x000000003FFF0470 002325 (v02 VBOX   VBOXBIOS 00000002 INTL 20100528)
[    0.000000] ACPI: FACS 0x000000003FFF0200 000040
[    0.000000] ACPI: FACS 0x000000003FFF0200 000040
[    0.000000] ACPI: APIC 0x000000003FFF0240 000054 (v02 VBOX   VBOXAPIC 00000001 ASL  00000061)
[    0.000000] ACPI: SSDT 0x000000003FFF02A0 0001CC (v01 VBOX   VBOXCPUT 00000002 INTL 20100528)
[    0.000000] No NUMA configuration found
[    0.000000] Faking a node at [mem 0x0000000000000000-0x000000003ffeffff]
[    0.000000] NODE_DATA(0) allocated [mem 0x3ffeb000-0x3ffeffff]
[    0.000000] kvm-clock: Using msrs 4b564d01 and 4b564d00
[    0.000000] kvm-clock: cpu 0, msr 0:3ffe3001, primary cpu clock
[    0.000000] kvm-clock: using sched offset of 4381639343 cycles
[    0.000000] clocksource: kvm-clock: mask: 0xffffffffffffffff max_cycles: 0x1cd42e4dffb, max_idle_ns: 881590591483 ns
[    0.000000] Zone ranges:
[    0.000000]   DMA      [mem 0x0000000000001000-0x0000000000ffffff]
[    0.000000]   DMA32    [mem 0x0000000001000000-0x000000003ffeffff]
[    0.000000]   Normal   empty
[    0.000000]   Device   empty
[    0.000000] Movable zone start for each node
[    0.000000] Early memory node ranges
[    0.000000]   node   0: [mem 0x0000000000001000-0x000000000009efff]
[    0.000000]   node   0: [mem 0x0000000000100000-0x000000003ffeffff]
[    0.000000] Initmem setup node 0 [mem 0x0000000000001000-0x000000003ffeffff]
[    0.000000] ACPI: PM-Timer IO Port: 0x4008
[    0.000000] IOAPIC[0]: apic_id 1, version 32, address 0xfec00000, GSI 0-23
[    0.000000] ACPI: INT_SRC_OVR (bus 0 bus_irq 0 global_irq 2 dfl dfl)
[    0.000000] ACPI: INT_SRC_OVR (bus 0 bus_irq 9 global_irq 9 low level)
[    0.000000] Using ACPI (MADT) for SMP configuration information
[    0.000000] smpboot: Allowing 1 CPUs, 0 hotplug CPUs
[    0.000000] PM: Registered nosave memory: [mem 0x00000000-0x00000fff]
[    0.000000] PM: Registered nosave memory: [mem 0x0009f000-0x0009ffff]
[    0.000000] PM: Registered nosave memory: [mem 0x000a0000-0x000effff]
[    0.000000] PM: Registered nosave memory: [mem 0x000f0000-0x000fffff]
[    0.000000] e820: [mem 0x40000000-0xfebfffff] available for PCI devices
[    0.000000] Booting paravirtualized kernel on KVM
[    0.000000] clocksource: refined-jiffies: mask: 0xffffffff max_cycles: 0xffffffff, max_idle_ns: 7645519600211568 ns
[    0.000000] setup_percpu: NR_CPUS:512 nr_cpumask_bits:512 nr_cpu_ids:1 nr_node_ids:1
[    0.000000] PERCPU: Embedded 33 pages/cpu @ffff88003fc00000 s95640 r8192 d31336 u2097152
[    0.000000] Built 1 zonelists in Node order, mobility grouping on.  Total pages: 257912
[    0.000000] Policy zone: DMA32
[    0.000000] Kernel command line: BOOT_IMAGE=/boot/vmlinuz-4.4.0-200-generic root=LABEL=cloudimg-rootfs ro console=tty1 console=ttyS0
[    0.000000] PID hash table entries: 4096 (order: 3, 32768 bytes)
[    0.000000] Memory: 997792K/1048120K available (8641K kernel code, 1337K rwdata, 4044K rodata, 1492K init, 1296K bss, 50328K reserved, 0K cma-reserved)
[    0.000000] SLUB: HWalign=64, Order=0-3, MinObjects=0, CPUs=1, Nodes=1
[    0.000000] Kernel/User page tables isolation: enabled
[    0.000000] Hierarchical RCU implementation.
[    0.000000] 	Build-time adjustment of leaf fanout to 64.
[    0.000000] 	RCU restricting CPUs from NR_CPUS=512 to nr_cpu_ids=1.
[    0.000000] RCU: Adjusting geometry for rcu_fanout_leaf=64, nr_cpu_ids=1
[    0.000000] NR_IRQS:33024 nr_irqs:256 16
[    0.000000] Console: colour VGA+ 80x25
[    0.000000] console [tty1] enabled
[    0.000000] console [ttyS0] enabled
[    0.000000] tsc: Detected 2903.998 MHz processor
[    0.144004] Calibrating delay loop (skipped) preset value.. 5807.99 BogoMIPS (lpj=11615992)
[    0.145545] pid_max: default: 32768 minimum: 301
[    0.146365] ACPI: Core revision 20150930
[    0.148883] ACPI: 2 ACPI AML tables successfully acquired and loaded
[    0.150081] Security Framework initialized
[    0.150836] Yama: becoming mindful.
[    0.151517] AppArmor: AppArmor initialized
[    0.152369] Dentry cache hash table entries: 131072 (order: 8, 1048576 bytes)
[    0.156744] Inode-cache hash table entries: 65536 (order: 7, 524288 bytes)
[    0.157959] Mount-cache hash table entries: 2048 (order: 2, 16384 bytes)
[    0.159061] Mountpoint-cache hash table entries: 2048 (order: 2, 16384 bytes)
[    0.160369] Initializing cgroup subsys io
[    0.161121] Initializing cgroup subsys memory
[    0.161908] Initializing cgroup subsys devices
[    0.162710] Initializing cgroup subsys freezer
[    0.163540] Initializing cgroup subsys net_cls
[    0.164346] Initializing cgroup subsys perf_event
[    0.165179] Initializing cgroup subsys net_prio
[    0.165987] Initializing cgroup subsys hugetlb
[    0.166780] Initializing cgroup subsys pids
[    0.168511] mce: CPU supports 0 MCE banks
[    0.169269] process: using mwait in idle threads
[    0.170091] Last level iTLB entries: 4KB 128, 2MB 8, 4MB 8
[    0.171022] Last level dTLB entries: 4KB 64, 2MB 0, 4MB 0, 1GB 4
[    0.172074] Spectre V1 : Mitigation: usercopy/swapgs barriers and __user pointer sanitization
[    0.173572] Spectre V2 : Mitigation: Full generic retpoline
[    0.174521] Spectre V2 : Spectre v2 / SpectreRSB mitigation: Filling RSB on context switch
[    0.176045] Speculative Store Bypass: Vulnerable
[    0.176870] SRBDS: Unknown: Dependent on hypervisor status
[    0.177874] MDS: Vulnerable: Clear CPU buffers attempted, no microcode
[    0.200004] Freeing SMP alternatives memory: 36K
[    0.206719] ftrace: allocating 32360 entries in 127 pages
[    0.269096] smpboot: APIC(0) Converting physical 0 to logical package 0
[    0.270404] smpboot: Max logical packages: 1
[    0.271431] x2apic enabled
[    0.272220] Switched APIC routing to physical x2apic.
[    0.274255] ..TIMER: vector=0x30 apic1=0 pin1=2 apic2=-1 pin2=-1
[    0.383786] smpboot: CPU0: Intel(R) Core(TM) i5-9400F CPU @ 2.90GHz (family: 0x6, model: 0x9e, stepping: 0xa)
[    0.385696] Performance Events: unsupported p6 CPU model 158 no PMU driver, software events only.
[    0.395694] KVM setup paravirtual spinlock
[    0.396974] x86: Booted up 1 node, 1 CPUs
[    0.397748] smpboot: Total of 1 processors activated (5807.99 BogoMIPS)
[    0.399041] devtmpfs: initialized
[    0.401259] evm: security.selinux
[    0.401909] evm: security.SMACK64
[    0.402650] evm: security.SMACK64EXEC
[    0.403357] evm: security.SMACK64TRANSMUTE
[    0.404157] evm: security.SMACK64MMAP
[    0.404873] evm: security.ima
[    0.405517] evm: security.capability
[    0.406331] clocksource: jiffies: mask: 0xffffffff max_cycles: 0xffffffff, max_idle_ns: 7645041785100000 ns
[    0.408059] futex hash table entries: 256 (order: 2, 16384 bytes)
[    0.409199] pinctrl core: initialized pinctrl subsystem
[    0.410226] RTC time: 18:19:15, date: 01/29/21
[    0.411115] NET: Registered protocol family 16
[    0.412081] cpuidle: using governor ladder
[    0.412900] cpuidle: using governor menu
[    0.413632] PCCT header not found.
[    0.414374] ACPI: bus type PCI registered
[    0.415163] acpiphp: ACPI Hot Plug PCI Controller Driver version: 0.5
[    0.416354] PCI: Using configuration type 1 for base access
[    0.418333] ACPI: Added _OSI(Module Device)
[    0.419145] ACPI: Added _OSI(Processor Device)
[    0.419939] ACPI: Added _OSI(3.0 _SCP Extensions)
[    0.420830] ACPI: Added _OSI(Processor Aggregator Device)
[    0.422348] ACPI: Executed 1 blocks of module-level executable AML code
[    0.425515] ACPI: Interpreter enabled
[    0.426290] ACPI: (supports S0 S5)
[    0.426957] ACPI: Using IOAPIC for interrupt routing
[    0.428011] PCI: Using host bridge windows from ACPI; if necessary, use "pci=nocrs" and report a bug
[    0.433074] ACPI: PCI Root Bridge [PCI0] (domain 0000 [bus 00-ff])
[    0.434166] acpi PNP0A03:00: _OSC: OS supports [ASPM ClockPM Segments MSI]
[    0.435622] acpi PNP0A03:00: _OSC: not requesting OS control; OS requires [ExtendedConfig ASPM ClockPM MSI]
[    0.437328] acpi PNP0A03:00: fail to add MMCONFIG information, can't access extended PCI configuration space under this bridge.
[    0.439650] PCI host bridge to bus 0000:00
[    0.440514] pci_bus 0000:00: root bus resource [io  0x0000-0x0cf7 window]
[    0.441647] pci_bus 0000:00: root bus resource [io  0x0d00-0xffff window]
[    0.442754] pci_bus 0000:00: root bus resource [mem 0x000a0000-0x000bffff window]
[    0.444426] pci_bus 0000:00: root bus resource [mem 0x40000000-0xfdffffff window]
[    0.446192] pci_bus 0000:00: root bus resource [bus 00-ff]
[    0.449125] pci 0000:00:01.1: legacy IDE quirk: reg 0x10: [io  0x01f0-0x01f7]
[    0.450633] pci 0000:00:01.1: legacy IDE quirk: reg 0x14: [io  0x03f6]
[    0.452048] pci 0000:00:01.1: legacy IDE quirk: reg 0x18: [io  0x0170-0x0177]
[    0.453639] pci 0000:00:01.1: legacy IDE quirk: reg 0x1c: [io  0x0376]
[    0.475356] pci 0000:00:07.0: quirk: [io  0x4000-0x403f] claimed by PIIX4 ACPI
[    0.476864] pci 0000:00:07.0: quirk: [io  0x4100-0x410f] claimed by PIIX4 SMB
[    0.512881] ACPI: PCI Interrupt Link [LNKA] (IRQs 5 9 10 *11)
[    0.514706] ACPI: PCI Interrupt Link [LNKB] (IRQs 5 9 *10 11)
[    0.516385] ACPI: PCI Interrupt Link [LNKC] (IRQs 5 *9 10 11)
[    0.518062] ACPI: PCI Interrupt Link [LNKD] (IRQs 5 9 10 *11)
[    0.519521] ACPI: Enabled 2 GPEs in block 00 to 07
[    0.520832] vgaarb: setting as boot device: PCI:0000:00:02.0
[    0.522104] vgaarb: device added: PCI:0000:00:02.0,decodes=io+mem,owns=io+mem,locks=none
[    0.523935] vgaarb: loaded
[    0.524513] vgaarb: bridge control possible 0000:00:02.0
[    0.525632] SCSI subsystem initialized
[    0.526389] ACPI: bus type USB registered
[    0.527149] usbcore: registered new interface driver usbfs
[    0.528082] usbcore: registered new interface driver hub
[    0.528997] usbcore: registered new device driver usb
[    0.530015] PCI: Using ACPI for IRQ routing
[    0.531038] NetLabel: Initializing
[    0.531697] NetLabel:  domain hash size = 128
[    0.532479] NetLabel:  protocols = UNLABELED CIPSOv4
[    0.548848] NetLabel:  unlabeled traffic allowed by default
[    0.549900] amd_nb: Cannot enumerate AMD northbridges
[    0.550808] clocksource: Switched to clocksource kvm-clock
[    0.562702] AppArmor: AppArmor Filesystem Enabled
[    0.563637] pnp: PnP ACPI init
[    0.564974] pnp: PnP ACPI: found 3 devices
[    0.574398] clocksource: acpi_pm: mask: 0xffffff max_cycles: 0xffffff, max_idle_ns: 2085701024 ns
[    0.576058] NET: Registered protocol family 2
[    0.577067] TCP established hash table entries: 8192 (order: 4, 65536 bytes)
[    0.578587] TCP bind hash table entries: 8192 (order: 5, 131072 bytes)
[    0.579905] TCP: Hash tables configured (established 8192 bind 8192)
[    0.581011] UDP hash table entries: 512 (order: 2, 16384 bytes)
[    0.582013] UDP-Lite hash table entries: 512 (order: 2, 16384 bytes)
[    0.583213] NET: Registered protocol family 1
[    0.584367] pci 0000:00:00.0: Limiting direct PCI/PCI transfers
[    0.588349] pci 0000:00:01.0: Activating ISA DMA hang workarounds
[    0.589490] Unpacking initramfs...
[    0.835390] Freeing initrd memory: 14884K
[    0.836266] clocksource: tsc: mask: 0xffffffffffffffff max_cycles: 0x29dc03c1beb, max_idle_ns: 440795205215 ns
[    0.838038] platform rtc_cmos: registered platform RTC device (no PNP device found)
[    0.839514] Scanning for low memory corruption every 60 seconds
[    0.840703] audit: initializing netlink subsys (disabled)
[    0.841646] audit: type=2000 audit(1611944362.140:1): initialized
[    0.842852] Initialise system trusted keyring
[    0.844158] HugeTLB registered 2 MB page size, pre-allocated 0 pages
[    0.846558] zbud: loaded
[    0.847498] VFS: Disk quotas dquot_6.6.0
[    0.848330] VFS: Dquot-cache hash table entries: 512 (order 0, 4096 bytes)
[    0.849934] squashfs: version 4.0 (2009/01/31) Phillip Lougher
[    0.852288] fuse init (API version 7.23)
[    0.853648] Key type big_key registered
[    0.854387] Allocating IMA MOK and blacklist keyrings.
[    0.855452] Key type asymmetric registered
[    0.856208] Asymmetric key parser 'x509' registered
[    0.857089] Block layer SCSI generic (bsg) driver version 0.4 loaded (major 249)
[    0.858458] io scheduler noop registered
[    0.859234] io scheduler deadline registered (default)
[    0.860185] io scheduler cfq registered
[    0.860977] pci_hotplug: PCI Hot Plug PCI Core version: 0.5
[    0.861929] pciehp: PCI Express Hot Plug Controller Driver version: 0.4
[    0.863140] ACPI: AC Adapter [AC] (on-line)
[    0.863953] input: Power Button as /devices/LNXSYSTM:00/LNXPWRBN:00/input/input0
[    0.865310] ACPI: Power Button [PWRF]
[    0.866092] input: Sleep Button as /devices/LNXSYSTM:00/LNXSLPBN:00/input/input1
[    0.867550] ACPI: Sleep Button [SLPF]
[    0.868432] GHES: HEST is not enabled!
[    0.869224] Serial: 8250/16550 driver, 32 ports, IRQ sharing enabled
[    0.899368] 00:02: ttyS0 at I/O 0x3f8 (irq = 4, base_baud = 115200) is a 16550A
[    0.901638] Linux agpgart interface v0.103
[    0.903218] loop: module loaded
[    0.904250] scsi host0: ata_piix
[    0.904938] scsi host1: ata_piix
[    0.905600] ata1: PATA max UDMA/33 cmd 0x1f0 ctl 0x3f6 bmdma 0xd000 irq 14
[    0.906732] ata2: PATA max UDMA/33 cmd 0x170 ctl 0x376 bmdma 0xd008 irq 15
[    0.908135] libphy: Fixed MDIO Bus: probed
[    0.908983] tun: Universal TUN/TAP device driver, 1.6
[    0.909860] tun: (C) 1999-2004 Max Krasnyansky <maxk@qualcomm.com>
[    0.911127] PPP generic driver version 2.4.2
[    0.912026] ehci_hcd: USB 2.0 'Enhanced' Host Controller (EHCI) Driver
[    0.913155] ehci-pci: EHCI PCI platform driver
[    0.913984] ehci-platform: EHCI generic platform driver
[    0.915485] ohci_hcd: USB 1.1 'Open' Host Controller (OHCI) Driver
[    0.917433] ohci-pci: OHCI PCI platform driver
[    0.918370] ohci-platform: OHCI generic platform driver
[    0.919331] uhci_hcd: USB Universal Host Controller Interface driver
[    0.920453] i8042: PNP: PS/2 Controller [PNP0303:PS2K,PNP0f03:PS2M] at 0x60,0x64 irq 1,12
[    0.922335] serio: i8042 KBD port at 0x60,0x64 irq 1
[    0.923467] serio: i8042 AUX port at 0x60,0x64 irq 12
[    0.924468] mousedev: PS/2 mouse device common for all mice
[    0.925639] input: AT Translated Set 2 keyboard as /devices/platform/i8042/serio0/input/input2
[    0.927512] rtc_cmos rtc_cmos: rtc core: registered rtc_cmos as rtc0
[    0.928617] rtc_cmos rtc_cmos: alarms up to one day, 114 bytes nvram
[    0.929674] i2c /dev entries driver
[    0.930387] device-mapper: uevent: version 1.0.3
[    0.931284] device-mapper: ioctl: 4.34.0-ioctl (2015-10-28) initialised: dm-devel@redhat.com
[    0.932809] ledtrig-cpu: registered to indicate activity on CPUs
[    0.934027] NET: Registered protocol family 10
[    0.934954] NET: Registered protocol family 17
[    0.935829] Key type dns_resolver registered
[    0.936814] registered taskstats version 1
[    0.937585] Loading compiled-in X.509 certificates
[    0.938865] Loaded X.509 cert 'Build time autogenerated kernel key: d37465c24ef3fae6c7088e8c56d8ac7755b77486'
[    0.940636] zswap: loaded using pool lzo/zbud
[    0.942539] Key type trusted registered
[    0.945203] Key type encrypted registered
[    0.945976] AppArmor: AppArmor sha1 policy hashing enabled
[    0.946924] ima: No TPM chip found, activating TPM-bypass!
[    0.947914] ima: Allocated hash algorithm: sha1
[    0.948747] evm: HMAC attrs: 0x1
[    0.949618]   Magic number: 5:330:343
[    0.950336] tty tty60: hash matches
[    0.951080] rtc_cmos rtc_cmos: setting system clock to 2021-01-29 18:19:16 UTC (1611944356)
[    0.952669] BIOS EDD facility v0.16 2004-Jun-25, 0 devices found
[    0.953690] EDD information not available.
[    1.091706] Freeing unused kernel memory: 1492K
[    1.093085] Write protecting the kernel read-only data: 14336k
[    1.094368] Freeing unused kernel memory: 1588K
[    1.095292] Freeing unused kernel memory: 52K
Loading, please wait...
starting version 229
[    1.105328] random: udevadm: uninitialized urandom read (16 bytes read, 3 bits of entropy available)
[    1.107572] random: systemd-udevd: uninitialized urandom read (16 bytes read, 3 bits of entropy available)
[    1.109371] random: systemd-udevd: uninitialized urandom read (16 bytes read, 3 bits of entropy available)
[    1.111039] random: systemd-udevd: uninitialized urandom read (16 bytes read, 3 bits of entropy available)
[    1.112787] random: udevadm: uninitialized urandom read (16 bytes read, 3 bits of entropy available)
[    1.114927] random: systemd-udevd: uninitialized urandom read (16 bytes read, 3 bits of entropy available)
[    1.122063] random: systemd-udevd: uninitialized urandom read (16 bytes read, 3 bits of entropy available)
[    1.124046] random: systemd-udevd: uninitialized urandom read (16 bytes read, 3 bits of entropy available)
[    1.125773] random: systemd-udevd: uninitialized urandom read (16 bytes read, 3 bits of entropy available)
[    1.129775] random: systemd-udevd: uninitialized urandom read (16 bytes read, 3 bits of entropy available)
[    1.180825] e1000: Intel(R) PRO/1000 Network Driver - version 7.3.21-k8-NAPI
[    1.182006] e1000: Copyright (c) 1999-2006 Intel Corporation.
[    1.186455] Fusion MPT base driver 3.04.20
[    1.187246] Copyright (c) 1999-2008 LSI Corporation
[    1.190779] Fusion MPT SPI Host driver 3.04.20
[    1.217977] AVX2 version of gcm_enc/dec engaged.
[    1.219021] AES CTR mode by8 optimization enabled
[    1.396275] input: ImExPS/2 Generic Explorer Mouse as /devices/platform/i8042/serio1/input/input4
[    1.587334] e1000 0000:00:03.0 eth0: (PCI:33MHz:32-bit) 02:95:c5:cf:8a:88
[    1.588457] e1000 0000:00:03.0 eth0: Intel(R) PRO/1000 Network Connection
[    1.590087] mptbase: ioc0: Initiating bringup
[    1.683897] ioc0: LSI53C1030 A0: Capabilities={Initiator}
[    1.860078] scsi host2: ioc0: LSI53C1030 A0, FwRev=00000000h, Ports=1, MaxQ=256, IRQ=20
[    1.972815] scsi 2:0:0:0: Direct-Access     VBOX     HARDDISK         1.0  PQ: 0 ANSI: 5
[    1.974377] scsi target2:0:0: Beginning Domain Validation
[    1.976426] scsi target2:0:0: Domain Validation skipping write tests
[    1.977644] scsi target2:0:0: Ending Domain Validation
[    1.978718] scsi target2:0:0: asynchronous
[    1.979986] scsi 2:0:1:0: Direct-Access     VBOX     HARDDISK         1.0  PQ: 0 ANSI: 5
[    1.981568] scsi target2:0:1: Beginning Domain Validation
[    1.983562] scsi target2:0:1: Domain Validation skipping write tests
[    1.984694] scsi target2:0:1: Ending Domain Validation
[    1.985666] scsi target2:0:1: asynchronous
[    1.988899] sd 2:0:0:0: Attached scsi generic sg0 type 0
[    1.998412] sd 2:0:0:0: [sda] 20971520 512-byte logical blocks: (10.7 GB/10.0 GiB)
[    2.008462] sd 2:0:0:0: [sda] Write Protect is off
[    2.013529] sd 2:0:0:0: [sda] Incomplete mode parameter data
[    2.014575] sd 2:0:0:0: [sda] Assuming drive cache: write through
[    2.020034] sd 2:0:1:0: [sdb] 20480 512-byte logical blocks: (10.5 MB/10.0 MiB)
[    2.021517] sd 2:0:1:0: Attached scsi generic sg1 type 0
[    2.022664] sd 2:0:1:0: [sdb] Write Protect is off
[    2.023770] sd 2:0:1:0: [sdb] Incomplete mode parameter data
[    2.024879] sd 2:0:1:0: [sdb] Assuming drive cache: write through
[    2.040050]  sda: sda1
[    2.041442] sd 2:0:0:0: [sda] Attached SCSI disk
[    2.085422] sd 2:0:1:0: [sdb] Attached SCSI disk
[    2.369721] e1000 0000:00:08.0 eth1: (PCI:33MHz:32-bit) 08:00:27:d1:15:38
[    2.370870] e1000 0000:00:08.0 eth1: Intel(R) PRO/1000 Network Connection
[    2.372770] e1000 0000:00:08.0 enp0s8: renamed from eth1
[    2.375011] e1000 0000:00:03.0 enp0s3: renamed from eth0
Begin: Loading essential drivers ... [    3.708118] md: linear personality registered for level -1
[    3.711005] md: multipath personality registered for level -4
[    3.713905] md: raid0 personality registered for level 0
[    3.717654] md: raid1 personality registered for level 1
[    3.786934] raid6: sse2x1   gen()  7744 MB/s
[    3.855245] raid6: sse2x1   xor()  9220 MB/s
[    3.923139] raid6: sse2x2   gen() 16855 MB/s
[    3.990914] raid6: sse2x2   xor() 10614 MB/s
[    4.059231] raid6: sse2x4   gen() 19272 MB/s
[    4.127548] raid6: sse2x4   xor() 12746 MB/s
[    4.194917] raid6: avx2x1   gen() 27101 MB/s
[    4.263233] raid6: avx2x2   gen() 31772 MB/s
[    4.331544] raid6: avx2x4   gen() 34305 MB/s
[    4.332595] raid6: using algorithm avx2x4 gen() 34305 MB/s
[    4.333831] raid6: using avx2x2 recovery algorithm
[    4.336306] xor: automatically using best checksumming function:
[    4.374983]    avx       : 30333.000 MB/sec
[    4.377030] async_tx: api initialized (async)
[    4.387301] md: raid6 personality registered for level 6
[    4.388229] md: raid5 personality registered for level 5
[    4.389143] md: raid4 personality registered for level 4
[    4.394556] md: raid10 personality registered for level 10
done.
Begin: Running /scripts/init-premount ... done.
Begin: Mounting root file system ... Begin: Running /scripts/local-top ... done.
Begin: Running /scripts/local-premount ... [    4.424602] Btrfs loaded
Scanning for Btrfs filesystems
done.
Warning: fsck not present, so skipping root file system
[    4.465906] EXT4-fs (sda1): mounted filesystem with ordered data mode. Opts: (null)
done.
Begin: Running /scripts/local-bottom ... done.
Begin: Running /scripts/init-bottom ... done.
[    4.784086] systemd[1]: systemd 229 running in system mode. (+PAM +AUDIT +SELINUX +IMA +APPARMOR +SMACK +SYSVINIT +UTMP +LIBCRYPTSETUP +GCRYPT +GNUTLS +ACL +XZ -LZ4 +SECCOMP +BLKID +ELFUTILS +KMOD -IDN)
[    4.787036] systemd[1]: Detected virtualization oracle.
[    4.787976] systemd[1]: Detected architecture x86-64.

Welcome to [1mUbuntu 16.04.7 LTS[0m!

[    4.807813] systemd[1]: Set hostname to <ubuntu>.
[    4.830733] systemd[1]: Initializing machine ID from random generator.
[    4.831873] systemd[1]: Installed transient /etc/machine-id file.
[    5.085899] random: nonblocking pool is initialized
[    5.253440] systemd[1]: Listening on Journal Socket (/dev/log).
[[0;32m  OK  [0m] Listening on Journal Socket (/dev/log).
[    5.263372] systemd[1]: Listening on LVM2 poll daemon socket.
[[0;32m  OK  [0m] Listening on LVM2 poll daemon socket.
[    5.271389] systemd[1]: Set up automount Arbitrary Executable File Formats File System Automount Point.
[[0;32m  OK  [0m] Set up automount Arbitrary Executab...ats File System Automount Point.
[    5.273933] systemd[1]: Listening on Journal Audit Socket.
[[0;32m  OK  [0m] Listening on Journal Audit Socket.
[    5.283023] systemd[1]: Listening on Journal Socket.
[[0;32m  OK  [0m] Listening on Journal Socket.
[    5.290957] systemd[1]: Reached target System Time Synchronized.
[[0;32m  OK  [0m] Reached target System Time Synchronized.
[    5.292701] systemd[1]: Listening on udev Control Socket.
[[0;32m  OK  [0m] Listening on udev Control Socket.
[    5.294305] systemd[1]: Started Forward Password Requests to Wall Directory Watch.
[[0;32m  OK  [0m] Started Forward Password Requests to Wall Directory Watch.
[    5.303802] systemd[1]: Listening on /dev/initctl Compatibility Named Pipe.
[[0;32m  OK  [0m] Listening on /dev/initctl Compatibility Named Pipe.
[    5.311758] systemd[1]: Started Trigger resolvconf update for networkd DNS.
[[0;32m  OK  [0m] Started Trigger resolvconf update for networkd DNS.
[    5.319764] systemd[1]: Created slice System Slice.
[[0;32m  OK  [0m] Created slice System Slice.
[    5.321504] systemd[1]: Created slice system-serial\x2dgetty.slice.
[[0;32m  OK  [0m] Created slice system-serial\x2dgetty.slice.
[    5.332977] systemd[1]: Starting Uncomplicated firewall...
         Starting Uncomplicated firewall...
[    5.339439] systemd[1]: Mounting POSIX Message Queue File System...
         Mounting POSIX Message Queue File System...
[    5.348278] systemd[1]: Mounting Huge Pages File System...
         Mounting Huge Pages File System...
[    5.350438] systemd[1]: Starting Nameserver information manager...
         Starting Nameserver information manager...
[    5.360067] systemd[1]: Starting Load Kernel Modules...
         Starting Load Kernel Modules...
[    5.367450] systemd[1]: Starting Remount Root and Kernel File Systems...
         Starting Remount Root and Kernel File Systems...
[    5.370490] systemd[1]: Reached target Swap.
[[0;32m  OK  [0m] Reached target Swap.
[    5.372496] systemd[1]: Starting Set console keymap...
         Starting Set console keymap...
[    5.375382] systemd[1]: Starting Create list of required static device nodes for the current kernel...
         Starting Create list of required st... nodes for the current kernel...
[    5.388220] systemd[1]: Mounting Debug File System...
         Mounting Debug File System...
[    5.411280] systemd[1]: Listening on udev Kernel Socket.
[[0;32m  OK  [0m] Listening on udev Kernel Socket.
[    5.413176] systemd[1]: Reached target User and Group Name Lookups.
[[0;32m  OK  [0m] Reached target User and Group Name Lookups.
[    5.415933] systemd[1]: Listening on Syslog Socket.
[[0;32m  OK  [0m] Listening on Syslog Socket.
[    5.418129] systemd[1]: Listening on LVM2 metadata daemon socket.
[[0;32m  OK  [0m] Listening on LVM2 metadata daemon socket.
[    5.420139] systemd[1]: Reached target Encrypted Volumes.
[[0;32m  OK  [0m] Reached target Encrypted Volumes.
[    5.422701] systemd[1]: Created slice User and Session Slice.
[[0;32m  OK  [0m] Created slice User and Session Slice.
[    5.424648] systemd[1]: Reached target Slices.
[[0;32m  OK  [0m] Reached target Slices.
[    5.427325] systemd[1]: Listening on Device-mapper event daemon FIFOs.
[[0;32m  OK  [0m] Listening on Device-mapper event daemon FIFOs.
[    5.432624] EXT4-fs (sda1): re-mounted. Opts: (null)
[    5.434173] systemd[1]: Starting Monitoring of LVM2 mirrors, snapshots etc. using dmeventd or progress polling...
         Starting Monitoring of LVM2 mirrors... dmeventd or progress polling...
[    5.439184] systemd[1]: Starting Journal Service...
         Starting Journal Service...
[    5.443062] systemd[1]: Mounted Debug File System.
[[0;32m  OK  [0m] Mounted Debug File System.
[    5.444936] systemd[1]: Mounted Huge Pages File System.
[[0;32m  OK  [0m] Mounted Huge Pages File System.
[    5.446679] systemd[1]: Mounted POSIX Message Queue File System.
[[0;32m  OK  [0m] Mounted POSIX Message Queue File System.
[    5.452338] Loading iSCSI transport class v2.0-870.
[    5.453651] systemd[1]: Started Uncomplicated firewall.
[[0;32m  OK  [0m] Started Uncomplicated firewall.
[    5.456700] systemd[1]: Started Remount Root and Kernel File Systems.
[[0;32m  OK  [0m] Started Remount Root and Kernel File Systems.
[    5.459936] systemd[1]: Started Create list of required static device nodes for the current kernel.
[[0;32m  OK  [0m] Started Create list of required sta...ce nodes for the current kernel.
[    5.465609] systemd[1]: Starting Create Static Device Nodes in /dev...
         Starting Create Static Device Nodes in /dev...
[    5.467983] systemd[1]: Starting Load/Save Random Seed...
         Starting Load/Save Random Seed...
[    5.483102] systemd[1]: Starting udev Coldplug all Devices...
         Starting udev Coldplug all Devices...
[    5.489577] systemd[1]: Started Nameserver information manager.
[[0;32m  OK  [0m] Started Nameserver information manager.
[    5.504271] systemd[1]: Started Load/Save Random Seed.
[[0;32m  OK  [0m] Started Load/Save Random Seed.
[    5.552351] iscsi: registered transport (tcp)
[    5.574310] systemd[1]: Started Set console keymap.
[[0;32m  OK  [0m] Started Set console keymap.
[    5.609256] systemd[1]: Started udev Coldplug all Devices.
[[0;32m  OK  [0m] Started udev Coldplug all Devices.
[    5.645316] systemd[1]: Started Journal Service.
[[0;32m  OK  [0m] Started Journal Service.
         Starting Flush Journal to Persistent Storage...
[[0;32m  OK  [0m] Started LVM2 metadata daemon.
[    5.661007] iscsi: registered transport (iser)
[[0;32m  OK  [0m] Started Load Kernel Modules.
         Mounting FUSE Control File System...
         Starting Apply Kernel Variables...
[[0;32m  OK  [0m] Mounted FUSE Control File System.
[    5.698267] systemd-journald[397]: Received request to flush runtime journal from PID 1
[[0;32m  OK  [0m] Started Flush Journal to Persistent Storage.
[[0;32m  OK  [0m] Started Apply Kernel Variables.
[[0;32m  OK  [0m] Started Create Static Device Nodes in /dev.
         Starting udev Kernel Device Manager...
[[0;32m  OK  [0m] Started Monitoring of LVM2 mirrors,...ng dmeventd or progress polling.
[[0;32m  OK  [0m] Reached target Local File Systems (Pre).
[[0;32m  OK  [0m] Reached target Local File Systems.
         Starting Initial cloud-init job (pre-networking)...
         Starting LSB: AppArmor initialization...
         Starting Set console font and keymap...
         Starting Create Volatile Files and Directories...
         Starting Tell Plymouth To Write Out Runtime Data...
         Starting Commit a transient machine-id on disk...
[[0;32m  OK  [0m] Started udev Kernel Device Manager.
[[0;32m  OK  [0m] Started Dispatch Password Requests to Console Directory Watch.
[[0;32m  OK  [0m] Started Commit a transient machine-id on disk.
[[0;32m  OK  [0m] Started Create Volatile Files and Directories.
         Starting Update UTMP about System Boot/Shutdown...
[[0;32m  OK  [0m] Started Tell Plymouth To Write Out Runtime Data.
[[0;32m  OK  [0m] Started Update UTMP about System Boot/Shutdown.
[[0;32m  OK  [0m] Found device /dev/ttyS0.
[[0;32m  OK  [0m] Listening on Load/Save RF Kill Switch Status /dev/rfkill Watch.
[[0;32m  OK  [0m] Started Set console font and keymap.
[[0;32m  OK  [0m] Created slice system-getty.slice.
[    8.636608] cloud-init[473]: Cloud-init v. 20.4.1-0ubuntu1~16.04.1 running 'init-local' at Fri, 29 Jan 2021 18:19:23 +0000. Up 8.10 seconds.
[[0;32m  OK  [0m] Started Initial cloud-init job (pre-networking).
[[0;32m  OK  [0m] Reached target Network (Pre).
[[0;32m  OK  [0m] Started LSB: AppArmor initialization.
         Starting Load AppArmor profiles managed internally by snapd...
         Starting Raise network interfaces...
[[0;32m  OK  [0m] Started Load AppArmor profiles managed internally by snapd.
[[0;32m  OK  [0m] Started Raise network interfaces.
         Starting Initial cloud-init job (metadata service crawler)...
[[0;32m  OK  [0m] Reached target Network.
[   10.782738] cloud-init[962]: Cloud-init v. 20.4.1-0ubuntu1~16.04.1 running 'init' at Fri, 29 Jan 2021 18:19:25 +0000. Up 9.85 seconds.
[   10.784460] cloud-init[962]: ci-info: ++++++++++++++++++++++++++++++++++++++Net device info+++++++++++++++++++++++++++++++++++++++
[   10.788326] cloud-init[962]: ci-info: +--------+-------+----------------------------+---------------+--------+-------------------+
[   10.789954] cloud-init[962]: ci-info: | Device |   Up  |          Address           |      Mask     | Scope  |     Hw-Address    |
[   10.796240] cloud-init[962]: ci-info: +--------+-------+----------------------------+---------------+--------+-------------------+
[   10.797849] cloud-init[962]: ci-info: | enp0s3 |  True |         10.0.2.15          | 255.255.255.0 | global | 02:95:c5:cf:8a:88 |
[   10.800329] cloud-init[962]: ci-info: | enp0s3 |  True | fe80::95:c5ff:fecf:8a88/64 |       .       |  link  | 02:95:c5:cf:8a:88 |
[   10.804366] cloud-init[962]: ci-info: | enp0s8 | False |             .              |       .       |   .    | 08:00:27:d1:15:38 |
[   10.808372] cloud-init[962]: ci-info: |   lo   |  True |         127.0.0.1          |   255.0.0.0   |  host  |         .         |
[   10.810159] cloud-init[962]: ci-info: |   lo   |  True |          ::1/128           |       .       |  host  |         .         |
[   10.816650] cloud-init[962]: ci-info: +--------+-------+----------------------------+---------------+--------+-------------------+
[   10.818288] cloud-init[962]: ci-info: +++++++++++++++++++++++++++Route IPv4 info++++++++++++++++++++++++++++
[   10.819722] cloud-init[962]: ci-info: +-------+-------------+----------+---------------+-----------+-------+
[   10.825736] cloud-init[962]: ci-info: | Route | Destination | Gateway  |    Genmask    | Interface | Flags |
[   10.827160] cloud-init[962]: ci-info: +-------+-------------+----------+---------------+-----------+-------+
[   10.832713] cloud-init[962]: ci-info: |   0   |   0.0.0.0   | 10.0.2.2 |    0.0.0.0    |   enp0s3  |   UG  |
[   10.834232] cloud-init[962]: ci-info: |   1   |   10.0.2.0  | 0.0.0.0  | 255.255.255.0 |   enp0s3  |   U   |
[   10.835649] cloud-init[962]: ci-info: +-------+-------------+----------+---------------+-----------+-------+
[   10.841196] cloud-init[962]: ci-info: +++++++++++++++++++Route IPv6 info+++++++++++++++++++
[   10.842525] cloud-init[962]: ci-info: +-------+-------------+---------+-----------+-------+
[   10.843868] cloud-init[962]: ci-info: | Route | Destination | Gateway | Interface | Flags |
[   10.849227] cloud-init[962]: ci-info: +-------+-------------+---------+-----------+-------+
[   10.850487] cloud-init[962]: ci-info: |   0   |  fe80::/64  |    ::   |   enp0s3  |   U   |
[   10.851840] cloud-init[962]: ci-info: |   3   |   ff00::/8  |    ::   |   enp0s3  |   U   |
[   10.858614] cloud-init[962]: ci-info: +-------+-------------+---------+-----------+-------+
[   10.860276] cloud-init[962]: Generating public/private rsa key pair.
[   10.864676] cloud-init[962]: Your identification has been saved in /etc/ssh/ssh_host_rsa_key.
[   10.865992] cloud-init[962]: Your public key has been saved in /etc/ssh/ssh_host_rsa_key.pub.
[[0;32m  OK  [0m] Started Initial cloud-init job (metadata service crawler).
[   10.871687] cloud-init[962]: The key fingerprint is:
[   10.872659] cloud-init[962]: SHA256:m0Pnym3rGO5OT+3ePh7Vl3K21Pj2zk9vdOl3BEJ0lFI root@ubuntu-xenial
[[0;32m  OK  [0m] Reached target Network is Online.
         [   10.876241] cloud-init[962]: The key's randomart image is:
[   10.877108] cloud-init[962]: +---[RSA 2048]----+
[   10.877794] cloud-init[962]: |           ..oE. |
[   10.878552] cloud-init[962]: |            o..  |
[   10.879574] cloud-init[962]: Starting iSCSI initiator daemon (iscsid)...
[[0;32m  OK  [0m] Reached target System Initialization.
[[0;32m  OK  [0m] Started Daily apt download activities.
[[0;32m  OK  [0m] Started Daily apt upgrade and clean activities.
[[0;32m  OK  [0m] Started Message of the Day.|           . .   |
[   10.884469] cloud-init[962]: |            . ..+|
[   10.885139] cloud-init[962]: |        S .  o.**|
[   10.885830] cloud-init[962]: |       . = .  =+*|
[   10.886474] cloud-init[962]: |        * o . o+=|
[   10.887117] cloud-init[962]: |       + O.. ..**|
[   10.888013] 
[[0;32m  OK  [0m] Started Daily Cleanup of Temporary Directories.
[[0;32m  OK  [0m] Listening on D-Bus System Message Bus Socket.
         Starting Socket activation for snappy daemon.
cloud-init[962]: |       oBo=ooo++X|
[   10.893317] cloud-init[962]: +----[SHA256]-----+
[   10.894804] cloud-init[962]: Generating public/private dsa key pair.
[   10.895954] cloud-init[962]: Your identification has been saved in /etc/ssh/ssh_host_dsa_key.
[   10.897759] cloud-init[962]: Your public key has been saved in /etc/ssh/ssh_host_dsa_key.pub.
[   10.899095] cloud-init[962]: The key fingerprint is:
[   10.899996] cloud-init[962]: SHA256:5YDpAWYAnuNk60zxIEigmNzxkdxL3QJlr/C5IawzbVc root@ubuntu-xenial
[   10.901363] cloud-init[962]: The key's randomart image is:
[   10.902296] cloud-init[962]: +---[DSA 1024]----+
[   10.903145] cloud-init[962]: |+o.o=.o.+o.      |
[   10.903986] cloud-init[962]: |B.ooo+.=.o..     |
[   10.904866] cloud-init[962]: |*X . .=.o o.     |
[   10.905708] cloud-init[962]: |= *  ..oo+o      |
[   10.906545] cloud-init[962]: | + .  .oS=.E     |
[   10.907414] cloud-init[962]: |+     o . +      |
[   10.908291] [[0;32m  OK  [0m] Started ACPI Events Check.
[[0;32m  OK  [0m] Reached target Paths.
[[0;32m  OK  [0m] Reached target Timers.
cloud-init[962]: | o   + o o       |
[   10.911807] cloud-init[962]: |      + .        |
[   10.912719] cloud-init[962]: |                 |
[   10.913575] cloud-init[962]: +----[SHA256]-----+
[   10.914409] cloud-init[962]: Generating public/private ecdsa key pair.
[   10.915517] cloud-init[962]: Your identification has been saved in /etc/ssh/ssh_host_ecdsa_key.
[   10.916952] cloud-init[962]: Your public key has been saved in /etc/ssh/ssh_host_ecdsa_key.pub.
[   10.918492] cloud-init[962]: The key fingerprint is:
[   10.919365] cloud-init[962]: SHA256:edigkvFm/Ho4LJJotMhSFC9U52V1My+RTx5PLIPKEAI root@ubuntu-xenial         Starting LXD - unix socket.
[[0;32m  OK  [0m] Listening on ACPID Listen Socket.
[[0;32m  OK  [0m] Listening on UUID daemon activation socket.
[[0;32m  OK  [0m] Reached target Cloud-config availability.
[[0;32m  OK  [0m] 
[   10.924821] cloud-init[962]: The key's randomart image is:
[   10.925737] cloud-init[962]: +---[ECDSA 256]---+Listening on Socket activation for snappy daemon.
[[0;32m  OK  [0m] Listening on LXD - unix socket.
[[0;32m  OK  [0m
[   10.928728] cloud-init[962]: |   .E.o +o. =o . |] Reached target Sockets.
[[0;32m  OK  [0m] Reached target Basic System.
         Starting LSB: Record successful boot for GRUB...
[[0;32m  OK  [0m] Started FUSE filesystem for LXC.
[   10.932766] cloud-init[962]: |  o  o +.  .o== o|
[   10.933374] cloud-init[962]: | . o. . .o ..+.* |
[   10.934000] cloud-init[962]: |  o .= . =o  .o .|
[   10.934624] cloud-init[962]: | . .o * S o      |
[   10.935258] 
cloud-init[962]: | ..  + . .       |
         Starting LXD - container startup/shutdown...
         Starting Login Service...
[   10.943616] cloud-init         Starting /etc/rc.local Compatibility...
[962]: |+o.. . ..        |
[   10.948138] cloud-init[962]: [[0;32m  OK  [0m] Started Regular background program processing daemon.
[[0;32m  OK  [0m] Started Deferred execution scheduler.
|++o . +..        |
[   10.955683] cloud-init[962]: |o  . ..o         |
[   10.957666] cloud-init[962]: +----[SHA256]-----+
         Starting System Logging Service...
         Starting Virtualbox guest utils...
         Starting Pollinate to seed the pseudo random number generator...
[   10.973576] cloud-init[962]: Generating public/private ed25519 key pair.
[   10.974747] cloud-init[962]: Your identification has been saved in /etc/ssh/ssh_host_ed25519_key.
[   10.976753] [[0;32m  OK  [0m] Started ACPI event daemon.
         Starting Accounts Service...
         Starting LSB: MD monitoring daemon...
cloud-init[962]: Your public key has been saved in /etc/ssh/ssh_host_ed25519_key.pub.
[   10.991780]          Starting Snap Daemon...
[[0;32m  OK  [0m] Started D-Bus System Message Bus.
cloud-init[962]: The key fingerprint is:
[   11.000307] cloud-init[962]: SHA256:S+phT2cE+yR2EBlOn5kKhPaGB3DJtKBAeh+6RuiCOZo root@ubuntu-xenial
[   11.002857] cloud-init[962]: The key's randomart image is:
[   11.004212] cloud-init[962]: +--[ED25519 256]--+
[   11.005420] cloud-init[962]: |o.o+oo. +o       |
[   11.006281] cloud-init[962]: |o. o*o o.o +     |
[   11.007135] cloud-init[962]: |o ..o+. + =      |
[   11.008449] cloud-init[962]: | o o..+. =       |
[   11.009307] cloud-init[962]: |. o .o  S +      |
[   11.010143] cloud-init[962]: |oo .   + B       |
[   11.011889] cloud-init[962]: |=.o   + o +      |
[   11.012797] cloud-init[962]: |o+   o + o       |
[   11.013746] cloud-init[962]: |E     . .        |
[   11.020175] cloud-init[962]: +----[SHA256]-----+
[[0;32m  OK  [0m] Started System Logging Service.
[[0;32m  OK  [0m] Started /etc/rc.local Compatibility.
[[0;32m  OK  [0m] Started Login Service.
[[0;32m  OK  [0m] Started Unattended Upgrades Shutdown.
[[0;32m  OK  [0m] Started iSCSI initiator daemon (iscsid).
         Starting Login to default iSCSI targets...
[[0;32m  OK  [0m] Started LSB: MD monitoring daemon.
         Starting Authenticate and Authorize Users to Run Privileged Tasks...
[[0;32m  OK  [0m] Started Login to default iSCSI targets.
[[0;32m  OK  [0m] Reached target Remote File Systems (Pre).
[[0;32m  OK  [0m] Reached target Remote File Systems.
         Starting LSB: daemon to balance interrupts for SMP systems...
         Starting Permit User Sessions...
         Starting LSB: automatic crash report generation...
         Starting LSB: Set the CPU Frequency Scaling governor to "ondemand"...
[[0;32m  OK  [0m] Started LSB: Set the CPU Frequency Scaling governor to "ondemand".
[[0;32m  OK  [0m] Started LSB: Record successful boot for GRUB.
[[0;32m  OK  [0m] Started Permit User Sessions.
         Starting Terminate Plymouth Boot Screen...
         Starting Hold until boot process finishes up...
[[0;32m  OK  [0m] Started Hold until boot process finishes up.
[[0;32m  OK  [0m] Started Getty on tty1.
         Starting Set console scheme...
[[0;32m  OK  [0m] Started Serial Getty on ttyS0.
[[0;32m  OK  [0m] Reached target Login Prompts.
[[0;32m  OK  [0m] Started Terminate Plymouth Boot Screen.
[[0;32m  OK  [0m] Started Set console scheme.
[[0;32m  OK  [0m] Started LSB: daemon to balance interrupts for SMP systems.
[[0;32m  OK  [0m] Started LSB: automatic crash report generation.
[[0;32m  OK  [0m] Started Authenticate and Authorize Users to Run Privileged Tasks.
[[0;32m  OK  [0m] Started Accounts Service.
[[0;32m  OK  [0m] Started Virtualbox guest utils.
[[0;32m  OK  [0m] Started LXD - container startup/shutdown.
[[0;32m  OK  [0m] Started Snap Daemon.
         Starting Wait until snapd is fully seeded...
[[0;32m  OK  [0m] Started Pollinate to seed the pseudo random number generator.
         Starting OpenBSD Secure Shell server...
[[0;32m  OK  [0m] Started OpenBSD Secure Shell server.
[[0;32m  OK  [0m] Created slice User Slice of vagrant.
         Starting User Manager for UID 1000...
[[0;32m  OK  [0m] Started Session 1 of user vagrant.
[[0;32m  OK  [0m] Started User Manager for UID 1000.
[   17.546108] cloud-init[1528]: Generating locales (this might take a while)...


Ubuntu 16.04.7 LTS ubuntu-xenial ttyS0

ubuntu-xenial login: [   18.745005] cloud-init[1528]:   en_US.UTF-8... done
[   18.746288] cloud-init[1528]: Generation complete.
[   19.500397] cloud-init[1528]: Cloud-init v. 20.4.1-0ubuntu1~16.04.1 running 'modules:config' at Fri, 29 Jan 2021 18:19:33 +0000. Up 17.35 seconds.
ci-info: no authorized SSH keys fingerprints found for user ubuntu.
<14>Jan 29 18:19:35 ec2: 
<14>Jan 29 18:19:35 ec2: #############################################################
<14>Jan 29 18:19:35 ec2: -----BEGIN SSH HOST KEY FINGERPRINTS-----
<14>Jan 29 18:19:35 ec2: 1024 SHA256:5YDpAWYAnuNk60zxIEigmNzxkdxL3QJlr/C5IawzbVc root@ubuntu-xenial (DSA)
<14>Jan 29 18:19:35 ec2: 256 SHA256:edigkvFm/Ho4LJJotMhSFC9U52V1My+RTx5PLIPKEAI root@ubuntu-xenial (ECDSA)
<14>Jan 29 18:19:35 ec2: 256 SHA256:S+phT2cE+yR2EBlOn5kKhPaGB3DJtKBAeh+6RuiCOZo root@ubuntu-xenial (ED25519)
<14>Jan 29 18:19:35 ec2: 2048 SHA256:m0Pnym3rGO5OT+3ePh7Vl3K21Pj2zk9vdOl3BEJ0lFI root@ubuntu-xenial (RSA)
<14>Jan 29 18:19:35 ec2: -----END SSH HOST KEY FINGERPRINTS-----
<14>Jan 29 18:19:35 ec2: #############################################################
-----BEGIN SSH HOST KEY KEYS-----
ecdsa-sha2-nistp256 AAAAE2VjZHNhLXNoYTItbmlzdHAyNTYAAAAIbmlzdHAyNTYAAABBBOSVUKZM5iVUTuGdM98Dc2d/6M8TB7nurVGYjFQ4vFuaU/gPnaM6rd/jtKnFjeiko59GOPKD6n4CV7hKZ507nk0= root@ubuntu-xenial
ssh-ed25519 AAAAC3NzaC1lZDI1NTE5AAAAIDdz32RUsxSg/IgHsXYnliE+Mh/OcQkbldJUFaEkfnmZ root@ubuntu-xenial
ssh-rsa AAAAB3NzaC1yc2EAAAADAQABAAABAQDDFX0NwXeNyJgDn1Z99xf2+8gRVQKOAw64Hv+DkoFPWmV/32aLhXxTUaNz9BVMaAP0pirbKBV8JLmwXrT4qv0+4Gam+ogYff5HImB35sW4W0FobUssSDMcEFfHnqOxQwvxS7XvBhHNOljJA5t+d5i488pQDmbVUaROgbykUE5QA1oyDlLzqi5Q5I90yNDIHmiAFAUDBKk4s25DSw4bjq4xSt+0+IgXmgx4AooSsqfCVXo8rNYPG6XL+08gwaH1q9VY9E7rHX+mJGvLn7TaUgu8vGyDTl2quyPCVJ7oQaxM1COpvJE8Q+yhd1Pp+5xvM8IsZ+T4JZM+dlwy4sO1+1Gd root@ubuntu-xenial
-----END SSH HOST KEY KEYS-----
[   20.191089] cloud-init[1739]: Cloud-init v. 20.4.1-0ubuntu1~16.04.1 running 'modules:final' at Fri, 29 Jan 2021 18:19:35 +0000. Up 19.96 seconds.
[   20.193001] cloud-init[1739]: ci-info: no authorized SSH keys fingerprints found for user ubuntu.
[   20.196196] cloud-init[1739]: Cloud-init v. 20.4.1-0ubuntu1~16.04.1 finished at Fri, 29 Jan 2021 18:19:35 +0000. Datasource DataSourceNoCloud [seed=/dev/sdb][dsmode=net].  Up 20.18 seconds
