[    0.000000] Initializing cgroup subsys cpuset
[    0.000000] Initializing cgroup subsys cpu
[    0.000000] Initializing cgroup subsys cpuacct
[    0.000000] Linux version 4.4.0-200-generic (buildd@lgw01-amd64-032) (gcc version 5.4.0 20160609 (Ubuntu 5.4.0-6ubuntu1~16.04.12) ) #232-Ubuntu SMP Wed Jan 13 10:18:39 UTC 2021 (Ubuntu 4.4.0-200.232-generic 4.4.244)
[    0.000000] Command line: BOOT_IMAGE=/boot/vmlinuz-4.4.0-200-generic root=LABEL=cloudimg-rootfs ro console=tty1 console=ttyS0
[    0.000000] KERNEL supported cpus:
[    0.000000]   Intel GenuineIntel
[    0.000000]   AMD AuthenticAMD
[    0.000000]   Centaur CentaurHauls
[    0.000000] x86/fpu: xstate_offset[2]:  576, xstate_sizes[2]:  256
[    0.000000] x86/fpu: Supporting XSAVE feature 0x01: 'x87 floating point registers'
[    0.000000] x86/fpu: Supporting XSAVE feature 0x02: 'SSE registers'
[    0.000000] x86/fpu: Supporting XSAVE feature 0x04: 'AVX registers'
[    0.000000] x86/fpu: Enabled xstate features 0x7, context size is 832 bytes, using 'standard' format.
[    0.000000] e820: BIOS-provided physical RAM map:
[    0.000000] BIOS-e820: [mem 0x0000000000000000-0x000000000009fbff] usable
[    0.000000] BIOS-e820: [mem 0x000000000009fc00-0x000000000009ffff] reserved
[    0.000000] BIOS-e820: [mem 0x00000000000f0000-0x00000000000fffff] reserved
[    0.000000] BIOS-e820: [mem 0x0000000000100000-0x000000007ffeffff] usable
[    0.000000] BIOS-e820: [mem 0x000000007fff0000-0x000000007fffffff] ACPI data
[    0.000000] BIOS-e820: [mem 0x00000000fec00000-0x00000000fec00fff] reserved
[    0.000000] BIOS-e820: [mem 0x00000000fee00000-0x00000000fee00fff] reserved
[    0.000000] BIOS-e820: [mem 0x00000000fffc0000-0x00000000ffffffff] reserved
[    0.000000] NX (Execute Disable) protection: active
[    0.000000] SMBIOS 2.5 present.
[    0.000000] Hypervisor detected: KVM
[    0.000000] e820: last_pfn = 0x7fff0 max_arch_pfn = 0x400000000
[    0.000000] MTRR: Disabled
[    0.000000] x86/PAT: MTRRs disabled, skipping PAT initialization too.
[    0.000000] CPU MTRRs all blank - virtualized system.
[    0.000000] x86/PAT: Configuration [0-7]: WB  WT  UC- UC  WB  WT  UC- UC  
[    0.000000] found SMP MP-table at [mem 0x0009fff0-0x0009ffff] mapped at [ffff88000009fff0]
[    0.000000] Scanning 1 areas for low memory corruption
[    0.000000] RAMDISK: [mem 0x362de000-0x37166fff]
[    0.000000] ACPI: Early table checksum verification disabled
[    0.000000] ACPI: RSDP 0x00000000000E0000 000024 (v02 VBOX  )
[    0.000000] ACPI: XSDT 0x000000007FFF0030 00003C (v01 VBOX   VBOXXSDT 00000001 ASL  00000061)
[    0.000000] ACPI: FACP 0x000000007FFF00F0 0000F4 (v04 VBOX   VBOXFACP 00000001 ASL  00000061)
[    0.000000] ACPI: DSDT 0x000000007FFF0470 002325 (v02 VBOX   VBOXBIOS 00000002 INTL 20100528)
[    0.000000] ACPI: FACS 0x000000007FFF0200 000040
[    0.000000] ACPI: FACS 0x000000007FFF0200 000040
[    0.000000] ACPI: APIC 0x000000007FFF0240 00005C (v02 VBOX   VBOXAPIC 00000001 ASL  00000061)
[    0.000000] ACPI: SSDT 0x000000007FFF02A0 0001CC (v01 VBOX   VBOXCPUT 00000002 INTL 20100528)
[    0.000000] No NUMA configuration found
[    0.000000] Faking a node at [mem 0x0000000000000000-0x000000007ffeffff]
[    0.000000] NODE_DATA(0) allocated [mem 0x7ffeb000-0x7ffeffff]
[    0.000000] kvm-clock: Using msrs 4b564d01 and 4b564d00
[    0.000000] kvm-clock: cpu 0, msr 0:7ffe3001, primary cpu clock
[    0.000000] kvm-clock: using sched offset of 4394492382 cycles
[    0.000000] clocksource: kvm-clock: mask: 0xffffffffffffffff max_cycles: 0x1cd42e4dffb, max_idle_ns: 881590591483 ns
[    0.000000] Zone ranges:
[    0.000000]   DMA      [mem 0x0000000000001000-0x0000000000ffffff]
[    0.000000]   DMA32    [mem 0x0000000001000000-0x000000007ffeffff]
[    0.000000]   Normal   empty
[    0.000000]   Device   empty
[    0.000000] Movable zone start for each node
[    0.000000] Early memory node ranges
[    0.000000]   node   0: [mem 0x0000000000001000-0x000000000009efff]
[    0.000000]   node   0: [mem 0x0000000000100000-0x000000007ffeffff]
[    0.000000] Initmem setup node 0 [mem 0x0000000000001000-0x000000007ffeffff]
[    0.000000] ACPI: PM-Timer IO Port: 0x4008
[    0.000000] IOAPIC[0]: apic_id 2, version 32, address 0xfec00000, GSI 0-23
[    0.000000] ACPI: INT_SRC_OVR (bus 0 bus_irq 0 global_irq 2 dfl dfl)
[    0.000000] ACPI: INT_SRC_OVR (bus 0 bus_irq 9 global_irq 9 low level)
[    0.000000] Using ACPI (MADT) for SMP configuration information
[    0.000000] smpboot: Allowing 2 CPUs, 0 hotplug CPUs
[    0.000000] PM: Registered nosave memory: [mem 0x00000000-0x00000fff]
[    0.000000] PM: Registered nosave memory: [mem 0x0009f000-0x0009ffff]
[    0.000000] PM: Registered nosave memory: [mem 0x000a0000-0x000effff]
[    0.000000] PM: Registered nosave memory: [mem 0x000f0000-0x000fffff]
[    0.000000] e820: [mem 0x80000000-0xfebfffff] available for PCI devices
[    0.000000] Booting paravirtualized kernel on KVM
[    0.000000] clocksource: refined-jiffies: mask: 0xffffffff max_cycles: 0xffffffff, max_idle_ns: 7645519600211568 ns
[    0.000000] setup_percpu: NR_CPUS:512 nr_cpumask_bits:512 nr_cpu_ids:2 nr_node_ids:1
[    0.000000] PERCPU: Embedded 33 pages/cpu @ffff88007fc00000 s95640 r8192 d31336 u1048576
[    0.000000] Built 1 zonelists in Node order, mobility grouping on.  Total pages: 515960
[    0.000000] Policy zone: DMA32
[    0.000000] Kernel command line: BOOT_IMAGE=/boot/vmlinuz-4.4.0-200-generic root=LABEL=cloudimg-rootfs ro console=tty1 console=ttyS0
[    0.000000] PID hash table entries: 4096 (order: 3, 32768 bytes)
[    0.000000] Memory: 2029852K/2096696K available (8641K kernel code, 1337K rwdata, 4044K rodata, 1492K init, 1296K bss, 66844K reserved, 0K cma-reserved)
[    0.000000] SLUB: HWalign=64, Order=0-3, MinObjects=0, CPUs=2, Nodes=1
[    0.000000] Kernel/User page tables isolation: enabled
[    0.000000] Hierarchical RCU implementation.
[    0.000000] 	Build-time adjustment of leaf fanout to 64.
[    0.000000] 	RCU restricting CPUs from NR_CPUS=512 to nr_cpu_ids=2.
[    0.000000] RCU: Adjusting geometry for rcu_fanout_leaf=64, nr_cpu_ids=2
[    0.000000] NR_IRQS:33024 nr_irqs:440 16
[    0.000000] Console: colour VGA+ 80x25
[    0.000000] console [tty1] enabled
[    0.000000] console [ttyS0] enabled
[    0.000000] tsc: Detected 2903.998 MHz processor
[    0.160511] Calibrating delay loop (skipped) preset value.. 5807.99 BogoMIPS (lpj=11615992)
[    0.162273] pid_max: default: 32768 minimum: 301
[    0.163215] ACPI: Core revision 20150930
[    0.165864] ACPI: 2 ACPI AML tables successfully acquired and loaded
[    0.167182] Security Framework initialized
[    0.168075] Yama: becoming mindful.
[    0.168879] AppArmor: AppArmor initialized
[    0.172309] Dentry cache hash table entries: 262144 (order: 9, 2097152 bytes)
[    0.173902] Inode-cache hash table entries: 131072 (order: 8, 1048576 bytes)
[    0.177210] Mount-cache hash table entries: 4096 (order: 3, 32768 bytes)
[    0.178456] Mountpoint-cache hash table entries: 4096 (order: 3, 32768 bytes)
[    0.179875] Initializing cgroup subsys io
[    0.180769] Initializing cgroup subsys memory
[    0.181677] Initializing cgroup subsys devices
[    0.182589] Initializing cgroup subsys freezer
[    0.183497] Initializing cgroup subsys net_cls
[    0.184432] Initializing cgroup subsys perf_event
[    0.185381] Initializing cgroup subsys net_prio
[    0.186307] Initializing cgroup subsys hugetlb
[    0.187222] Initializing cgroup subsys pids
[    0.189083] mce: CPU supports 0 MCE banks
[    0.189958] Last level iTLB entries: 4KB 128, 2MB 8, 4MB 8
[    0.191021] Last level dTLB entries: 4KB 64, 2MB 0, 4MB 0, 1GB 4
[    0.192151] Spectre V1 : Mitigation: usercopy/swapgs barriers and __user pointer sanitization
[    0.193909] Spectre V2 : Mitigation: Full generic retpoline
[    0.194982] Spectre V2 : Spectre v2 / SpectreRSB mitigation: Filling RSB on context switch
[    0.196662] Speculative Store Bypass: Vulnerable
[    0.197623] SRBDS: Unknown: Dependent on hypervisor status
[    0.198754] MDS: Vulnerable: Clear CPU buffers attempted, no microcode
[    0.202621] Freeing SMP alternatives memory: 36K
[    0.209424] ftrace: allocating 32360 entries in 127 pages
[    0.267640] smpboot: APIC(0) Converting physical 0 to logical package 0
[    0.268945] smpboot: Max logical packages: 1
[    0.270140] x2apic enabled
[    0.271092] Switched APIC routing to physical x2apic.
[    0.273459] ..TIMER: vector=0x30 apic1=0 pin1=2 apic2=-1 pin2=-1
[    0.382732] smpboot: CPU0: Intel(R) Core(TM) i5-9400F CPU @ 2.90GHz (family: 0x6, model: 0x9e, stepping: 0xa)
[    0.385053] Performance Events: unsupported p6 CPU model 158 no PMU driver, software events only.
[    0.395313] KVM setup paravirtual spinlock
[    0.398129] x86: Booting SMP configuration:
[    0.399140] .... node  #0, CPUs:      #1
[    0.400159] kvm-clock: cpu 1, msr 0:7ffe3041, secondary cpu clock
[    0.401938] mce: CPU supports 0 MCE banks
[    0.404434] x86: Booted up 1 node, 2 CPUs
[    0.405598] smpboot: Total of 2 processors activated (11615.99 BogoMIPS)
[    0.407202] devtmpfs: initialized
[    0.409614] evm: security.selinux
[    0.410415] evm: security.SMACK64
[    0.411190] evm: security.SMACK64EXEC
[    0.412058] evm: security.SMACK64TRANSMUTE
[    0.412965] evm: security.SMACK64MMAP
[    0.413806] evm: security.ima
[    0.414530] evm: security.capability
[    0.415726] clocksource: jiffies: mask: 0xffffffff max_cycles: 0xffffffff, max_idle_ns: 7645041785100000 ns
[    0.417777] futex hash table entries: 512 (order: 3, 32768 bytes)
[    0.419049] pinctrl core: initialized pinctrl subsystem
[    0.420203] RTC time:  7:45:04, date: 01/30/21
[    0.421326] NET: Registered protocol family 16
[    0.431937] cpuidle: using governor ladder
[    0.444627] cpuidle: using governor menu
[    0.445513] PCCT header not found.
[    0.446352] ACPI: bus type PCI registered
[    0.447253] acpiphp: ACPI Hot Plug PCI Controller Driver version: 0.5
[    0.448583] PCI: Using configuration type 1 for base access
[    0.461886] ACPI: Added _OSI(Module Device)
[    0.462799] ACPI: Added _OSI(Processor Device)
[    0.463781] ACPI: Added _OSI(3.0 _SCP Extensions)
[    0.464814] ACPI: Added _OSI(Processor Aggregator Device)
[    0.466558] ACPI: Executed 1 blocks of module-level executable AML code
[    0.470064] ACPI: Interpreter enabled
[    0.470981] ACPI: (supports S0 S5)
[    0.471800] ACPI: Using IOAPIC for interrupt routing
[    0.473043] PCI: Using host bridge windows from ACPI; if necessary, use "pci=nocrs" and report a bug
[    0.478435] ACPI: PCI Root Bridge [PCI0] (domain 0000 [bus 00-ff])
[    0.479638] acpi PNP0A03:00: _OSC: OS supports [ASPM ClockPM Segments MSI]
[    0.481305] acpi PNP0A03:00: _OSC: not requesting OS control; OS requires [ExtendedConfig ASPM ClockPM MSI]
[    0.483387] acpi PNP0A03:00: fail to add MMCONFIG information, can't access extended PCI configuration space under this bridge.
[    0.486089] PCI host bridge to bus 0000:00
[    0.486992] pci_bus 0000:00: root bus resource [io  0x0000-0x0cf7 window]
[    0.488294] pci_bus 0000:00: root bus resource [io  0x0d00-0xffff window]
[    0.489586] pci_bus 0000:00: root bus resource [mem 0x000a0000-0x000bffff window]
[    0.491232] pci_bus 0000:00: root bus resource [mem 0x80000000-0xfdffffff window]
[    0.492940] pci_bus 0000:00: root bus resource [bus 00-ff]
[    0.495845] pci 0000:00:01.1: legacy IDE quirk: reg 0x10: [io  0x01f0-0x01f7]
[    0.497260] pci 0000:00:01.1: legacy IDE quirk: reg 0x14: [io  0x03f6]
[    0.498654] pci 0000:00:01.1: legacy IDE quirk: reg 0x18: [io  0x0170-0x0177]
[    0.511554] pci 0000:00:01.1: legacy IDE quirk: reg 0x1c: [io  0x0376]
[    0.527963] pci 0000:00:07.0: quirk: [io  0x4000-0x403f] claimed by PIIX4 ACPI
[    0.529544] pci 0000:00:07.0: quirk: [io  0x4100-0x410f] claimed by PIIX4 SMB
[    0.540502] ACPI: PCI Interrupt Link [LNKA] (IRQs 5 9 10 *11)
[    0.542352] ACPI: PCI Interrupt Link [LNKB] (IRQs 5 9 *10 11)
[    0.543954] ACPI: PCI Interrupt Link [LNKC] (IRQs 5 *9 10 11)
[    0.545613] ACPI: PCI Interrupt Link [LNKD] (IRQs 5 9 10 *11)
[    0.547210] ACPI: Enabled 2 GPEs in block 00 to 07
[    0.548500] vgaarb: setting as boot device: PCI:0000:00:02.0
[    0.549604] vgaarb: device added: PCI:0000:00:02.0,decodes=io+mem,owns=io+mem,locks=none
[    0.551283] vgaarb: loaded
[    0.551979] vgaarb: bridge control possible 0000:00:02.0
[    0.553217] SCSI subsystem initialized
[    0.554101] ACPI: bus type USB registered
[    0.554978] usbcore: registered new interface driver usbfs
[    0.556118] usbcore: registered new interface driver hub
[    0.557179] usbcore: registered new device driver usb
[    0.558345] PCI: Using ACPI for IRQ routing
[    0.559503] NetLabel: Initializing
[    0.560297] NetLabel:  domain hash size = 128
[    0.561210] NetLabel:  protocols = UNLABELED CIPSOv4
[    0.562274] NetLabel:  unlabeled traffic allowed by default
[    0.563527] amd_nb: Cannot enumerate AMD northbridges
[    0.564638] clocksource: Switched to clocksource kvm-clock
[    0.574532] AppArmor: AppArmor Filesystem Enabled
[    0.575621] pnp: PnP ACPI init
[    0.577199] pnp: PnP ACPI: found 3 devices
[    0.587581] clocksource: acpi_pm: mask: 0xffffff max_cycles: 0xffffff, max_idle_ns: 2085701024 ns
[    0.589492] NET: Registered protocol family 2
[    0.590515] TCP established hash table entries: 16384 (order: 5, 131072 bytes)
[    0.592120] TCP bind hash table entries: 16384 (order: 6, 262144 bytes)
[    0.593411] TCP: Hash tables configured (established 16384 bind 16384)
[    0.594642] UDP hash table entries: 1024 (order: 3, 32768 bytes)
[    0.595800] UDP-Lite hash table entries: 1024 (order: 3, 32768 bytes)
[    0.597033] NET: Registered protocol family 1
[    0.597948] pci 0000:00:00.0: Limiting direct PCI/PCI transfers
[    0.599172] pci 0000:00:01.0: Activating ISA DMA hang workarounds
[    0.600536] Unpacking initramfs...
[    0.805442] Freeing initrd memory: 14884K
[    0.806417] clocksource: tsc: mask: 0xffffffffffffffff max_cycles: 0x29dc03c1beb, max_idle_ns: 440795205215 ns
[    0.808438] platform rtc_cmos: registered platform RTC device (no PNP device found)
[    0.810239] Scanning for low memory corruption every 60 seconds
[    0.811787] audit: initializing netlink subsys (disabled)
[    0.812946] audit: type=2000 audit(1611992710.890:1): initialized
[    0.814314] Initialise system trusted keyring
[    0.815369] HugeTLB registered 2 MB page size, pre-allocated 0 pages
[    0.817702] zbud: loaded
[    0.818688] VFS: Disk quotas dquot_6.6.0
[    0.819625] VFS: Dquot-cache hash table entries: 512 (order 0, 4096 bytes)
[    0.821249] squashfs: version 4.0 (2009/01/31) Phillip Lougher
[    0.822661] fuse init (API version 7.23)
[    0.823647] Key type big_key registered
[    0.824500] Allocating IMA MOK and blacklist keyrings.
[    0.826506] Key type asymmetric registered
[    0.827395] Asymmetric key parser 'x509' registered
[    0.828493] Block layer SCSI generic (bsg) driver version 0.4 loaded (major 249)
[    0.830292] io scheduler noop registered
[    0.831139] io scheduler deadline registered (default)
[    0.832193] io scheduler cfq registered
[    0.833199] pci_hotplug: PCI Hot Plug PCI Core version: 0.5
[    0.834357] pciehp: PCI Express Hot Plug Controller Driver version: 0.4
[    0.835783] ACPI: AC Adapter [AC] (on-line)
[    0.836722] input: Power Button as /devices/LNXSYSTM:00/LNXPWRBN:00/input/input0
[    0.838347] ACPI: Power Button [PWRF]
[    0.839226] input: Sleep Button as /devices/LNXSYSTM:00/LNXSLPBN:00/input/input1
[    0.840811] ACPI: Sleep Button [SLPF]
[    0.841824] GHES: HEST is not enabled!
[    0.842755] Serial: 8250/16550 driver, 32 ports, IRQ sharing enabled
[    0.864588] 00:02: ttyS0 at I/O 0x3f8 (irq = 4, base_baud = 115200) is a 16550A
[    0.868432] Linux agpgart interface v0.103
[    0.874712] loop: module loaded
[    0.875933] scsi host0: ata_piix
[    0.876870] scsi host1: ata_piix
[    0.877646] ata1: PATA max UDMA/33 cmd 0x1f0 ctl 0x3f6 bmdma 0xd000 irq 14
[    0.878931] ata2: PATA max UDMA/33 cmd 0x170 ctl 0x376 bmdma 0xd008 irq 15
[    0.880322] libphy: Fixed MDIO Bus: probed
[    0.881275] tun: Universal TUN/TAP device driver, 1.6
[    0.882289] tun: (C) 1999-2004 Max Krasnyansky <maxk@qualcomm.com>
[    0.883538] PPP generic driver version 2.4.2
[    0.884520] ehci_hcd: USB 2.0 'Enhanced' Host Controller (EHCI) Driver
[    0.885784] ehci-pci: EHCI PCI platform driver
[    0.886725] ehci-platform: EHCI generic platform driver
[    0.887777] ohci_hcd: USB 1.1 'Open' Host Controller (OHCI) Driver
[    0.888962] ohci-pci: OHCI PCI platform driver
[    0.889895] ohci-platform: OHCI generic platform driver
[    0.890938] uhci_hcd: USB Universal Host Controller Interface driver
[    0.892182] i8042: PNP: PS/2 Controller [PNP0303:PS2K,PNP0f03:PS2M] at 0x60,0x64 irq 1,12
[    0.894381] serio: i8042 KBD port at 0x60,0x64 irq 1
[    0.895383] serio: i8042 AUX port at 0x60,0x64 irq 12
[    0.896568] mousedev: PS/2 mouse device common for all mice
[    0.897973] input: AT Translated Set 2 keyboard as /devices/platform/i8042/serio0/input/input2
[    0.900082] rtc_cmos rtc_cmos: rtc core: registered rtc_cmos as rtc0
[    0.901358] rtc_cmos rtc_cmos: alarms up to one day, 114 bytes nvram
[    0.902563] i2c /dev entries driver
[    0.903385] device-mapper: uevent: version 1.0.3
[    0.904409] device-mapper: ioctl: 4.34.0-ioctl (2015-10-28) initialised: dm-devel@redhat.com
[    0.906200] ledtrig-cpu: registered to indicate activity on CPUs
[    0.907626] NET: Registered protocol family 10
[    0.908720] NET: Registered protocol family 17
[    0.909647] Key type dns_resolver registered
[    0.910854] registered taskstats version 1
[    0.911738] Loading compiled-in X.509 certificates
[    0.913140] Loaded X.509 cert 'Build time autogenerated kernel key: d37465c24ef3fae6c7088e8c56d8ac7755b77486'
[    0.915085] zswap: loaded using pool lzo/zbud
[    0.917233] Key type trusted registered
[    0.920123] Key type encrypted registered
[    0.920999] AppArmor: AppArmor sha1 policy hashing enabled
[    0.922068] ima: No TPM chip found, activating TPM-bypass!
[    0.923138] ima: Allocated hash algorithm: sha1
[    0.924093] evm: HMAC attrs: 0x1
[    0.925141]   Magic number: 5:201:775
[    0.925959] misc psaux: hash matches
[    0.926764] misc fuse: hash matches
[    0.927603] rtc_cmos rtc_cmos: setting system clock to 2021-01-30 07:45:05 UTC (1611992705)
[    0.929443] BIOS EDD facility v0.16 2004-Jun-25, 0 devices found
[    0.930592] EDD information not available.
[    1.058712] Freeing unused kernel memory: 1492K
[    1.059681] Write protecting the kernel read-only data: 14336k
[    1.061105] Freeing unused kernel memory: 1588K
[    1.062139] Freeing unused kernel memory: 52K
Loading, please wait...
starting version 229
[    1.072755] random: systemd-udevd: uninitialized urandom read (16 bytes read, 3 bits of entropy available)
[    1.073062] random: udevadm: uninitialized urandom read (16 bytes read, 3 bits of entropy available)
[    1.073077] random: udevadm: uninitialized urandom read (16 bytes read, 3 bits of entropy available)
[    1.078410] random: systemd-udevd: uninitialized urandom read (16 bytes read, 3 bits of entropy available)
[    1.079600] random: udevadm: uninitialized urandom read (16 bytes read, 3 bits of entropy available)
[    1.079632] random: udevadm: uninitialized urandom read (16 bytes read, 3 bits of entropy available)
[    1.079743] random: udevadm: uninitialized urandom read (16 bytes read, 3 bits of entropy available)
[    1.079782] random: udevadm: uninitialized urandom read (16 bytes read, 3 bits of entropy available)
[    1.079823] random: udevadm: uninitialized urandom read (16 bytes read, 3 bits of entropy available)
[    1.079862] random: udevadm: uninitialized urandom read (16 bytes read, 3 bits of entropy available)
[    1.122126] e1000: Intel(R) PRO/1000 Network Driver - version 7.3.21-k8-NAPI
[    1.123469] e1000: Copyright (c) 1999-2006 Intel Corporation.
[    1.126428] Fusion MPT base driver 3.04.20
[    1.127319] Copyright (c) 1999-2008 LSI Corporation
[    1.132271] Fusion MPT SPI Host driver 3.04.20
[    1.139940] AVX2 version of gcm_enc/dec engaged.
[    1.140913] AES CTR mode by8 optimization enabled
[    1.348260] input: ImExPS/2 Generic Explorer Mouse as /devices/platform/i8042/serio1/input/input4
[    1.618154] e1000 0000:00:03.0 eth0: (PCI:33MHz:32-bit) 02:95:c5:cf:8a:88
[    1.619437] e1000 0000:00:03.0 eth0: Intel(R) PRO/1000 Network Connection
[    1.622086] mptbase: ioc0: Initiating bringup
[    2.823485] ioc0: LSI53C1030 A0: Capabilities={Initiator}
[    5.202725] scsi host2: ioc0: LSI53C1030 A0, FwRev=00000000h, Ports=1, MaxQ=256, IRQ=20
[    7.611500] scsi 2:0:0:0: Direct-Access     VBOX     HARDDISK         1.0  PQ: 0 ANSI: 5
[    7.613293] scsi target2:0:0: Beginning Domain Validation
[    7.616071] scsi target2:0:0: Domain Validation skipping write tests
[    7.617296] scsi target2:0:0: Ending Domain Validation
[    7.618368] scsi target2:0:0: asynchronous
[    7.619541] scsi 2:0:1:0: Direct-Access     VBOX     HARDDISK         1.0  PQ: 0 ANSI: 5
[    7.621234] scsi target2:0:1: Beginning Domain Validation
[    7.622974] scsi target2:0:1: Domain Validation skipping write tests
[    7.635560] scsi target2:0:1: Ending Domain Validation
[    7.636832] scsi target2:0:1: asynchronous
[    7.653466] sd 2:0:0:0: Attached scsi generic sg0 type 0
[    7.654701] sd 2:0:0:0: [sda] 20971520 512-byte logical blocks: (10.7 GB/10.0 GiB)
[    7.656860] sd 2:0:1:0: Attached scsi generic sg1 type 0
[    7.658236] sd 2:0:1:0: [sdb] 20480 512-byte logical blocks: (10.5 MB/10.0 MiB)
[    7.659887] sd 2:0:0:0: [sda] Write Protect is off
[    7.661031] sd 2:0:0:0: [sda] Incomplete mode parameter data
[    7.662198] sd 2:0:0:0: [sda] Assuming drive cache: write through
[    7.663400] sd 2:0:1:0: [sdb] Write Protect is off
[    7.664524] sd 2:0:1:0: [sdb] Incomplete mode parameter data
[    7.665694] sd 2:0:1:0: [sdb] Assuming drive cache: write through
[    7.668283]  sda: sda1
[    7.669526] sd 2:0:0:0: [sda] Attached SCSI disk
[    7.696377] sd 2:0:1:0: [sdb] Attached SCSI disk
[    7.976486] e1000 0000:00:08.0 eth1: (PCI:33MHz:32-bit) 08:00:27:d6:4f:ff
[    7.977787] e1000 0000:00:08.0 eth1: Intel(R) PRO/1000 Network Connection
[    7.979753] e1000 0000:00:03.0 enp0s3: renamed from eth0
[    7.989329] e1000 0000:00:08.0 enp0s8: renamed from eth1
Begin: Loading essential drivers ... [    9.386707] md: linear personality registered for level -1
[    9.389686] md: multipath personality registered for level -4
[    9.392712] md: raid0 personality registered for level 0
[    9.396645] md: raid1 personality registered for level 1
[    9.468719] raid6: sse2x1   gen() 13404 MB/s
[    9.537058] raid6: sse2x1   xor()  9984 MB/s
[    9.605334] raid6: sse2x2   gen() 16946 MB/s
[    9.672725] raid6: sse2x2   xor() 11457 MB/s
[    9.741002] raid6: sse2x4   gen() 19208 MB/s
[    9.809331] raid6: sse2x4   xor() 12433 MB/s
[    9.876695] raid6: avx2x1   gen() 26383 MB/s
[    9.945377] raid6: avx2x2   gen() 30511 MB/s
[   10.013339] raid6: avx2x4   gen() 31150 MB/s
[   10.014255] raid6: using algorithm avx2x4 gen() 31150 MB/s
[   10.015352] raid6: using avx2x2 recovery algorithm
[   10.017378] xor: automatically using best checksumming function:
[   10.068971]    avx       : 27033.000 MB/sec
[   10.070821] async_tx: api initialized (async)
[   10.078930] md: raid6 personality registered for level 6
[   10.080012] md: raid5 personality registered for level 5
[   10.081088] md: raid4 personality registered for level 4
[   10.087096] md: raid10 personality registered for level 10
done.
Begin: Running /scripts/init-premount ... done.
Begin: Mounting root file system ... Begin: Running /scripts/local-top ... done.
Begin: Running /scripts/local-premount ... [   10.112321] Btrfs loaded
Scanning for Btrfs filesystems
done.
Warning: fsck not present, so skipping root file system
[   10.170955] EXT4-fs (sda1): mounted filesystem with ordered data mode. Opts: (null)
done.
Begin: Running /scripts/local-bottom ... done.
Begin: Running /scripts/init-bottom ... done.
[   10.549859] systemd[1]: systemd 229 running in system mode. (+PAM +AUDIT +SELINUX +IMA +APPARMOR +SMACK +SYSVINIT +UTMP +LIBCRYPTSETUP +GCRYPT +GNUTLS +ACL +XZ -LZ4 +SECCOMP +BLKID +ELFUTILS +KMOD -IDN)
[   10.553430] systemd[1]: Detected virtualization oracle.
[   10.554567] systemd[1]: Detected architecture x86-64.

Welcome to [1mUbuntu 16.04.7 LTS[0m!

[   10.593918] systemd[1]: Set hostname to <ubuntu>.
[   10.643368] systemd[1]: Initializing machine ID from random generator.
[   10.644660] systemd[1]: Installed transient /etc/machine-id file.
[   10.880356] random: nonblocking pool is initialized
[   11.142592] systemd[1]: Listening on Device-mapper event daemon FIFOs.
[[0;32m  OK  [0m] Listening on Device-mapper event daemon FIFOs.
[   11.145313] systemd[1]: Reached target User and Group Name Lookups.
[[0;32m  OK  [0m] Reached target User and Group Name Lookups.
[   11.147454] systemd[1]: Listening on Journal Socket.
[[0;32m  OK  [0m] Listening on Journal Socket.
[   11.157395] systemd[1]: Listening on /dev/initctl Compatibility Named Pipe.
[[0;32m  OK  [0m] Listening on /dev/initctl Compatibility Named Pipe.
[   11.159697] systemd[1]: Reached target Swap.
[[0;32m  OK  [0m] Reached target Swap.
[   11.161378] systemd[1]: Listening on Journal Audit Socket.
[[0;32m  OK  [0m] Listening on Journal Audit Socket.
[   11.163460] systemd[1]: Created slice User and Session Slice.
[[0;32m  OK  [0m] Created slice User and Session Slice.
[   11.165530] systemd[1]: Set up automount Arbitrary Executable File Formats File System Automount Point.
[[0;32m  OK  [0m] Set up automount Arbitrary Executab...ats File System Automount Point.
[   11.168629] systemd[1]: Listening on LVM2 poll daemon socket.
[[0;32m  OK  [0m] Listening on LVM2 poll daemon socket.
[   11.170647] systemd[1]: Listening on udev Control Socket.
[[0;32m  OK  [0m] Listening on udev Control Socket.
[   11.173152] systemd[1]: Started Forward Password Requests to Wall Directory Watch.
[[0;32m  OK  [0m] Started Forward Password Requests to Wall Directory Watch.
[   11.176344] systemd[1]: Listening on LVM2 metadata daemon socket.
[[0;32m  OK  [0m] Listening on LVM2 metadata daemon socket.
[   11.178442] systemd[1]: Listening on udev Kernel Socket.
[[0;32m  OK  [0m] Listening on udev Kernel Socket.
[   11.180330] systemd[1]: Reached target System Time Synchronized.
[[0;32m  OK  [0m] Reached target System Time Synchronized.
[   11.183669] systemd[1]: Reached target Encrypted Volumes.
[[0;32m  OK  [0m] Reached target Encrypted Volumes.
[   11.185640] systemd[1]: Listening on Journal Socket (/dev/log).
[[0;32m  OK  [0m] Listening on Journal Socket (/dev/log).
[   11.199000] systemd[1]: Started Trigger resolvconf update for networkd DNS.
[[0;32m  OK  [0m] Started Trigger resolvconf update for networkd DNS.
[   11.201457] systemd[1]: Listening on Syslog Socket.
[[0;32m  OK  [0m] Listening on Syslog Socket.
[   11.209301] systemd[1]: Created slice System Slice.
[[0;32m  OK  [0m] Created slice System Slice.
[   11.220763] systemd[1]: Starting Monitoring of LVM2 mirrors, snapshots etc. using dmeventd or progress polling...
         Starting Monitoring of LVM2 mirrors... dmeventd or progress polling...
[   11.224406] systemd[1]: Starting Remount Root and Kernel File Systems...
         Starting Remount Root and Kernel File Systems...
[   11.227309] systemd[1]: Mounting Debug File System...
         Mounting Debug File System...
[   11.229933] systemd[1]: Starting Uncomplicated firewall...
         Starting Uncomplicated firewall...
[   11.232501] systemd[1]: Starting Create list of required static device nodes for the current kernel...
         Starting Create list of required st... nodes for the current kernel...
[   11.241808] systemd[1]: Mounting Huge Pages File System...
         Mounting Huge Pages File System...
[   11.244191] systemd[1]: Starting Journal Service...
         Starting Journal Service...
[   11.246378] systemd[1]: Starting Set console keymap...
         Starting Set console keymap...
[   11.249051] systemd[1]: Created slice system-serial\x2dgetty.slice.
[[0;32m  OK  [0m] Created slice system-serial\x2dgetty.slice.
[   11.251557] systemd[1]: Starting Nameserver information manager...
         Starting Nameserver information manager...
[   11.254216] systemd[1]: Mounting POSIX Message Queue File System...
         Mounting POSIX Message Queue File System...
[   11.261764] systemd[1]: Reached target Slices.
[[0;32m  OK  [0m] Reached target Slices.
[   11.288423] EXT4-fs (sda1): re-mounted. Opts: (null)
[   11.300792] systemd[1]: Starting Load Kernel Modules...
         Starting Load Kernel Modules...
[   11.303856] systemd[1]: Mounted Debug File System.
[[0;32m  OK  [0m] Mounted Debug File System.
[   11.305584] systemd[1]: Mounted Huge Pages File System.
[[0;32m  OK  [0m] Mounted Huge Pages File System.
[   11.307381] systemd[1]: Mounted POSIX Message Queue File System.
[[0;32m  OK  [0m] Mounted POSIX Message Queue File System.
[   11.309860] systemd[1]: Started Remount Root and Kernel File Systems.
[[0;32m  OK  [0m] Started Remount Root and Kernel File Systems.
[   11.312929] systemd[1]: Started Uncomplicated firewall.
[[0;32m  OK  [0m] Started Uncomplicated firewall.
[   11.315109] systemd[1]: Started Create list of required static device nodes for the current kernel.
[[0;32m  OK  [0m] Started Create list of required sta...ce nodes for the current kernel.
[   11.323115] systemd[1]: Starting Create Static Device Nodes in /dev...
         Starting Create Static Device Nodes in /dev...
[   11.365266] systemd[1]: Starting udev Coldplug all Devices...
         Starting udev Coldplug all Devices...
[   11.370398] systemd[1]: Starting Load/Save Random Seed...
         Starting Load/Save Random Seed...
[   11.372548] systemd[1]: Started Set console keymap.
[[0;32m  OK  [0m] Started Set console keymap.
[   11.374582] systemd[1]: Started Nameserver information manager.
[[0;32m  OK  [0m] Started Nameserver information manager.
[   11.379172] Loading iSCSI transport class v2.0-870.
[   11.392473] systemd[1]: Started LVM2 metadata daemon.
[[0;32m  OK  [0m] Started LVM2 metadata daemon.
[   11.465444] systemd[1]: Started udev Coldplug all Devices.
[[0;32m  OK  [0m] Started udev Coldplug all Devices.
[   11.478942] iscsi: registered transport (tcp)
[   11.504176] systemd[1]: Started Journal Service.
[[0;32m  OK  [0m] Started Journal Service.
         Starting Flush Journal to Persistent Storage...
[[0;32m  OK  [0m] Started Load/Save Random Seed.
[   11.632264] systemd-journald[383]: Received request to flush runtime journal from PID 1
[[0;32m  OK  [0m] Started Flush Journal to Persistent Storage.
[   11.683434] iscsi: registered transport (iser)
[[0;32m  OK  [0m] Started Load Kernel Modules.
         Starting Apply Kernel Variables...
         Mounting FUSE Control File System...
[[0;32m  OK  [0m] Mounted FUSE Control File System.
[[0;32m  OK  [0m] Started Create Static Device Nodes in /dev.
         Starting udev Kernel Device Manager...
[[0;32m  OK  [0m] Started Apply Kernel Variables.
[[0;32m  OK  [0m] Started udev Kernel Device Manager.
[[0;32m  OK  [0m] Started Dispatch Password Requests to Console Directory Watch.
[[0;32m  OK  [0m] Found device /dev/ttyS0.
[[0;32m  OK  [0m] Listening on Load/Save RF Kill Switch Status /dev/rfkill Watch.
[[0;32m  OK  [0m] Started Monitoring of LVM2 mirrors,...ng dmeventd or progress polling.
[[0;32m  OK  [0m] Reached target Local File Systems (Pre).
[[0;32m  OK  [0m] Reached target Local File Systems.
         Starting Initial cloud-init job (pre-networking)...
         Starting Set console font and keymap...
         Starting Tell Plymouth To Write Out Runtime Data...
         Starting LSB: AppArmor initialization...
         Starting Create Volatile Files and Directories...
         Starting Commit a transient machine-id on disk...
[[0;32m  OK  [0m] Started Commit a transient machine-id on disk.
[[0;32m  OK  [0m] Started Tell Plymouth To Write Out Runtime Data.
[[0;32m  OK  [0m] Started Create Volatile Files and Directories.
         Starting Update UTMP about System Boot/Shutdown...
[[0;32m  OK  [0m] Started Update UTMP about System Boot/Shutdown.
[[0;32m  OK  [0m] Started Set console font and keymap.
[[0;32m  OK  [0m] Created slice system-getty.slice.
[[0;32m  OK  [0m] Started LSB: AppArmor initialization.
         Starting Load AppArmor profiles managed internally by snapd...
[[0;32m  OK  [0m] Started Load AppArmor profiles managed internally by snapd.
[   14.478375] cloud-init[511]: Cloud-init v. 20.4.1-0ubuntu1~16.04.1 running 'init-local' at Sat, 30 Jan 2021 07:45:18 +0000. Up 13.99 seconds.
[[0;32m  OK  [0m] Started Initial cloud-init job (pre-networking).
[[0;32m  OK  [0m] Reached target Network (Pre).
         Starting Raise network interfaces...
[[0;32m  OK  [0m] Started Raise network interfaces.
         Starting Initial cloud-init job (metadata service crawler)...
[[0;32m  OK  [0m] Reached target Network.
[   16.185775] cloud-init[961]: Cloud-init v. 20.4.1-0ubuntu1~16.04.1 running 'init' at Sat, 30 Jan 2021 07:45:19 +0000. Up 15.19 seconds.
[   16.187488] cloud-init[961]: ci-info: ++++++++++++++++++++++++++++++++++++++Net device info+++++++++++++++++++++++++++++++++++++++
[   16.189242] cloud-init[961]: ci-info: +--------+-------+----------------------------+---------------+--------+-------------------+
[   16.190974] cloud-init[961]: ci-info: | Device |   Up  |          Address           |      Mask     | Scope  |     Hw-Address    |
[   16.192669] cloud-init[961]: ci-info: +--------+-------+----------------------------+---------------+--------+-------------------+
[   16.194362] cloud-init[961]: ci-info: | enp0s3 |  True |         10.0.2.15          | 255.255.255.0 | global | 02:95:c5:cf:8a:88 |
[   16.196038] cloud-init[961]: ci-info: | enp0s3 |  True | fe80::95:c5ff:fecf:8a88/64 |       .       |  link  | 02:95:c5:cf:8a:88 |
[   16.197740] cloud-init[961]: ci-info: | enp0s8 | False |             .              |       .       |   .    | 08:00:27:d6:4f:ff |
[   16.199388] cloud-init[961]: ci-info: |   lo   |  True |         127.0.0.1          |   255.0.0.0   |  host  |         .         |
[   16.201063] cloud-init[961]: ci-info: |   lo   |  True |          ::1/128           |       .       |  host  |         .         |
[   16.202734] cloud-init[961]: ci-info: +--------+-------+----------------------------+---------------+--------+-------------------+
[   16.204419] cloud-init[961]: ci-info: +++++++++++++++++++++++++++Route IPv4 info++++++++++++++++++++++++++++
[   16.205894] cloud-init[961]: ci-info: +-------+-------------+----------+---------------+-----------+-------+
[   16.207350] cloud-init[961]: ci-info: | Route | Destination | Gateway  |    Genmask    | Interface | Flags |
[   16.208831] cloud-init[961]: ci-info: +-------+-------------+----------+---------------+-----------+-------+
[   16.210277] cloud-init[961]: ci-info: |   0   |   0.0.0.0   | 10.0.2.2 |    0.0.0.0    |   enp0s3  |   UG  |
[   16.211750] cloud-init[961]: ci-info: |   1   |   10.0.2.0  | 0.0.0.0  | 255.255.255.0 |   enp0s3  |   U   |
[   16.213241] cloud-init[961]: ci-info: +-------+-------------+----------+---------------+-----------+-------+
[   16.224243] [[0;32m  OK  [0m] Started Initial cloud-init job (metadata service crawler).
cloud-init[961]: ci-info: +++++++++++++++++++Route IPv6 info+++++++++++++++++++
[   16.225640] [cloud-init[0;32m  OK  [0m[961]: ] ci-info: +-------+-------------+---------+-----------+-------+Reached target System Initialization.

[   16.227063] [[0;32m  OK  [0m] Listening on D-Bus System Message Bus Socket.
cloud-init[[961]: [0;32m  OK  [0mci-info: | Route | Destination | Gateway | Interface | Flags |] Listening on ACPID Listen Socket.

[   16.228984] cloud-init[961]: ci-info: +-------+-------------+---------+-----------+-------+
[   16.229990] [[0;32m  OK  [0m] Started ACPI Events Check.
cloud-init[[961]: [0;32m  OK  [0mci-info: |   0   |  fe80::/64  |    ::   |   enp0s3  |   U   |] Reached target Paths.

[[0;32m  OK  [0m] Listening on UUID daemon activation socket.
[   16.232155]          Starting Socket activation for snappy daemon.
cloud-init[961]: ci-info: |   3   |   ff00::/8  |    ::   |   enp0s3  |   U   |
[   16.233963] cloud-init[961]: ci-info: +-------+-------------+---------+-----------+-------+
[   16.235211] cloud-init[961]: Generating public/private rsa key pair.
[   16.236220] cloud-init[961]: Your identification has been saved in /etc/ssh/ssh_host_rsa_key.
[   16.237481] cloud-init[961]: Your public key has been saved in /etc/ssh/ssh_host_rsa_key.pub.
[   16.238746] cloud-init[961]: The key fingerprint is:
[   16.239657] cloud-init[961]: SHA256:qk1G8YBJIs/rpgpKmpBuT7MSPQujIyjY+TUGurhN8aA root@ubuntu-xenial
[   16.241257]          Starting LXD - unix socket.
cloud-init[961]: The key's randomart image is:
[   16.242469] cloud-init[[0;32m  OK  [0m] Started Daily apt download activities.
[[0;32m  OK  [0m] Started Message of the Day.
[[0;32m  OK  [0m] Started Daily Cleanup of Temporary Directories.
[[0;32m  OK  [0m] Started Daily apt upgrade and clean activities.
[[0;32m  OK  [0m] Reached target Timers.
[[0;32m  OK  [0m] Reached target Network is Online.
[961]: +---[RSA 2048]----+
[   16.246416] cloud-init[961]: |. . .            |
[   16.247317] cloud-init[961]: | + o o           |
[   16.248238] cloud-init[961]: |  o o o          |
[   16.248898] cloud-init[961]: |   .   +         |
[   16.249777] cloud-init[961]: |  = . . S        |
[   16.250661] cloud-init[961]: | B B o .         |
[   16.251544] cloud-init[961]: |EoO++ B          |
[   16.258349] cloud-init[961]: |#X+ooB .         |
[   16.259247] cloud-init[961]: |&+=+o .          |
[   16.260156] cloud-init[961]: +----[SHA256]-----+
[   16.261033] cloud-init[961]: Generating public/private dsa key pair.
[   16.262102] cloud-init[961]: Your identification has been saved in /etc/ssh/ssh_host_dsa_key.
[   16.263380] cloud-init[961]: Your public key has been saved in /etc/ssh/ssh_host_dsa_key.pub.         Starting iSCSI initiator daemon (iscsid)...
[[0;32m  OK  [0m] Reached target Cloud-config availability.
[[0;32m  OK  [0m] Listening on Socket activation for snappy daemon.
[[0;32m  OK  [0m] Listening on LXD - unix socket.
[[0;32m  OK  [0m] Reached target Sockets.
[[0;32m  OK  [0m] Reached target Basic System.
[[0;32m  OK  [0m] Started D-Bus System Message Bus.

[   16.268181] cloud-init[961]: The key fingerprint is:
[   16.269161] cloud-init[961]: SHA256:kiDkIBSLeE4JApRAV13Dqk90I+rnctr3XeT+5vETTd0 root@ubuntu-xenial
[   16.270472] cloud-init[961]: The key's randomart image is:
[   16.271458] cloud-init[961]: +---[DSA 1024]----+
[   16.272373] cloud-init[961]: |&=+.... oo       |
[   16.273263] cloud-init[961]: |=*o.   . ..      |
[   16.274144] cloud-init[961]: |o.* .   .       o|
[   16.275025] cloud-init[961]: | + . . = o      E|
[   16.275963] cloud-init[961]: |  .   * S .    o.|
[   16.276871] cloud-init[961]: |     o o      o..|
[   16.277765] cloud-init[961]: |    . o        +.|
[   16.278639] cloud-init[961]: |     o.+ .  . o.+|
[   16.279552] cloud-init[961]: |     .*o. .. . +*|
[   16.280452] cloud-init[961]: +----[SHA256]-----+
[   16.281350] cloud-init[961]: Generating public/private ecdsa key pair.
[   16.282421] cloud-init[961]: Your identification has been saved in /etc/ssh/ssh_host_ecdsa_key.
[   16.283733] cloud-init[961]: Your public key has been saved in /etc/ssh/ssh_host_ecdsa_key.pub.
[   16.285069] cloud-init[961]: The key fingerprint is:
[   16.285990] cloud-init[961]: SHA256:GcFFiXGYGDdf7iX9vfGGa5ygHrgJfmQPmmzQDYA1Ss4 root@ubuntu-xenial
[   16.287341] cloud-init[961]: The key's randomart image is:
[   16.288678] cloud-init[961]: +---[ECDSA 256]---+
[   16.289828] cloud-init[961]: |  .oo .+=B+..    |
[   16.290834] cloud-init[961]: | +......==.o .   |
[   16.291719] cloud-init[961]: |  E  .  . . o o  |
[   16.294053] cloud-init[961]: |      .  o . o ..|
[   16.294948] cloud-init[961]: |     . oS   .  .o|
[   16.295827] cloud-init[961]: |    . . =.  .  .+|
[   16.296841] cloud-init[961]: |     o.=.o.. o.oo|
[   16.297712] cloud-init[961]: |     .=..oo.  +o |
[   16.298608] cloud-init[961]: |     ...o..  ..  |
[   16.299483] cloud-init[961]: +----[SHA256]-----+
[   16.300393] cloud-init[961]: Generating public/private ed25519 key pair.
[   16.301463] cloud-init[961]: Your identification has been saved in /etc/ssh/ssh_host_ed25519_key.
[   16.302769] cloud-init[961]: Your public key has been saved in /etc/ssh/ssh_host_ed25519_key.pub.
[   16.304058] cloud-init[961]: The key fingerprint is:
[   16.305035] cloud-init[961]: SHA256:2eihXk5NjVQlJmL/hpssGZrlC9n5JCFzEz5165B8Hhs root@ubuntu-xenial
[   16.306662] cloud-init[961]: The key's randomart image is:
[   16.307793] cloud-init[961]: +--[ED25519 256]--+
[   16.308765] cloud-init[961]: |        o . +..  |
[   16.309650] cloud-init[961]: |       . o + .   |
[   16.310688] cloud-init[961]: |        . + .    |
[   16.311572] cloud-init[961]: |       . O B .   |
[   16.312511] cloud-init[961]: |      o S O E    |
[   16.313424] cloud-init[961]: |       & % O +   |
[   16.314316] cloud-init[961]: |      * @ * +    |
[   16.315210] cloud-init[961]: |     . = *       |
[   16.316472] cloud-init[961]: |      . o .      |
[   16.317433] cloud-init[961]: +----[SHA256]-----+
[[0;32m  OK  [0m] Started Deferred execution scheduler.
         Starting /etc/rc.local Compatibility...
[[0;32m  OK  [0m] Started FUSE filesystem for LXC.
[[0;32m  OK  [0m] Started ACPI event daemon.
         Starting Login Service...
         Starting Pollinate to seed the pseudo random number generator...
         Starting LSB: Record successful boot for GRUB...
         Starting Virtualbox guest utils...
         Starting System Logging Service...
         Starting LXD - container startup/shutdown...
         Starting LSB: MD monitoring daemon...
         Starting Accounts Service...
[[0;32m  OK  [0m] Started Regular background program processing daemon.
         Starting Snap Daemon...
[[0;32m  OK  [0m] Started /etc/rc.local Compatibility.
[[0;32m  OK  [0m] Started iSCSI initiator daemon (iscsid).
         Starting Login to default iSCSI targets...
[[0;32m  OK  [0m] Started Login Service.
[[0;32m  OK  [0m] Started Unattended Upgrades Shutdown.
[[0;32m  OK  [0m] Started Login to default iSCSI targets.
[[0;32m  OK  [0m] Reached target Remote File Systems (Pre).
[[0;32m  OK  [0m] Reached target Remote File Systems.
         Starting LSB: Set the CPU Frequency Scaling governor to "ondemand"...
         Starting LSB: daemon to balance interrupts for SMP systems...
         Starting Permit User Sessions...
         Starting LSB: automatic crash report generation...
[[0;32m  OK  [0m] Started LSB: MD monitoring daemon.
[[0;32m  OK  [0m] Started LSB: Set the CPU Frequency Scaling governor to "ondemand".
[[0;32m  OK  [0m] Started Permit User Sessions.
         Starting Hold until boot process finishes up...
         Starting Terminate Plymouth Boot Screen...
[[0;32m  OK  [0m] Started LSB: Record successful boot for GRUB.
[[0;32m  OK  [0m] Started Hold until boot process finishes up.
[[0;32m  OK  [0m] Started Serial Getty on ttyS0.
[[0;32m  OK  [0m] Started Getty on tty1.
[[0;32m  OK  [0m] Reached target Login Prompts.
         Starting Set console scheme...
[[0;32m  OK  [0m] Started Terminate Plymouth Boot Screen.
[[0;32m  OK  [0m] Started Set console scheme.
[[0;32m  OK  [0m] Started LSB: daemon to balance interrupts for SMP systems.
[[0;32m  OK  [0m] Started System Logging Service.
[[0;32m  OK  [0m] Started LSB: automatic crash report generation.
[[0;32m  OK  [0m] Started Virtualbox guest utils.
         Starting Authenticate and Authorize Users to Run Privileged Tasks...
[[0;32m  OK  [0m] Started Authenticate and Authorize Users to Run Privileged Tasks.
[[0;32m  OK  [0m] Started Accounts Service.
[[0;32m  OK  [0m] Started LXD - container startup/shutdown.
[[0;32m  OK  [0m] Started Snap Daemon.
         Starting Wait until snapd is fully seeded...
[[0;32m  OK  [0m] Started Pollinate to seed the pseudo random number generator.
         Starting OpenBSD Secure Shell server...
[[0;32m  OK  [0m] Started OpenBSD Secure Shell server.
[[0;32m  OK  [0m] Created slice User Slice of vagrant.
         Starting User Manager for UID 1000...
[[0;32m  OK  [0m] Started Session 1 of user vagrant.
[[0;32m  OK  [0m] Started User Manager for UID 1000.

Ubuntu 16.04.7 LTS ubuntu-xenial ttyS0

ubuntu-xenial login: [   23.778479] cloud-init[1589]: Generating locales (this might take a while)...
[   24.814375] cloud-init[1589]:   en_US.UTF-8... done
[   24.820720] cloud-init[1589]: Generation complete.
[   25.567605] cloud-init[1589]: Cloud-init v. 20.4.1-0ubuntu1~16.04.1 running 'modules:config' at Sat, 30 Jan 2021 07:45:28 +0000. Up 23.54 seconds.
ci-info: no authorized SSH keys fingerprints found for user ubuntu.
<14>Jan 30 07:45:30 ec2: 
<14>Jan 30 07:45:30 ec2: #############################################################
<14>Jan 30 07:45:30 ec2: -----BEGIN SSH HOST KEY FINGERPRINTS-----
<14>Jan 30 07:45:30 ec2: 1024 SHA256:kiDkIBSLeE4JApRAV13Dqk90I+rnctr3XeT+5vETTd0 root@ubuntu-xenial (DSA)
<14>Jan 30 07:45:30 ec2: 256 SHA256:GcFFiXGYGDdf7iX9vfGGa5ygHrgJfmQPmmzQDYA1Ss4 root@ubuntu-xenial (ECDSA)
<14>Jan 30 07:45:30 ec2: 256 SHA256:2eihXk5NjVQlJmL/hpssGZrlC9n5JCFzEz5165B8Hhs root@ubuntu-xenial (ED25519)
<14>Jan 30 07:45:30 ec2: 2048 SHA256:qk1G8YBJIs/rpgpKmpBuT7MSPQujIyjY+TUGurhN8aA root@ubuntu-xenial (RSA)
<14>Jan 30 07:45:30 ec2: -----END SSH HOST KEY FINGERPRINTS-----
<14>Jan 30 07:45:30 ec2: #############################################################
-----BEGIN SSH HOST KEY KEYS-----
ecdsa-sha2-nistp256 AAAAE2VjZHNhLXNoYTItbmlzdHAyNTYAAAAIbmlzdHAyNTYAAABBBPAb4BG1auv9XSA5vjYSLcHCOmf7mKvmDKr0E36Qaywjs6HfMc39raC178KmpqoKy4iHeSp0vxbcN0a2QTB8TJo= root@ubuntu-xenial
ssh-ed25519 AAAAC3NzaC1lZDI1NTE5AAAAIJ3N3TW13vLb6oRJsVMgh/3B7PyItEGE+Pq1DJPn3JrD root@ubuntu-xenial
ssh-rsa AAAAB3NzaC1yc2EAAAADAQABAAABAQCoT/0fzCEEuAvpJXQXakM0wWI90NWOCldgoiDvE6cRivfb6JBXwxR5PDYM6o7oGzNYDnaRtpaEBxiA+w7fvWF4ic7eBezs69hbij3DWn/kSmhLMak7S1VNEP+8q6aVsMPpB9NId0m2damvu3CP15PBuGs30IcT9JbdxZnKXV60mkLR/Ew3QMR9zTQGS2cL+HguUs6ftQZ1g7S7jxo2NdTaHRgaT8zJmPvtNGB2ntXDLWJhruxa5fPY7VFgwwmcmuQmGESShwwHKPl33VVMtI8auMxMZBBRzcSUXLNNCJ/GQJ5KQlDsusYtTOcdCnWQlnoO42OCLZ1HLHJtJujAXm/T root@ubuntu-xenial
-----END SSH HOST KEY KEYS-----
[   26.154880] cloud-init[1845]: Cloud-init v. 20.4.1-0ubuntu1~16.04.1 running 'modules:final' at Sat, 30 Jan 2021 07:45:30 +0000. Up 25.96 seconds.
[   26.155890] cloud-init[1845]: ci-info: no authorized SSH keys fingerprints found for user ubuntu.
[   26.157054] cloud-init[1845]: Cloud-init v. 20.4.1-0ubuntu1~16.04.1 finished at Sat, 30 Jan 2021 07:45:30 +0000. Datasource DataSourceNoCloud [seed=/dev/sdb][dsmode=net].  Up 26.14 seconds
