[    0.000000] Initializing cgroup subsys cpuset
[    0.000000] Initializing cgroup subsys cpu
[    0.000000] Initializing cgroup subsys cpuacct
[    0.000000] Linux version 4.4.0-200-generic (buildd@lgw01-amd64-032) (gcc version 5.4.0 20160609 (Ubuntu 5.4.0-6ubuntu1~16.04.12) ) #232-Ubuntu SMP Wed Jan 13 10:18:39 UTC 2021 (Ubuntu 4.4.0-200.232-generic 4.4.244)
[    0.000000] Command line: BOOT_IMAGE=/boot/vmlinuz-4.4.0-200-generic root=LABEL=cloudimg-rootfs ro console=tty1 console=ttyS0
[    0.000000] KERNEL supported cpus:
[    0.000000]   Intel GenuineIntel
[    0.000000]   AMD AuthenticAMD
[    0.000000]   Centaur CentaurHauls
[    0.000000] x86/fpu: xstate_offset[2]:  576, xstate_sizes[2]:  256
[    0.000000] x86/fpu: Supporting XSAVE feature 0x01: 'x87 floating point registers'
[    0.000000] x86/fpu: Supporting XSAVE feature 0x02: 'SSE registers'
[    0.000000] x86/fpu: Supporting XSAVE feature 0x04: 'AVX registers'
[    0.000000] x86/fpu: Enabled xstate features 0x7, context size is 832 bytes, using 'standard' format.
[    0.000000] e820: BIOS-provided physical RAM map:
[    0.000000] BIOS-e820: [mem 0x0000000000000000-0x000000000009fbff] usable
[    0.000000] BIOS-e820: [mem 0x000000000009fc00-0x000000000009ffff] reserved
[    0.000000] BIOS-e820: [mem 0x00000000000f0000-0x00000000000fffff] reserved
[    0.000000] BIOS-e820: [mem 0x0000000000100000-0x000000007ffeffff] usable
[    0.000000] BIOS-e820: [mem 0x000000007fff0000-0x000000007fffffff] ACPI data
[    0.000000] BIOS-e820: [mem 0x00000000fec00000-0x00000000fec00fff] reserved
[    0.000000] BIOS-e820: [mem 0x00000000fee00000-0x00000000fee00fff] reserved
[    0.000000] BIOS-e820: [mem 0x00000000fffc0000-0x00000000ffffffff] reserved
[    0.000000] NX (Execute Disable) protection: active
[    0.000000] SMBIOS 2.5 present.
[    0.000000] Hypervisor detected: KVM
[    0.000000] e820: last_pfn = 0x7fff0 max_arch_pfn = 0x400000000
[    0.000000] MTRR: Disabled
[    0.000000] x86/PAT: MTRRs disabled, skipping PAT initialization too.
[    0.000000] CPU MTRRs all blank - virtualized system.
[    0.000000] x86/PAT: Configuration [0-7]: WB  WT  UC- UC  WB  WT  UC- UC  
[    0.000000] found SMP MP-table at [mem 0x0009fff0-0x0009ffff] mapped at [ffff88000009fff0]
[    0.000000] Scanning 1 areas for low memory corruption
[    0.000000] RAMDISK: [mem 0x362de000-0x37166fff]
[    0.000000] ACPI: Early table checksum verification disabled
[    0.000000] ACPI: RSDP 0x00000000000E0000 000024 (v02 VBOX  )
[    0.000000] ACPI: XSDT 0x000000007FFF0030 00003C (v01 VBOX   VBOXXSDT 00000001 ASL  00000061)
[    0.000000] ACPI: FACP 0x000000007FFF00F0 0000F4 (v04 VBOX   VBOXFACP 00000001 ASL  00000061)
[    0.000000] ACPI: DSDT 0x000000007FFF0470 002325 (v02 VBOX   VBOXBIOS 00000002 INTL 20100528)
[    0.000000] ACPI: FACS 0x000000007FFF0200 000040
[    0.000000] ACPI: FACS 0x000000007FFF0200 000040
[    0.000000] ACPI: APIC 0x000000007FFF0240 00005C (v02 VBOX   VBOXAPIC 00000001 ASL  00000061)
[    0.000000] ACPI: SSDT 0x000000007FFF02A0 0001CC (v01 VBOX   VBOXCPUT 00000002 INTL 20100528)
[    0.000000] No NUMA configuration found
[    0.000000] Faking a node at [mem 0x0000000000000000-0x000000007ffeffff]
[    0.000000] NODE_DATA(0) allocated [mem 0x7ffeb000-0x7ffeffff]
[    0.000000] kvm-clock: Using msrs 4b564d01 and 4b564d00
[    0.000000] kvm-clock: cpu 0, msr 0:7ffe3001, primary cpu clock
[    0.000000] kvm-clock: using sched offset of 3665155179 cycles
[    0.000000] clocksource: kvm-clock: mask: 0xffffffffffffffff max_cycles: 0x1cd42e4dffb, max_idle_ns: 881590591483 ns
[    0.000000] Zone ranges:
[    0.000000]   DMA      [mem 0x0000000000001000-0x0000000000ffffff]
[    0.000000]   DMA32    [mem 0x0000000001000000-0x000000007ffeffff]
[    0.000000]   Normal   empty
[    0.000000]   Device   empty
[    0.000000] Movable zone start for each node
[    0.000000] Early memory node ranges
[    0.000000]   node   0: [mem 0x0000000000001000-0x000000000009efff]
[    0.000000]   node   0: [mem 0x0000000000100000-0x000000007ffeffff]
[    0.000000] Initmem setup node 0 [mem 0x0000000000001000-0x000000007ffeffff]
[    0.000000] ACPI: PM-Timer IO Port: 0x4008
[    0.000000] IOAPIC[0]: apic_id 2, version 32, address 0xfec00000, GSI 0-23
[    0.000000] ACPI: INT_SRC_OVR (bus 0 bus_irq 0 global_irq 2 dfl dfl)
[    0.000000] ACPI: INT_SRC_OVR (bus 0 bus_irq 9 global_irq 9 low level)
[    0.000000] Using ACPI (MADT) for SMP configuration information
[    0.000000] smpboot: Allowing 2 CPUs, 0 hotplug CPUs
[    0.000000] PM: Registered nosave memory: [mem 0x00000000-0x00000fff]
[    0.000000] PM: Registered nosave memory: [mem 0x0009f000-0x0009ffff]
[    0.000000] PM: Registered nosave memory: [mem 0x000a0000-0x000effff]
[    0.000000] PM: Registered nosave memory: [mem 0x000f0000-0x000fffff]
[    0.000000] e820: [mem 0x80000000-0xfebfffff] available for PCI devices
[    0.000000] Booting paravirtualized kernel on KVM
[    0.000000] clocksource: refined-jiffies: mask: 0xffffffff max_cycles: 0xffffffff, max_idle_ns: 7645519600211568 ns
[    0.000000] setup_percpu: NR_CPUS:512 nr_cpumask_bits:512 nr_cpu_ids:2 nr_node_ids:1
[    0.000000] PERCPU: Embedded 33 pages/cpu @ffff88007fc00000 s95640 r8192 d31336 u1048576
[    0.000000] Built 1 zonelists in Node order, mobility grouping on.  Total pages: 515960
[    0.000000] Policy zone: DMA32
[    0.000000] Kernel command line: BOOT_IMAGE=/boot/vmlinuz-4.4.0-200-generic root=LABEL=cloudimg-rootfs ro console=tty1 console=ttyS0
[    0.000000] PID hash table entries: 4096 (order: 3, 32768 bytes)
[    0.000000] Memory: 2029852K/2096696K available (8641K kernel code, 1337K rwdata, 4044K rodata, 1492K init, 1296K bss, 66844K reserved, 0K cma-reserved)
[    0.000000] SLUB: HWalign=64, Order=0-3, MinObjects=0, CPUs=2, Nodes=1
[    0.000000] Kernel/User page tables isolation: enabled
[    0.000000] Hierarchical RCU implementation.
[    0.000000] 	Build-time adjustment of leaf fanout to 64.
[    0.000000] 	RCU restricting CPUs from NR_CPUS=512 to nr_cpu_ids=2.
[    0.000000] RCU: Adjusting geometry for rcu_fanout_leaf=64, nr_cpu_ids=2
[    0.000000] NR_IRQS:33024 nr_irqs:440 16
[    0.000000] Console: colour VGA+ 80x25
[    0.000000] console [tty1] enabled
[    0.000000] console [ttyS0] enabled
[    0.000000] tsc: Detected 2903.998 MHz processor
[    0.176768] Calibrating delay loop (skipped) preset value.. 5807.99 BogoMIPS (lpj=11615992)
[    0.178583] pid_max: default: 32768 minimum: 301
[    0.179531] ACPI: Core revision 20150930
[    0.181815] ACPI: 2 ACPI AML tables successfully acquired and loaded
[    0.183138] Security Framework initialized
[    0.183995] Yama: becoming mindful.
[    0.184811] AppArmor: AppArmor initialized
[    0.188215] Dentry cache hash table entries: 262144 (order: 9, 2097152 bytes)
[    0.189801] Inode-cache hash table entries: 131072 (order: 8, 1048576 bytes)
[    0.193517] Mount-cache hash table entries: 4096 (order: 3, 32768 bytes)
[    0.194801] Mountpoint-cache hash table entries: 4096 (order: 3, 32768 bytes)
[    0.196260] Initializing cgroup subsys io
[    0.197129] Initializing cgroup subsys memory
[    0.198036] Initializing cgroup subsys devices
[    0.198957] Initializing cgroup subsys freezer
[    0.199897] Initializing cgroup subsys net_cls
[    0.200835] Initializing cgroup subsys perf_event
[    0.201800] Initializing cgroup subsys net_prio
[    0.202730] Initializing cgroup subsys hugetlb
[    0.203668] Initializing cgroup subsys pids
[    0.205542] mce: CPU supports 0 MCE banks
[    0.206432] Last level iTLB entries: 4KB 128, 2MB 8, 4MB 8
[    0.207554] Last level dTLB entries: 4KB 64, 2MB 0, 4MB 0, 1GB 4
[    0.208762] Spectre V1 : Mitigation: usercopy/swapgs barriers and __user pointer sanitization
[    0.210655] Spectre V2 : Mitigation: Full generic retpoline
[    0.211793] Spectre V2 : Spectre v2 / SpectreRSB mitigation: Filling RSB on context switch
[    0.213653] Speculative Store Bypass: Vulnerable
[    0.214662] SRBDS: Unknown: Dependent on hypervisor status
[    0.216102] MDS: Vulnerable: Clear CPU buffers attempted, no microcode
[    0.220475] Freeing SMP alternatives memory: 36K
[    0.227611] ftrace: allocating 32360 entries in 127 pages
[    0.286776] smpboot: APIC(0) Converting physical 0 to logical package 0
[    0.288367] smpboot: Max logical packages: 1
[    0.289537] x2apic enabled
[    0.290471] Switched APIC routing to physical x2apic.
[    0.292791] ..TIMER: vector=0x30 apic1=0 pin1=2 apic2=-1 pin2=-1
[    0.402046] smpboot: CPU0: Intel(R) Core(TM) i5-9400F CPU @ 2.90GHz (family: 0x6, model: 0x9e, stepping: 0xa)
[    0.404378] Performance Events: unsupported p6 CPU model 158 no PMU driver, software events only.
[    0.416798] KVM setup paravirtual spinlock
[    0.420924] x86: Booting SMP configuration:
[    0.421989] .... node  #0, CPUs:      #1
[    0.423015] kvm-clock: cpu 1, msr 0:7ffe3041, secondary cpu clock
[    0.426123] mce: CPU supports 0 MCE banks
[    0.432780] x86: Booted up 1 node, 2 CPUs
[    0.433897] smpboot: Total of 2 processors activated (11615.99 BogoMIPS)
[    0.435589] devtmpfs: initialized
[    0.437995] evm: security.selinux
[    0.438787] evm: security.SMACK64
[    0.439553] evm: security.SMACK64EXEC
[    0.440361] evm: security.SMACK64TRANSMUTE
[    0.441253] evm: security.SMACK64MMAP
[    0.442088] evm: security.ima
[    0.442820] evm: security.capability
[    0.444141] clocksource: jiffies: mask: 0xffffffff max_cycles: 0xffffffff, max_idle_ns: 7645041785100000 ns
[    0.446079] futex hash table entries: 512 (order: 3, 32768 bytes)
[    0.447393] pinctrl core: initialized pinctrl subsystem
[    0.448542] RTC time:  7:52:31, date: 01/29/21
[    0.466411] NET: Registered protocol family 16
[    0.478924] cpuidle: using governor ladder
[    0.490629] cpuidle: using governor menu
[    0.491506] PCCT header not found.
[    0.492346] ACPI: bus type PCI registered
[    0.493213] acpiphp: ACPI Hot Plug PCI Controller Driver version: 0.5
[    0.494549] PCI: Using configuration type 1 for base access
[    0.507797] ACPI: Added _OSI(Module Device)
[    0.508708] ACPI: Added _OSI(Processor Device)
[    0.509628] ACPI: Added _OSI(3.0 _SCP Extensions)
[    0.510583] ACPI: Added _OSI(Processor Aggregator Device)
[    0.512274] ACPI: Executed 1 blocks of module-level executable AML code
[    0.515583] ACPI: Interpreter enabled
[    0.516428] ACPI: (supports S0 S5)
[    0.517199] ACPI: Using IOAPIC for interrupt routing
[    0.518354] PCI: Using host bridge windows from ACPI; if necessary, use "pci=nocrs" and report a bug
[    0.523657] ACPI: PCI Root Bridge [PCI0] (domain 0000 [bus 00-ff])
[    0.525002] acpi PNP0A03:00: _OSC: OS supports [ASPM ClockPM Segments MSI]
[    0.526590] acpi PNP0A03:00: _OSC: not requesting OS control; OS requires [ExtendedConfig ASPM ClockPM MSI]
[    0.528545] acpi PNP0A03:00: fail to add MMCONFIG information, can't access extended PCI configuration space under this bridge.
[    0.531038] PCI host bridge to bus 0000:00
[    0.531927] pci_bus 0000:00: root bus resource [io  0x0000-0x0cf7 window]
[    0.533195] pci_bus 0000:00: root bus resource [io  0x0d00-0xffff window]
[    0.534453] pci_bus 0000:00: root bus resource [mem 0x000a0000-0x000bffff window]
[    0.536052] pci_bus 0000:00: root bus resource [mem 0x80000000-0xfdffffff window]
[    0.537640] pci_bus 0000:00: root bus resource [bus 00-ff]
[    0.540408] pci 0000:00:01.1: legacy IDE quirk: reg 0x10: [io  0x01f0-0x01f7]
[    0.541776] pci 0000:00:01.1: legacy IDE quirk: reg 0x14: [io  0x03f6]
[    0.543003] pci 0000:00:01.1: legacy IDE quirk: reg 0x18: [io  0x0170-0x0177]
[    0.555780] pci 0000:00:01.1: legacy IDE quirk: reg 0x1c: [io  0x0376]
[    0.573406] pci 0000:00:07.0: quirk: [io  0x4000-0x403f] claimed by PIIX4 ACPI
[    0.575017] pci 0000:00:07.0: quirk: [io  0x4100-0x410f] claimed by PIIX4 SMB
[    0.587571] ACPI: PCI Interrupt Link [LNKA] (IRQs 5 9 10 *11)
[    0.589529] ACPI: PCI Interrupt Link [LNKB] (IRQs 5 9 *10 11)
[    0.591587] ACPI: PCI Interrupt Link [LNKC] (IRQs 5 *9 10 11)
[    0.593113] ACPI: PCI Interrupt Link [LNKD] (IRQs 5 9 10 *11)
[    0.594720] ACPI: Enabled 2 GPEs in block 00 to 07
[    0.596187] vgaarb: setting as boot device: PCI:0000:00:02.0
[    0.597254] vgaarb: device added: PCI:0000:00:02.0,decodes=io+mem,owns=io+mem,locks=none
[    0.598948] vgaarb: loaded
[    0.599661] vgaarb: bridge control possible 0000:00:02.0
[    0.600945] SCSI subsystem initialized
[    0.601927] ACPI: bus type USB registered
[    0.602892] usbcore: registered new interface driver usbfs
[    0.604085] usbcore: registered new interface driver hub
[    0.605272] usbcore: registered new device driver usb
[    0.606631] PCI: Using ACPI for IRQ routing
[    0.607920] NetLabel: Initializing
[    0.608744] NetLabel:  domain hash size = 128
[    0.613964] NetLabel:  protocols = UNLABELED CIPSOv4
[    0.615051] NetLabel:  unlabeled traffic allowed by default
[    0.616326] amd_nb: Cannot enumerate AMD northbridges
[    0.617417] clocksource: Switched to clocksource kvm-clock
[    0.628150] AppArmor: AppArmor Filesystem Enabled
[    0.629217] pnp: PnP ACPI init
[    0.630755] pnp: PnP ACPI: found 3 devices
[    0.658239] clocksource: acpi_pm: mask: 0xffffff max_cycles: 0xffffff, max_idle_ns: 2085701024 ns
[    0.660126] NET: Registered protocol family 2
[    0.661231] TCP established hash table entries: 16384 (order: 5, 131072 bytes)
[    0.662846] TCP bind hash table entries: 16384 (order: 6, 262144 bytes)
[    0.664088] TCP: Hash tables configured (established 16384 bind 16384)
[    0.667508] UDP hash table entries: 1024 (order: 3, 32768 bytes)
[    0.669126] UDP-Lite hash table entries: 1024 (order: 3, 32768 bytes)
[    0.670453] NET: Registered protocol family 1
[    0.671533] pci 0000:00:00.0: Limiting direct PCI/PCI transfers
[    0.672694] pci 0000:00:01.0: Activating ISA DMA hang workarounds
[    0.674032] Unpacking initramfs...
[    0.903852] Freeing initrd memory: 14884K
[    0.904806] clocksource: tsc: mask: 0xffffffffffffffff max_cycles: 0x29dc03c1beb, max_idle_ns: 440795205215 ns
[    0.907374] platform rtc_cmos: registered platform RTC device (no PNP device found)
[    0.909029] Scanning for low memory corruption every 60 seconds
[    0.910725] audit: initializing netlink subsys (disabled)
[    0.911801] audit: type=2000 audit(1611906757.049:1): initialized
[    0.913158] Initialise system trusted keyring
[    0.914214] HugeTLB registered 2 MB page size, pre-allocated 0 pages
[    0.916501] zbud: loaded
[    0.917452] VFS: Disk quotas dquot_6.6.0
[    0.918354] VFS: Dquot-cache hash table entries: 512 (order 0, 4096 bytes)
[    0.919828] squashfs: version 4.0 (2009/01/31) Phillip Lougher
[    0.921202] fuse init (API version 7.23)
[    0.922219] Key type big_key registered
[    0.923070] Allocating IMA MOK and blacklist keyrings.
[    0.925057] Key type asymmetric registered
[    0.925968] Asymmetric key parser 'x509' registered
[    0.927070] Block layer SCSI generic (bsg) driver version 0.4 loaded (major 249)
[    0.928687] io scheduler noop registered
[    0.929538] io scheduler deadline registered (default)
[    0.930670] io scheduler cfq registered
[    0.931584] pci_hotplug: PCI Hot Plug PCI Core version: 0.5
[    0.932669] pciehp: PCI Express Hot Plug Controller Driver version: 0.4
[    0.934021] ACPI: AC Adapter [AC] (on-line)
[    0.934948] input: Power Button as /devices/LNXSYSTM:00/LNXPWRBN:00/input/input0
[    0.936534] ACPI: Power Button [PWRF]
[    0.937425] input: Sleep Button as /devices/LNXSYSTM:00/LNXSLPBN:00/input/input1
[    0.939052] ACPI: Sleep Button [SLPF]
[    0.940124] GHES: HEST is not enabled!
[    0.941275] Serial: 8250/16550 driver, 32 ports, IRQ sharing enabled
[    0.963049] 00:02: ttyS0 at I/O 0x3f8 (irq = 4, base_baud = 115200) is a 16550A
[    0.966769] Linux agpgart interface v0.103
[    0.971555] loop: module loaded
[    0.972805] scsi host0: ata_piix
[    0.973718] scsi host1: ata_piix
[    0.974697] ata1: PATA max UDMA/33 cmd 0x1f0 ctl 0x3f6 bmdma 0xd000 irq 14
[    0.975976] ata2: PATA max UDMA/33 cmd 0x170 ctl 0x376 bmdma 0xd008 irq 15
[    0.977887] libphy: Fixed MDIO Bus: probed
[    0.978828] tun: Universal TUN/TAP device driver, 1.6
[    0.979847] tun: (C) 1999-2004 Max Krasnyansky <maxk@qualcomm.com>
[    0.981101] PPP generic driver version 2.4.2
[    0.982136] ehci_hcd: USB 2.0 'Enhanced' Host Controller (EHCI) Driver
[    0.983386] ehci-pci: EHCI PCI platform driver
[    0.984328] ehci-platform: EHCI generic platform driver
[    0.985376] ohci_hcd: USB 1.1 'Open' Host Controller (OHCI) Driver
[    0.986595] ohci-pci: OHCI PCI platform driver
[    0.987536] ohci-platform: OHCI generic platform driver
[    0.988588] uhci_hcd: USB Universal Host Controller Interface driver
[    0.989845] i8042: PNP: PS/2 Controller [PNP0303:PS2K,PNP0f03:PS2M] at 0x60,0x64 irq 1,12
[    0.992253] serio: i8042 KBD port at 0x60,0x64 irq 1
[    0.993256] serio: i8042 AUX port at 0x60,0x64 irq 12
[    0.994470] mousedev: PS/2 mouse device common for all mice
[    0.995874] input: AT Translated Set 2 keyboard as /devices/platform/i8042/serio0/input/input2
[    0.998063] rtc_cmos rtc_cmos: rtc core: registered rtc_cmos as rtc0
[    0.999334] rtc_cmos rtc_cmos: alarms up to one day, 114 bytes nvram
[    1.000538] i2c /dev entries driver
[    1.001379] device-mapper: uevent: version 1.0.3
[    1.002440] device-mapper: ioctl: 4.34.0-ioctl (2015-10-28) initialised: dm-devel@redhat.com
[    1.004191] ledtrig-cpu: registered to indicate activity on CPUs
[    1.005752] NET: Registered protocol family 10
[    1.006884] NET: Registered protocol family 17
[    1.008005] Key type dns_resolver registered
[    1.009273] registered taskstats version 1
[    1.010190] Loading compiled-in X.509 certificates
[    1.011584] Loaded X.509 cert 'Build time autogenerated kernel key: d37465c24ef3fae6c7088e8c56d8ac7755b77486'
[    1.013535] zswap: loaded using pool lzo/zbud
[    1.015821] Key type trusted registered
[    1.018866] Key type encrypted registered
[    1.019739] AppArmor: AppArmor sha1 policy hashing enabled
[    1.020817] ima: No TPM chip found, activating TPM-bypass!
[    1.021909] ima: Allocated hash algorithm: sha1
[    1.022851] evm: HMAC attrs: 0x1
[    1.024100]   Magic number: 5:229:876
[    1.024987] rtc_cmos rtc_cmos: setting system clock to 2021-01-29 07:52:31 UTC (1611906751)
[    1.026843] BIOS EDD facility v0.16 2004-Jun-25, 0 devices found
[    1.027991] EDD information not available.
[    1.157557] Freeing unused kernel memory: 1492K
[    1.158575] Write protecting the kernel read-only data: 14336k
[    1.160121] Freeing unused kernel memory: 1588K
[    1.161242] Freeing unused kernel memory: 52K
Loading, please wait...
starting version 229
[    1.172082] random: systemd-udevd: uninitialized urandom read (16 bytes read, 3 bits of entropy available)
[    1.172632] random: udevadm: uninitialized urandom read (16 bytes read, 3 bits of entropy available)
[    1.172646] random: udevadm: uninitialized urandom read (16 bytes read, 3 bits of entropy available)
[    1.177952] random: systemd-udevd: uninitialized urandom read (16 bytes read, 3 bits of entropy available)
[    1.179586] random: udevadm: uninitialized urandom read (16 bytes read, 3 bits of entropy available)
[    1.179639] random: udevadm: uninitialized urandom read (16 bytes read, 3 bits of entropy available)
[    1.179765] random: udevadm: uninitialized urandom read (16 bytes read, 3 bits of entropy available)
[    1.179807] random: udevadm: uninitialized urandom read (16 bytes read, 3 bits of entropy available)
[    1.179850] random: udevadm: uninitialized urandom read (16 bytes read, 3 bits of entropy available)
[    1.179892] random: udevadm: uninitialized urandom read (16 bytes read, 3 bits of entropy available)
[    1.213726] e1000: Intel(R) PRO/1000 Network Driver - version 7.3.21-k8-NAPI
[    1.215127] e1000: Copyright (c) 1999-2006 Intel Corporation.
[    1.217146] Fusion MPT base driver 3.04.20
[    1.218137] Copyright (c) 1999-2008 LSI Corporation
[    1.226082] Fusion MPT SPI Host driver 3.04.20
[    1.231092] AVX2 version of gcm_enc/dec engaged.
[    1.232295] AES CTR mode by8 optimization enabled
[    1.441573] input: ImExPS/2 Generic Explorer Mouse as /devices/platform/i8042/serio1/input/input4
[    1.618138] e1000 0000:00:03.0 eth0: (PCI:33MHz:32-bit) 02:95:c5:cf:8a:88
[    1.619486] e1000 0000:00:03.0 eth0: Intel(R) PRO/1000 Network Connection
[    2.021986] e1000 0000:00:08.0 eth1: (PCI:33MHz:32-bit) 08:00:27:95:eb:24
[    2.023261] e1000 0000:00:08.0 eth1: Intel(R) PRO/1000 Network Connection
[    2.025342] mptbase: ioc0: Initiating bringup
[    2.027228] e1000 0000:00:03.0 enp0s3: renamed from eth0
[    2.037621] e1000 0000:00:08.0 enp0s8: renamed from eth1
[    2.434292] ioc0: LSI53C1030 A0: Capabilities={Initiator}
[    4.404661] scsi host2: ioc0: LSI53C1030 A0, FwRev=00000000h, Ports=1, MaxQ=256, IRQ=20
[    6.034375] scsi 2:0:0:0: Direct-Access     VBOX     HARDDISK         1.0  PQ: 0 ANSI: 5
[    6.036126] scsi target2:0:0: Beginning Domain Validation
[    6.038054] scsi target2:0:0: Domain Validation skipping write tests
[    6.039591] scsi target2:0:0: Ending Domain Validation
[    6.040926] scsi target2:0:0: asynchronous
[    6.042485] scsi 2:0:1:0: Direct-Access     VBOX     HARDDISK         1.0  PQ: 0 ANSI: 5
[    6.055826] scsi target2:0:1: Beginning Domain Validation
[    6.058007] scsi target2:0:1: Domain Validation skipping write tests
[    6.059208] scsi target2:0:1: Ending Domain Validation
[    6.060323] scsi target2:0:1: asynchronous
[    6.066350] sd 2:0:0:0: [sda] 20971520 512-byte logical blocks: (10.7 GB/10.0 GiB)
[    6.066510] sd 2:0:0:0: Attached scsi generic sg0 type 0
[    6.066866] sd 2:0:1:0: Attached scsi generic sg1 type 0
[    6.067062] sd 2:0:1:0: [sdb] 20480 512-byte logical blocks: (10.5 MB/10.0 MiB)
[    6.067208] sd 2:0:1:0: [sdb] Write Protect is off
[    6.067296] sd 2:0:1:0: [sdb] Incomplete mode parameter data
[    6.067297] sd 2:0:1:0: [sdb] Assuming drive cache: write through
[    6.075667] sd 2:0:1:0: [sdb] Attached SCSI disk
[    6.075676] sd 2:0:0:0: [sda] Write Protect is off
[    6.077693] sd 2:0:0:0: [sda] Incomplete mode parameter data
[    6.078799] sd 2:0:0:0: [sda] Assuming drive cache: write through
[    6.081182]  sda: sda1
[    6.082497] sd 2:0:0:0: [sda] Attached SCSI disk
Begin: Loading essential drivers ... [    7.518821] md: linear personality registered for level -1
[    7.522781] md: multipath personality registered for level -4
[    7.526036] md: raid0 personality registered for level 0
[    7.530225] md: raid1 personality registered for level 1
[    7.601432] raid6: sse2x1   gen() 12866 MB/s
[    7.670713] raid6: sse2x1   xor() 10231 MB/s
[    7.738077] raid6: sse2x2   gen() 16657 MB/s
[    7.805430] raid6: sse2x2   xor() 11246 MB/s
[    7.873726] raid6: sse2x4   gen() 18889 MB/s
[    7.942060] raid6: sse2x4   xor() 13102 MB/s
[    8.010361] raid6: avx2x1   gen() 24916 MB/s
[    8.077712] raid6: avx2x2   gen() 31170 MB/s
[    8.146037] raid6: avx2x4   gen() 34357 MB/s
[    8.146983] raid6: using algorithm avx2x4 gen() 34357 MB/s
[    8.148081] raid6: using avx2x2 recovery algorithm
[    8.150143] xor: automatically using best checksumming function:
[    8.189462]    avx       : 27139.000 MB/sec
[    8.191326] async_tx: api initialized (async)
[    8.200876] md: raid6 personality registered for level 6
[    8.201993] md: raid5 personality registered for level 5
[    8.206192] md: raid4 personality registered for level 4
[    8.212436] md: raid10 personality registered for level 10
done.
Begin: Running /scripts/init-premount ... done.
Begin: Mounting root file system ... Begin: Running /scripts/local-top ... done.
Begin: Running /scripts/local-premount ... [    8.238897] Btrfs loaded
Scanning for Btrfs filesystems
done.
Warning: fsck not present, so skipping root file system
[    8.280874] EXT4-fs (sda1): mounted filesystem with ordered data mode. Opts: (null)
done.
Begin: Running /scripts/local-bottom ... done.
Begin: Running /scripts/init-bottom ... done.
[    8.608003] systemd[1]: systemd 229 running in system mode. (+PAM +AUDIT +SELINUX +IMA +APPARMOR +SMACK +SYSVINIT +UTMP +LIBCRYPTSETUP +GCRYPT +GNUTLS +ACL +XZ -LZ4 +SECCOMP +BLKID +ELFUTILS +KMOD -IDN)
[    8.611592] systemd[1]: Detected virtualization oracle.
[    8.612650] systemd[1]: Detected architecture x86-64.

Welcome to [1mUbuntu 16.04.7 LTS[0m!

[    8.814659] systemd[1]: Set hostname to <ubuntu>.
[    8.840074] systemd[1]: Initializing machine ID from random generator.
[    8.841364] systemd[1]: Installed transient /etc/machine-id file.
[    9.074575] random: nonblocking pool is initialized
[    9.160439] systemd[1]: Started Forward Password Requests to Wall Directory Watch.
[[0;32m  OK  [0m] Started Forward Password Requests to Wall Directory Watch.
[    9.173996] systemd[1]: Listening on Journal Socket (/dev/log).
[[0;32m  OK  [0m] Listening on Journal Socket (/dev/log).
[    9.175963] systemd[1]: Reached target System Time Synchronized.
[[0;32m  OK  [0m] Reached target System Time Synchronized.
[    9.178112] systemd[1]: Reached target Swap.
[[0;32m  OK  [0m] Reached target Swap.
[    9.179850] systemd[1]: Listening on udev Control Socket.
[[0;32m  OK  [0m] Listening on udev Control Socket.
[    9.181854] systemd[1]: Listening on /dev/initctl Compatibility Named Pipe.
[[0;32m  OK  [0m] Listening on /dev/initctl Compatibility Named Pipe.
[    9.184456] systemd[1]: Created slice System Slice.
[[0;32m  OK  [0m] Created slice System Slice.
[    9.186413] systemd[1]: Listening on Journal Audit Socket.
[[0;32m  OK  [0m] Listening on Journal Audit Socket.
[    9.188458] systemd[1]: Listening on LVM2 metadata daemon socket.
[[0;32m  OK  [0m] Listening on LVM2 metadata daemon socket.
[    9.190651] systemd[1]: Listening on Device-mapper event daemon FIFOs.
[[0;32m  OK  [0m] Listening on Device-mapper event daemon FIFOs.
[    9.192936] systemd[1]: Started Trigger resolvconf update for networkd DNS.
[[0;32m  OK  [0m] Started Trigger resolvconf update for networkd DNS.
[    9.195560] systemd[1]: Created slice User and Session Slice.
[[0;32m  OK  [0m] Created slice User and Session Slice.
[    9.197655] systemd[1]: Reached target Slices.
[[0;32m  OK  [0m] Reached target Slices.
[    9.199452] systemd[1]: Listening on Syslog Socket.
[[0;32m  OK  [0m] Listening on Syslog Socket.
[    9.201587] systemd[1]: Set up automount Arbitrary Executable File Formats File System Automount Point.
[[0;32m  OK  [0m] Set up automount Arbitrary Executab...ats File System Automount Point.
[    9.204882] systemd[1]: Listening on udev Kernel Socket.
[[0;32m  OK  [0m] Listening on udev Kernel Socket.
[    9.207103] systemd[1]: Listening on Journal Socket.
[[0;32m  OK  [0m] Listening on Journal Socket.
[    9.221764] systemd[1]: Starting Create list of required static device nodes for the current kernel...
         Starting Create list of required st... nodes for the current kernel...
[    9.225548] systemd[1]: Mounting Debug File System...
         Mounting Debug File System...
[    9.227854] systemd[1]: Starting Uncomplicated firewall...
         Starting Uncomplicated firewall...
[    9.230299] systemd[1]: Starting Set console keymap...
         Starting Set console keymap...
[    9.232669] systemd[1]: Starting Remount Root and Kernel File Systems...
         Starting Remount Root and Kernel File Systems...
[    9.246624] systemd[1]: Starting Load Kernel Modules...
         Starting Load Kernel Modules...
[    9.248966] systemd[1]: Starting Journal Service...
         Starting Journal Service...
[    9.251292] systemd[1]: Mounting POSIX Message Queue File System...
         Mounting POSIX Message Queue File System...
[    9.253339] systemd[1]: Listening on LVM2 poll daemon socket.
[[0;32m  OK  [0m] Listening on LVM2 poll daemon socket.
[    9.255667] systemd[1]: Created slice system-serial\x2dgetty.slice.
[[0;32m  OK  [0m] Created slice system-serial\x2dgetty.slice.
[    9.259493] systemd[1]: Mounting Huge Pages File System...
[    9.260548] EXT4-fs (sda1): re-mounted. Opts: (null)
         Mounting Huge Pages File System...
[    9.270253] systemd[1]: Starting Nameserver information manager...
         Starting Nameserver information manager...
[    9.273070] systemd[1]: Starting Monitoring of LVM2 mirrors, snapshots etc. using dmeventd or progress polling...
         Starting Monitoring of LVM2 mirrors... dmeventd or progress polling...
[    9.276044] systemd[1]: Reached target Encrypted Volumes.
[[0;32m  OK  [0m] Reached target Encrypted Volumes.
[    9.278138] systemd[1]: Reached target User and Group Name Lookups.
[[0;32m  OK  [0m] Reached target User and Group Name Lookups.
[    9.281698] systemd[1]: Mounted Debug File System.
[[0;32m  OK  [0m] Mounted Debug File System.
[    9.283679] systemd[1]: Mounted Huge Pages File System.
[[0;32m  OK  [0m] Mounted Huge Pages File System.
[    9.285608] systemd[1]: Mounted POSIX Message Queue File System.
[[0;32m  OK  [0m] Mounted POSIX Message Queue File System.
[    9.288067] systemd[1]: Started Create list of required static device nodes for the current kernel.
[[0;32m  OK  [0m] Started Create list of required sta...ce nodes for the current kernel.
[    9.291632] systemd[1]: Started Uncomplicated firewall.
[[0;32m  OK  [0m] Started Uncomplicated firewall.
[    9.294028] systemd[1]: Started Remount Root and Kernel File Systems.
[[0;32m  OK  [0m] Started Remount Root and Kernel File Systems.
[    9.305873] systemd[1]: Starting udev Coldplug all Devices...
         Starting udev Coldplug all Devices...
[    9.308256] systemd[1]: Starting Load/Save Random Seed...
         Starting Load/Save Random Seed...
[    9.311103] systemd[1]: Starting Create Static Device Nodes in /dev...
         Starting Create Static Device Nodes in /dev...
[    9.313528] systemd[1]: Started Nameserver information manager.
[[0;32m  OK  [0m] Started Nameserver information manager.
[    9.325639] Loading iSCSI transport class v2.0-870.
[    9.338333] systemd[1]: Started Load/Save Random Seed.
[[0;32m  OK  [0m] Started Load/Save Random Seed.
[    9.357194] iscsi: registered transport (tcp)
[    9.397929] systemd[1]: Started Journal Service.
[[0;32m  OK  [0m] Started Journal Service.
         Starting Flush Journal to Persistent Storage...
[[0;32m  OK  [0m] Started Set console keymap.
[[0;32m  OK  [0m] Started LVM2 metadata daemon.
[[0;32m  OK  [0m] Started udev Coldplug all Devices.
[    9.464626] systemd-journald[388]: Received request to flush runtime journal from PID 1
[[0;32m  OK  [0m] Started Flush Journal to Persistent Storage.
[    9.480029] iscsi: registered transport (iser)
[[0;32m  OK  [0m] Started Load Kernel Modules.
         Starting Apply Kernel Variables...
         Mounting FUSE Control File System...
[[0;32m  OK  [0m] Mounted FUSE Control File System.
[[0;32m  OK  [0m] Started Create Static Device Nodes in /dev.
[[0;32m  OK  [0m] Started Apply Kernel Variables.
         Starting udev Kernel Device Manager...
[[0;32m  OK  [0m] Started Monitoring of LVM2 mirrors,...ng dmeventd or progress polling.
[[0;32m  OK  [0m] Reached target Local File Systems (Pre).
[[0;32m  OK  [0m] Reached target Local File Systems.
         Starting Create Volatile Files and Directories...
         Starting Initial cloud-init job (pre-networking)...
         Starting Set console font and keymap...
         Starting LSB: AppArmor initialization...
         Starting Commit a transient machine-id on disk...
         Starting Tell Plymouth To Write Out Runtime Data...
[[0;32m  OK  [0m] Started Create Volatile Files and Directories.
         Starting Update UTMP about System Boot/Shutdown...
[[0;32m  OK  [0m] Started Update UTMP about System Boot/Shutdown.
[[0;32m  OK  [0m] Started Tell Plymouth To Write Out Runtime Data.
[[0;32m  OK  [0m] Started Commit a transient machine-id on disk.
[[0;32m  OK  [0m] Started udev Kernel Device Manager.
[[0;32m  OK  [0m] Started Dispatch Password Requests to Console Directory Watch.
[[0;32m  OK  [0m] Found device /dev/ttyS0.
[[0;32m  OK  [0m] Listening on Load/Save RF Kill Switch Status /dev/rfkill Watch.
[[0;32m  OK  [0m] Started Set console font and keymap.
[[0;32m  OK  [0m] Created slice system-getty.slice.
[[0;32m  OK  [0m] Started LSB: AppArmor initialization.
         Starting Load AppArmor profiles managed internally by snapd...
[[0;32m  OK  [0m] Started Load AppArmor profiles managed internally by snapd.
[   11.924889] cloud-init[472]: Cloud-init v. 20.4.1-0ubuntu1~16.04.1 running 'init-local' at Fri, 29 Jan 2021 07:52:42 +0000. Up 11.51 seconds.
[[0;32m  OK  [0m] Started Initial cloud-init job (pre-networking).
[[0;32m  OK  [0m] Reached target Network (Pre).
         Starting Raise network interfaces...
[[0;32m  OK  [0m] Started Raise network interfaces.
[[0;32m  OK  [0m] Reached target Network.
         Starting Initial cloud-init job (metadata service crawler)...
[   13.596529] cloud-init[958]: Cloud-init v. 20.4.1-0ubuntu1~16.04.1 running 'init' at Fri, 29 Jan 2021 07:52:43 +0000. Up 12.66 seconds.
[   13.598265] cloud-init[958]: ci-info: ++++++++++++++++++++++++++++++++++++++Net device info+++++++++++++++++++++++++++++++++++++++
[   13.600683] cloud-init[958]: ci-info: +--------+-------+----------------------------+---------------+--------+-------------------+
[   13.602285] cloud-init[958]: ci-info: | Device |   Up  |          Address           |      Mask     | Scope  |     Hw-Address    |
[   13.603908] cloud-init[958]: ci-info: +--------+-------+----------------------------+---------------+--------+-------------------+
[   13.605529] cloud-init[958]: ci-info: | enp0s3 |  True |         10.0.2.15          | 255.255.255.0 | global | 02:95:c5:cf:8a:88 |
[   13.607096] cloud-init[958]: ci-info: | enp0s3 |  True | fe80::95:c5ff:fecf:8a88/64 |       .       |  link  | 02:95:c5:cf:8a:88 |
[   13.608653] cloud-init[958]: ci-info: | enp0s8 | False |             .              |       .       |   .    | 08:00:27:95:eb:24 |
[   13.610215] cloud-init[958]: ci-info: |   lo   |  True |         127.0.0.1          |   255.0.0.0   |  host  |         .         |
[   13.611856] cloud-init[958]: ci-info: |   lo   |  True |          ::1/128           |       .       |  host  |         .         |
[   13.613574] cloud-init[958]: ci-info: +--------+-------+----------------------------+---------------+--------+-------------------+
[   13.615242] cloud-init[958]: ci-info: +++++++++++++++++++++++++++Route IPv4 info++++++++++++++++++++++++++++
[   13.616837] cloud-init[958]: ci-info: +-------+-------------+----------+---------------+-----------+-------+
[   13.618327] cloud-init[958]: ci-info: | Route | Destination | Gateway  |    Genmask    | Interface | Flags |
[   13.619795] cloud-init[958]: ci-info: +-------+-------------+----------+---------------+-----------+-------+
[   13.621231] cloud-init[958]: ci-info: |   0   |   0.0.0.0   | 10.0.2.2 |    0.0.0.0    |   enp0s3  |   UG  |
[   13.623517] cloud-init[958]: ci-info: |   1   |   10.0.2.0  | 0.0.0.0  | 255.255.255.0 |   enp0s3  |   U   |
[   13.624922] cloud-init[958]: ci-info: +-------+-------------+----------+---------------+-----------+-------+
[   13.626339] cloud-init[958]: ci-info: +++++++++++++++++++Route IPv6 info+++++++++++++++++++
[   13.627561] cloud-init[958]: ci-info: +-------+-------------+---------+-----------+-------+
[   13.629259] cloud-init[958]: ci-info: | Route | Destination | Gateway | Interface | Flags |
[   13.630429] cloud-init[958]: ci-info: +-------+-------------+---------+-----------+-------+
[   13.631636] cloud-init[958]: ci-info: |   0   |  fe80::/64  |    ::   |   enp0s3  |   U   |
[   13.632891] cloud-init[958]: ci-info: |   3   |   ff00::/8  |    ::   |   enp0s3  |   U   |
[   13.634107] cloud-init[958]: ci-info: +-------+-------------+---------+-----------+-------+
[   13.635319] cloud-init[958]: Generating public/private rsa key pair.
[   13.636884] cloud-init[958]: Your identification has been saved in /etc/ssh/ssh_host_rsa_key.
[   13.639121] cloud-init[958]: Your public key has been saved in /etc/ssh/ssh_host_rsa_key.pub.
[   13.640600] cloud-init[958]: The key fingerprint is:
[   13.641528] cloud-init[958]: SHA256:Qi4SeYuMZAdpN9foaN4l2USMjgxIRdbLG1TVKFFhuVo root@ubuntu-xenial
[   13.642953] cloud-init[958]: The key's randomart image is:
[   13.644062] cloud-init[958]: +---[RSA 2048]----+
[   13.645086] cloud-init[958]: |oo++. B++==      |
[   13.646076] cloud-init[958]: |.+o+ * =.o .     |
[   13.647045] cloud-init[958]: |.o*.@ * . .      |
[   13.648777] cloud-init[958]: |oo.O % o E       |
[   13.656596] cloud-init[958]: |. * + B S        |
[   13.664397] cloud-init[958]: |   o + o         |
[[0;32m  OK  [0m] Started Initial cloud-init job (metadata service crawler).[   13.674454] cloud-init[958]: |                 |
[   13.675188] cloud-init[958]: |                 |
[   13.675918] cloud-init[958]: |                 |
[   13.676652] cloud-init[958]: +----[SHA256]-----+
[   13.678484] cloud-init[958]: Generating public/private dsa key pair.
[   13.679422] cloud-init[958]: 
[[0;32m  OK  [0m] Reached target Cloud-config availability.
[[0;32m  OK  [0m] Reached target System Initialization.
[[0;32m  OK  [0m] Listening on ACPID Listen Socket.
         Your identification has been saved in /etc/ssh/ssh_host_dsa_key.
[   13.685530] cloud-init[958]: Your public key has been saved in /etc/ssh/ssh_host_dsa_key.pub.
[   13.685999] cloud-init[958]: The key fingerprint is:
[   13.686258] cloud-init[958]: SHA256:GgRx8F5VdtZkjXLNCtb4uKiWgsEGGA2JOEVc6XA/FGQ root@ubuntu-xenial
[   13.686542] cloud-init[958]: The key's randomart image is:
[   13.686866] cloud-init[958]: +---[DSA 1024]----+
[   13.687133] cloud-init[958]: |+Bo.==E.  ..ooo*+|
[   13.687411] cloud-init[958]: |* + o=.  . .=o+.=|
[   13.687864] cloud-init[958]: | + + oo .  . * . |
[   13.688405] cloud-init[958]: |. . .oo.    . o  |
[   13.688810] cloud-init[958]: |   o  o.S  . .   |
[   13.689075] cloud-init[958]: |    +  o  . .    |
[   13.689341] cloud-init[958]: |   . o.  o       |
[   13.689752] cloud-init[958]: |    . . +        |
[   13.690018] cloud-init[958]: |       o         |
[   13.690282] cloud-init[958]: +----[SHA256]-----+
[   13.690785] cloud-init[958]: Generating public/private ecdsa key pair.
[   13.691044] cloud-init[958]: Your identification has been saved in /etc/ssh/ssh_host_ecdsa_key.
[   13.691310] cloud-init[958]: Your public key has been saved in /etc/ssh/ssh_host_ecdsa_key.pub.
[   13.691722] cloud-init[958]: The key fingerprint is:
[   13.691983] cloud-init[958]: SHA256:7/s9xMLJBnkue7l3sk+AOM8cGagvv/r1vuUX+9rL5aA root@ubuntu-xenial
[   13.692411] cloud-init[958]: The key's randomart image is:
[   13.692795] cloud-init[958]: +---[ECDSA 256]---+
[   13.693061] cloud-init[958]: |                 |
[   13.693330] cloud-init[958]: |           .     |
[   13.693910] cloud-init[958]: |          ...    |
[   13.694176] cloud-init[958]: |         .o..+   |
[   13.694579] cloud-init[958]: |        S o*+o.  |
[   13.694841] cloud-init[958]: |         o.=B.oo |
[   13.695110] cloud-init[958]: |        . o+=+. *|
[   13.695568] cloud-init[958]: |         +..o+=O+|
[   13.695828] cloud-init[958]: |        .o*=E+B@X|
[   13.696246] cloud-init[958]: +----[SHA256]-----+
[   13.696718] cloud-init[958]: Generating public/private ed25519 key pair.
[   13.696983] cloud-init[958]: Your identification has been saved in /etc/ssh/ssh_host_ed25519_key.
[   13.697267] cloud-init[958]: Your public key has been saved in /etc/ssh/ssh_host_ed25519_key.pub.
[   13.697522] cloud-init[958]: The key fingerprint is:
[   13.697788] cloud-init[958]: SHA256:41fu1XEjZ4eKcC08HiGyWjFdNF0se6EKD5b9wxo+2Mo root@ubuntu-xenial
[   13.698063] cloud-init[958]: The key's randomart image is:
[   13.698941] cloud-init[958]: +--[ED25519 256]--+
[   13.699192] cloud-init[958]: |         .+. o.  |
[   13.699599] cloud-init[958]: |       . . .o o  |
[   13.699881] cloud-init[958]: |      + oo.  + . |
[   13.700712] cloud-init[958]: |       ==o.oo .. |
[   13.700963] cloud-init[958]: |      o.S+*+oo.=o|
[   13.701379] cloud-init[958]: |     o . =+B+.+.=|
[   13.701639] cloud-init[958]: |    .   .++oo.. .|
[   13.701907] cloud-init[958]: |       ...=. .   |
[   13.702537] cloud-init[958]: |        E. ..    |
[   13.702800] cloud-init[958]: +----[SHA256]-----+
Starting Socket activation for snappy daemon.
[[0;32m  OK  [0m] Started Daily Cleanup of Temporary Directories.
[[0;32m  OK  [0m] Started Message of the Day.
[[0;32m  OK  [0m] Started Daily apt download activities.
[[0;32m  OK  [0m] Started Daily apt upgrade and clean activities.
[[0;32m  OK  [0m] Reached target Timers.
[[0;32m  OK  [0m] Listening on D-Bus System Message Bus Socket.
[[0;32m  OK  [0m] Started ACPI Events Check.
[[0;32m  OK  [0m] Reached target Paths.
[[0;32m  OK  [0m] Listening on UUID daemon activation socket.
         Starting LXD - unix socket.
[[0;32m  OK  [0m] Reached target Network is Online.
         Starting iSCSI initiator daemon (iscsid)...
[[0;32m  OK  [0m] Listening on Socket activation for snappy daemon.
[[0;32m  OK  [0m] Listening on LXD - unix socket.
[[0;32m  OK  [0m] Reached target Sockets.
[[0;32m  OK  [0m] Reached target Basic System.
[[0;32m  OK  [0m] Started Regular background program processing daemon.
         Starting Login Service...
[[0;32m  OK  [0m] Started D-Bus System Message Bus.
         Starting LSB: Record successful boot for GRUB...
         Starting LXD - container startup/shutdown...
         Starting LSB: MD monitoring daemon...
[[0;32m  OK  [0m] Started Deferred execution scheduler.
         Starting Virtualbox guest utils...
         Starting System Logging Service...
[[0;32m  OK  [0m] Started ACPI event daemon.
         Starting Accounts Service...
         Starting /etc/rc.local Compatibility...
         Starting Pollinate to seed the pseudo random number generator...
[[0;32m  OK  [0m] Started FUSE filesystem for LXC.
         Starting Snap Daemon...
[[0;32m  OK  [0m] Started /etc/rc.local Compatibility.
[[0;32m  OK  [0m] Started Login Service.
[[0;32m  OK  [0m] Started Unattended Upgrades Shutdown.
[[0;32m  OK  [0m] Started iSCSI initiator daemon (iscsid).
         Starting Login to default iSCSI targets...
[[0;32m  OK  [0m] Started LSB: Record successful boot for GRUB.
[[0;32m  OK  [0m] Started Login to default iSCSI targets.
[[0;32m  OK  [0m] Reached target Remote File Systems (Pre).
[[0;32m  OK  [0m] Reached target Remote File Systems.
         Starting LSB: Set the CPU Frequency Scaling governor to "ondemand"...
         Starting LSB: automatic crash report generation...
         Starting LSB: daemon to balance interrupts for SMP systems...
         Starting Permit User Sessions...
[[0;32m  OK  [0m] Started System Logging Service.
[[0;32m  OK  [0m] Started LSB: Set the CPU Frequency Scaling governor to "ondemand".
[[0;32m  OK  [0m] Started Permit User Sessions.
         Starting Terminate Plymouth Boot Screen...
         Starting Hold until boot process finishes up...
[[0;32m  OK  [0m] Started LSB: MD monitoring daemon.
[[0;32m  OK  [0m] Started Hold until boot process finishes up.
[[0;32m  OK  [0m] Started Getty on tty1.
         Starting Set console scheme...
[[0;32m  OK  [0m] Started Serial Getty on ttyS0.
[[0;32m  OK  [0m] Reached target Login Prompts.
[[0;32m  OK  [0m] Started Terminate Plymouth Boot Screen.
[[0;32m  OK  [0m] Started LSB: automatic crash report generation.
[[0;32m  OK  [0m] Started LSB: daemon to balance interrupts for SMP systems.
[[0;32m  OK  [0m] Started Set console scheme.
         Starting Authenticate and Authorize Users to Run Privileged Tasks...
[[0;32m  OK  [0m] Started Virtualbox guest utils.
[[0;32m  OK  [0m] Started Authenticate and Authorize Users to Run Privileged Tasks.
[[0;32m  OK  [0m] Started Accounts Service.
[[0;32m  OK  [0m] Started LXD - container startup/shutdown.
[[0;32m  OK  [0m] Started Snap Daemon.
         Starting Wait until snapd is fully seeded...
[[0;32m  OK  [0m] Started Pollinate to seed the pseudo random number generator.
         Starting OpenBSD Secure Shell server...
[[0;32m  OK  [0m] Started OpenBSD Secure Shell server.
[[0;32m  OK  [0m] Created slice User Slice of vagrant.
         Starting User Manager for UID 1000...
[[0;32m  OK  [0m] Started Session 1 of user vagrant.
[[0;32m  OK  [0m] Started User Manager for UID 1000.

Ubuntu 16.04.7 LTS ubuntu-xenial ttyS0

ubuntu-xenial login: [   20.618555] cloud-init[1518]: Generating locales (this might take a while)...
[   21.626766] cloud-init[1518]:   en_US.UTF-8... done
[   21.628055] cloud-init[1518]: Generation complete.
[   22.298457] cloud-init[1518]: Cloud-init v. 20.4.1-0ubuntu1~16.04.1 running 'modules:config' at Fri, 29 Jan 2021 07:52:51 +0000. Up 20.38 seconds.
ci-info: no authorized SSH keys fingerprints found for user ubuntu.
<14>Jan 29 07:52:53 ec2: 
<14>Jan 29 07:52:53 ec2: #############################################################
<14>Jan 29 07:52:53 ec2: -----BEGIN SSH HOST KEY FINGERPRINTS-----
<14>Jan 29 07:52:53 ec2: 1024 SHA256:GgRx8F5VdtZkjXLNCtb4uKiWgsEGGA2JOEVc6XA/FGQ root@ubuntu-xenial (DSA)
<14>Jan 29 07:52:53 ec2: 256 SHA256:7/s9xMLJBnkue7l3sk+AOM8cGagvv/r1vuUX+9rL5aA root@ubuntu-xenial (ECDSA)
<14>Jan 29 07:52:53 ec2: 256 SHA256:41fu1XEjZ4eKcC08HiGyWjFdNF0se6EKD5b9wxo+2Mo root@ubuntu-xenial (ED25519)
<14>Jan 29 07:52:53 ec2: 2048 SHA256:Qi4SeYuMZAdpN9foaN4l2USMjgxIRdbLG1TVKFFhuVo root@ubuntu-xenial (RSA)
<14>Jan 29 07:52:53 ec2: -----END SSH HOST KEY FINGERPRINTS-----
<14>Jan 29 07:52:53 ec2: #############################################################
-----BEGIN SSH HOST KEY KEYS-----
ecdsa-sha2-nistp256 AAAAE2VjZHNhLXNoYTItbmlzdHAyNTYAAAAIbmlzdHAyNTYAAABBBIVDWXdPfejM9yJb2Rzg9PsQf91K3YAMl7sR+eTa3CWCbgGYIbUYnYlaAcaj7fkCVh93vjRDZsjJtP9DZC/Bi4U= root@ubuntu-xenial
ssh-ed25519 AAAAC3NzaC1lZDI1NTE5AAAAIG/WNbn4dYxJbgbRMhgAVKdDHm0tYnS4mUZvt9ER8wTI root@ubuntu-xenial
ssh-rsa AAAAB3NzaC1yc2EAAAADAQABAAABAQDQoOOP2NK1YxFuKcynW7kh5i2TAB4XPa19swKQ6X4DagT7pxNveOUoxYcapf7lyyBKH67zgTuO7U/Sj0dIrxtyXmcazcGzpwZEknJacRNyYgCR7A2SoRU88/uZ+WT7RWFWnpr+W4nGEvxyq8skpsDF6hlmaRu7f/KF+oHzb88MMmb7Hmqa367NrVYFA1wy9Nm7x6phAmQWwSYiEtFJQY2XZb0n2rQFy1aNUUIhg9e8FywBV37STy5zvn6MojlFj2BSILUtOFlyqG6OdlnoUct1gvvAoQTUtn4rjDVqq4JnYOKyxg/jYqSzNiNIS90OjfsmYzjdPR+0B+m0bN2HDY+z root@ubuntu-xenial
-----END SSH HOST KEY KEYS-----
[   22.913480] cloud-init[1688]: Cloud-init v. 20.4.1-0ubuntu1~16.04.1 running 'modules:final' at Fri, 29 Jan 2021 07:52:53 +0000. Up 22.70 seconds.
[   22.915650] cloud-init[1688]: ci-info: no authorized SSH keys fingerprints found for user ubuntu.
[   22.917816] cloud-init[1688]: Cloud-init v. 20.4.1-0ubuntu1~16.04.1 finished at Fri, 29 Jan 2021 07:52:53 +0000. Datasource DataSourceNoCloud [seed=/dev/sdb][dsmode=net].  Up 22.89 seconds
